V/AlarmManager(  922): sending alarm Alarm{431cdbe0 type 2 com.motorola.ccc.cce}
D/WifiService(  922): acquireWifiLockLocked: WifiLock{NlpWifiLock type=2 binder=android.os.BinderProxy@42a86600}
D/WifiService(  922): acquireWifiLockLocked: WifiLock{NlpWifiLock type=2 binder=android.os.BinderProxy@42a63f18}
D/WifiService(  922): releaseWifiLockLocked: WifiLock{NlpWifiLock type=2 binder=android.os.BinderProxy@42a63f18}
D/WifiService(  922): acquireWifiLockLocked: WifiLock{NlpWifiLock type=2 binder=android.os.BinderProxy@42a63f18}
W/ContextImpl(  922): Calling a method in the system process without a qualified user: android.app.ContextImpl.sendBroadcast:1280 com.android.server.location.GpsLocationProvider$MovementMonitor.broadcastSavings:2417 com.android.server.location.GpsLocationProvider$MovementMonitor.access$5700:2265 com.android.server.location.GpsLocationProvider$MovementMonitor$1.onEndMovement:2604 com.motorola.slpc.ModalityManager$MovementListenerTransport._handleMessage:1103 
D/WifiService(  922): releaseWifiLockLocked: WifiLock{NlpWifiLock type=2 binder=android.os.BinderProxy@42a63f18}
V/AlarmManager(  922): sending alarm Alarm{43210770 type 2 android}
V/AlarmManager(  922): sending alarm Alarm{434e7e80 type 2 android}
W/ContextImpl(  922): Calling a method in the system process without a qualified user: android.app.ContextImpl.sendBroadcast:1280 com.android.server.location.GpsLocationProvider$MovementMonitor.broadcastSavings:2417 com.android.server.location.GpsLocationProvider$MovementMonitor.updateSavings:2407 com.android.server.location.GpsLocationProvider.stopNavigating_Locked:1399 com.android.server.location.GpsLocationProvider.stopNavigating:1362 
D/WifiService(  922): releaseWifiLockLocked: WifiLock{NlpWifiLock type=2 binder=android.os.BinderProxy@42a86600}
V/AlarmManager(  922): sending alarm Alarm{42c02340 type 3 android}
V/AlarmManager(  922): sending alarm Alarm{42aa3220 type 3 android}
V/AlarmManager(  922): sending alarm Alarm{42a50288 type 3 android}
V/AlarmManager(  922): sending alarm Alarm{429c6c40 type 3 android}
V/AlarmManager(  922): sending alarm Alarm{4300d408 type 3 android}
V/AlarmManager(  922): sending alarm Alarm{42c00340 type 2 com.facebook.katana}
V/AlarmManager(  922): sending alarm Alarm{42bfe3b0 type 1 com.google.android.deskclock}
D/WifiService(  922): acquireWifiLockLocked: WifiLock{NlpWifiLock type=2 binder=android.os.BinderProxy@420998d0}
D/WifiService(  922): releaseWifiLockLocked: WifiLock{NlpWifiLock type=2 binder=android.os.BinderProxy@420998d0}
V/AlarmManager(  922): sending alarm Alarm{42fe20a0 type 2 com.google.android.gms}
V/AlarmManager(  922): sending alarm Alarm{42fe12a0 type 2 com.google.android.gms}
D/WifiService(  922): acquireWifiLockLocked: WifiLock{NlpWifiLock type=2 binder=android.os.BinderProxy@41ff3fc0}
D/ConnectivityService(  922): handleInetConditionHoldEnd: net=1, condition=100, published condition=100
D/WifiService(  922): releaseWifiLockLocked: WifiLock{NlpWifiLock type=2 binder=android.os.BinderProxy@41ff3fc0}
V/AlarmManager(  922): sending alarm Alarm{42cde3c0 type 3 android}
V/AlarmManager(  922): sending alarm Alarm{42fb42b8 type 3 android}
V/AlarmManager(  922): sending alarm Alarm{42d1eb98 type 3 android}
V/AlarmManager(  922): sending alarm Alarm{42cb46d0 type 3 android}
V/AlarmManager(  922): sending alarm Alarm{42cd4af0 type 2 android}
V/AlarmManager(  922): sending alarm Alarm{42cc7d70 type 2 android}
D/ConnectivityService(  922): Sampling interval elapsed, updating statistics ..
D/ConnectivityService(  922): Done.
D/ConnectivityService(  922): Setting timer for 720seconds
V/AlarmManager(  922): sending alarm Alarm{42047740 type 3 android}
V/AlarmManager(  922): sending alarm Alarm{42d381e8 type 2 com.google.android.gms}
D/WifiService(  922): acquireWifiLockLocked: WifiLock{NlpWifiLock type=2 binder=android.os.BinderProxy@41ff3fc0}
D/WifiService(  922): releaseWifiLockLocked: WifiLock{NlpWifiLock type=2 binder=android.os.BinderProxy@41ff3fc0}
V/AlarmManager(  922): sending alarm Alarm{42e361a8 type 3 android}
V/AlarmManager(  922): sending alarm Alarm{42e7d298 type 3 android}
V/AlarmManager(  922): sending alarm Alarm{431ce930 type 3 android}
V/AlarmManager(  922): sending alarm Alarm{4352cc18 type 3 android}
D/WifiP2pService(  922): InactiveState{ when=-1ms what=147461 target=com.android.internal.util.StateMachine$SmHandler }
D/WifiP2pService(  922): P2pEnabledState{ when=-1ms what=147461 target=com.android.internal.util.StateMachine$SmHandler }
D/WifiP2pService(  922): DefaultState{ when=-1ms what=147461 target=com.android.internal.util.StateMachine$SmHandler }
V/AlarmManager(  922): sending alarm Alarm{4344f910 type 3 android}
V/AlarmManager(  922): sending alarm Alarm{42e36280 type 2 com.google.android.gms}
V/AlarmManager(  922): sending alarm Alarm{42d73230 type 2 com.google.android.gms}
V/AlarmManager(  922): sending alarm Alarm{42d732e0 type 1 com.motorola.motocare}
V/AlarmManager(  922): sending alarm Alarm{42e4e4b0 type 0 com.google.android.gms}
D/WifiService(  922): acquireWifiLockLocked: WifiLock{NlpWifiLock type=2 binder=android.os.BinderProxy@41ff3fc0}
W/ContextImpl( 1388): Calling a method in the system process without a qualified user: android.app.ContextImpl.startService:1636 android.content.ContextWrapper.startService:494 android.content.ContextWrapper.startService:494 com.motorola.motocare.internal.batterystats.BatteryStatsAction.onReceive:33 android.app.ActivityThread.handleReceiver:2434 
D/ConnectivityService(  922): handleInetConditionHoldEnd: net=1, condition=100, published condition=100
D/WifiService(  922): releaseWifiLockLocked: WifiLock{NlpWifiLock type=2 binder=android.os.BinderProxy@41ff3fc0}
V/AlarmManager(  922): sending alarm Alarm{436e91a8 type 3 android}
V/AlarmManager(  922): sending alarm Alarm{433405c0 type 3 android}
V/AlarmManager(  922): sending alarm Alarm{433c2660 type 3 android}
V/AlarmManager(  922): sending alarm Alarm{4322b978 type 3 android}
V/AlarmManager(  922): sending alarm Alarm{42f34858 type 3 android}
V/AlarmManager(  922): sending alarm Alarm{436e9280 type 2 com.facebook.katana}
V/AlarmManager(  922): sending alarm Alarm{436e9358 type 0 com.motorola.contextual.fw}
V/AlarmManager(  922): sending alarm Alarm{436e93a8 type 1 com.google.android.deskclock}
E/ActivityThread( 1388): Failed to find provider info for com.motorola.blur.setupprovider
V/AlarmManager(  922): sending alarm Alarm{435b3ad8 type 2 com.google.android.gms}
V/AlarmManager(  922): sending alarm Alarm{435b3bb0 type 2 android}
D/WifiService(  922): acquireWifiLockLocked: WifiLock{NlpWifiLock type=2 binder=android.os.BinderProxy@41ff3fc0}
D/WifiService(  922): releaseWifiLockLocked: WifiLock{NlpWifiLock type=2 binder=android.os.BinderProxy@41ff3fc0}
D/WifiService(  922): acquireWifiLockLocked: WifiLock{NlpWifiLock type=2 binder=android.os.BinderProxy@42d8ac28}
D/WifiService(  922): releaseWifiLockLocked: WifiLock{NlpWifiLock type=2 binder=android.os.BinderProxy@42d8ac28}
V/AlarmManager(  922): sending alarm Alarm{4322e108 type 3 android}
V/AlarmManager(  922): sending alarm Alarm{42e8b468 type 3 android}
V/AlarmManager(  922): sending alarm Alarm{43228c90 type 2 android}
V/AlarmManager(  922): sending alarm Alarm{43228150 type 2 android}
V/AlarmManager(  922): sending alarm Alarm{4322e0a8 type 0 com.clearchannel.iheartradio.controller}
D/ConnectivityService(  922): Sampling interval elapsed, updating statistics ..
D/ConnectivityService(  922): Done.
D/ConnectivityService(  922): Setting timer for 720seconds
D/WifiP2pService(  922): InactiveState{ when=0 what=143375 arg1=1 arg2=196615 obj=android.net.DhcpStateMachine@429ad460 target=com.android.internal.util.StateMachine$SmHandler }
D/WifiP2pService(  922): P2pEnabledState{ when=-1ms what=143375 arg1=1 arg2=196615 obj=android.net.DhcpStateMachine@429ad460 target=com.android.internal.util.StateMachine$SmHandler }
W/ProcessCpuTracker(  922): Skipping unknown process pid 754
D/WifiP2pService(  922): InactiveState{ when=-13ms what=143375 target=com.android.internal.util.StateMachine$SmHandler }
D/WifiP2pService(  922): P2pEnabledState{ when=-14ms what=143375 target=com.android.internal.util.StateMachine$SmHandler }
D/ConnectivityService(  922): Captive portal check NetworkInfo: type: WIFI[], state: CONNECTING/CAPTIVE_PORTAL_CHECK, reason: (unspecified), extra: "75RUTHELEN", roaming: false, failover: false, isAvailable: true, isConnectedToProvisioningNetwork: false
D/ConnectivityService(  922): handleCaptivePortalTrackerCheck: call captivePortalCheckComplete ni=NetworkInfo: type: WIFI[], state: CONNECTING/CAPTIVE_PORTAL_CHECK, reason: (unspecified), extra: "75RUTHELEN", roaming: false, failover: false, isAvailable: true, isConnectedToProvisioningNetwork: false
D/ConnectivityService(  922): Captive portal check NetworkInfo: type: WIFI[], state: CONNECTING/CAPTIVE_PORTAL_CHECK, reason: (unspecified), extra: "75RUTHELEN", roaming: false, failover: false, isAvailable: true, isConnectedToProvisioningNetwork: false
D/ConnectivityService(  922): handleCaptivePortalTrackerCheck: call captivePortalCheckComplete ni=NetworkInfo: type: WIFI[], state: CONNECTING/CAPTIVE_PORTAL_CHECK, reason: (unspecified), extra: "75RUTHELEN", roaming: false, failover: false, isAvailable: true, isConnectedToProvisioningNetwork: false
D/ConnectivityService(  922): ConnectivityChange for WIFI: CONNECTED/CONNECTED
V/ConnectivityService(  922): WiFi NOT Tethered!
D/ConnectivityService(  922): get data network operator numeric is: 311480
E/ConnectivityService(  922): net.tcp.usercfg.wifi not found in system properties. Using defaults
E/ConnectivityService(  922): net.tcp.delack.wifi not found in system properties. Using defaults
E/ConnectivityService(  922): Unexpected mtu value: android.net.wifi.WifiStateTracker@427fe630
D/ConnectivityService(  922): handleConnectivityChange: address are the same reset per doReset linkProperty[1]: resetMask=0
D/Nat464Xlat(  922): requiresClat: netType=1, hasIPv4Address=true
D/ConnectivityService(  922): ConnectivityChange for WIFI: CONNECTED/CONNECTED
V/ConnectivityService(  922): WiFi NOT Tethered!
D/ConnectivityService(  922): get data network operator numeric is: 311480
E/ConnectivityService(  922): net.tcp.usercfg.wifi not found in system properties. Using defaults
E/ConnectivityService(  922): net.tcp.delack.wifi not found in system properties. Using defaults
E/ConnectivityService(  922): Unexpected mtu value: android.net.wifi.WifiStateTracker@427fe630
D/ConnectivityService(  922): handleConnectivityChange: address are the same reset per doReset linkProperty[1]: resetMask=0
D/Nat464Xlat(  922): requiresClat: netType=1, hasIPv4Address=true
D/MobileDataStateTracker(  922): default: setPolicyDataEnable(enabled=true)
D/MobileDataStateTracker(  922): default: setPolicyDataEnable(enabled=true)
D/MobileDataStateTracker(  922): default: setPolicyDataEnable(enabled=true)
D/MobileDataStateTracker(  922): default: setPolicyDataEnable(enabled=true)
D/ConnectivityService(  922): NetTransition Wakelock for ConnectedState released by timeout
E/ActivityThread( 2568): Failed to find provider info for com.motorola.blur.setupprovider
E/ActivityThread( 2568): Failed to find provider info for com.motorola.blur.setupprovider
I/openssl ( 7532): Crypto mode not selected, openssl will run on its regular mode.
I/openssl ( 7532): Crypto mode 0 already enabled
V/ConnectivityService(  922): Hipri Permission check fail
I/openssl ( 7532): Crypto mode not selected, openssl will run on its regular mode.
I/openssl ( 7532): Crypto mode 0 already enabled
V/ConnectivityService(  922): Hipri Permission check fail
D/ConnectivityService(  922): handleInetConditionHoldEnd: net=1, condition=100, published condition=0
V/AlarmManager(  922): sending alarm Alarm{429ce3d8 type 3 android}
V/AlarmManager(  922): sending alarm Alarm{429c9cc0 type 2 com.google.android.gms}
V/AlarmManager(  922): sending alarm Alarm{429b7f88 type 1 com.google.android.inputmethod.latin}
D/ConnectivityService(  922): handleInetConditionHoldEnd: net=1, condition=100, published condition=100
V/AlarmManager(  922): sending alarm Alarm{431a0090 type 3 android}
V/AlarmManager(  922): sending alarm Alarm{43356990 type 3 android}
V/AlarmManager(  922): sending alarm Alarm{431f26c0 type 3 android}
V/AlarmManager(  922): sending alarm Alarm{431f9b08 type 3 com.motorola.blur.weather}
V/AlarmManager(  922): sending alarm Alarm{431f9b58 type 2 com.google.android.gms}
D/MobileDataStateTracker(  922): default: setPolicyDataEnable(enabled=true)
D/WifiService(  922): acquireWifiLockLocked: WifiLock{NlpWifiLock type=2 binder=android.os.BinderProxy@41ff3fc0}
D/WifiService(  922): releaseWifiLockLocked: WifiLock{NlpWifiLock type=2 binder=android.os.BinderProxy@41ff3fc0}
V/AlarmManager(  922): sending alarm Alarm{42d6d7d0 type 3 android}
V/AlarmManager(  922): sending alarm Alarm{43557cf0 type 3 android}
V/AlarmManager(  922): sending alarm Alarm{434a7c70 type 3 android}
V/AlarmManager(  922): sending alarm Alarm{433a3ab8 type 3 android}
V/AlarmManager(  922): sending alarm Alarm{4330ccf0 type 3 android}
V/AlarmManager(  922): sending alarm Alarm{42d4a8d8 type 2 com.google.android.gms}
D/WifiService(  922): acquireWifiLockLocked: WifiLock{NlpWifiLock type=2 binder=android.os.BinderProxy@426c11c8}
D/WifiService(  922): releaseWifiLockLocked: WifiLock{NlpWifiLock type=2 binder=android.os.BinderProxy@426c11c8}
V/AlarmManager(  922): sending alarm Alarm{42d93d90 type 2 com.motorola.ccc.cce}
V/AlarmManager(  922): sending alarm Alarm{42d9fcb0 type 0 com.google.android.gms}
I/ActivityManager(  922): Start proc com.google.android.gms.unstable for service com.google.android.gms/.droidguard.DroidGuardService: pid=1370 uid=10038 gids={50038, 3007, 2001, 3003, 1007, 3006, 3002, 3001, 1028, 1015}
V/AlarmManager(  922): sending alarm Alarm{42d85158 type 3 android}
V/AlarmManager(  922): sending alarm Alarm{42d6acc8 type 2 com.google.android.gms}
D/ConnectivityService(  922): handleInetConditionHoldEnd: net=1, condition=100, published condition=100
V/AlarmManager(  922): sending alarm Alarm{42d9df58 type 3 android}
I/ActivityManager(  922): Start proc com.google.android.talk for broadcast com.google.android.talk/com.google.android.apps.hangouts.phone.PackageReplacedReceiver: pid=1671 uid=10112 gids={50112, 3003, 1028, 1015, 3002}
W/ActivityManager(  922): Permission Denial: Accessing service ComponentInfo{com.google.android.music/com.google.android.music.dial.DialMediaRouteProviderService} from pid=12918, uid=10166 that is not exported from uid 10125
I/PackageManager(  922): Adding preferred activity ComponentInfo{com.android.mms/com.android.mms.ui.ComposeMessageActivity} for user 0 :
I/PackageManager(  922): Adding preferred activity ComponentInfo{com.android.mms/com.android.mms.ui.ComposeMessageActivity} for user 0 :
I/PackageManager(  922): Adding preferred activity ComponentInfo{com.android.mms/com.android.mms.ui.ComposeMessageActivity} for user 0 :
I/PackageManager(  922): Adding preferred activity ComponentInfo{com.android.mms/com.android.mms.ui.ComposeMessageActivity} for user 0 :
I/PackageManager(  922): Adding preferred activity ComponentInfo{com.android.mms/com.android.mms.ui.ComposeMessageActivity} for user 0 :
I/PackageManager(  922): Adding preferred activity ComponentInfo{com.android.mms/com.android.mms.ui.ComposeMessageActivity} for user 0 :
I/PackageManager(  922): Adding preferred activity ComponentInfo{com.android.mms/com.android.mms.ui.ComposeMessageActivity} for user 0 :
I/PackageManager(  922): Adding preferred activity ComponentInfo{com.android.mms/com.android.mms.ui.ComposeMessageActivity} for user 0 :
D/PackageController.doInBackground(): (  922): Package com.google.android.gms, package state=0, action=android.intent.action.PACKAGE_CHANGED
D/PackageController.doInBackground(): (  922): Package com.google.android.gms does NOT conflict with any policy.
I/ActivityManager(  922): Start proc com.motorola.MotGallery2 for broadcast com.motorola.MotGallery2/com.android.gallery3d.app.PackagesMonitor: pid=1718 uid=10051 gids={50051, 3003, 1028, 1015}
D/WifiService(  922): acquireWifiLockLocked: WifiLock{NlpWifiLock type=2 binder=android.os.BinderProxy@426c11c8}
D/WifiService(  922): releaseWifiLockLocked: WifiLock{NlpWifiLock type=2 binder=android.os.BinderProxy@426c11c8}
V/AlarmManager(  922): sending alarm Alarm{435c4118 type 3 android}
V/AlarmManager(  922): sending alarm Alarm{431ec278 type 3 android}
V/AlarmManager(  922): sending alarm Alarm{42fc72b0 type 3 android}
V/AlarmManager(  922): sending alarm Alarm{435ada00 type 2 android}
V/AlarmManager(  922): sending alarm Alarm{43572300 type 2 com.facebook.katana}
V/AlarmManager(  922): sending alarm Alarm{4355caa0 type 1 com.google.android.deskclock}
D/ConnectivityService(  922): Sampling interval elapsed, updating statistics ..
D/ConnectivityService(  922): Done.
D/ConnectivityService(  922): Setting timer for 720seconds
V/AlarmManager(  922): sending alarm Alarm{42e15290 type 3 android}
V/AlarmManager(  922): sending alarm Alarm{42ca3d90 type 3 android}
V/AlarmManager(  922): sending alarm Alarm{42e14e68 type 2 com.google.android.gms}
D/WifiService(  922): acquireWifiLockLocked: WifiLock{NlpWifiLock type=2 binder=android.os.BinderProxy@426c11c8}
D/WifiService(  922): releaseWifiLockLocked: WifiLock{NlpWifiLock type=2 binder=android.os.BinderProxy@426c11c8}
V/AlarmManager(  922): sending alarm Alarm{42d38068 type 3 android}
V/AlarmManager(  922): sending alarm Alarm{42b806c0 type 3 android}
V/AlarmManager(  922): sending alarm Alarm{42bd1468 type 3 android}
V/AlarmManager(  922): sending alarm Alarm{42d2f818 type 2 com.google.android.gms}
V/AlarmManager(  922): sending alarm Alarm{42d176f8 type 0 com.fusionone.android.sync.service}
D/ConnectivityService(  922): handleInetConditionHoldEnd: net=1, condition=100, published condition=100
V/AlarmManager(  922): sending alarm Alarm{42e97ee0 type 3 android}
D/WifiP2pService(  922): InactiveState{ when=-1ms what=147461 target=com.android.internal.util.StateMachine$SmHandler }
D/WifiP2pService(  922): P2pEnabledState{ when=-2ms what=147461 target=com.android.internal.util.StateMachine$SmHandler }
D/WifiP2pService(  922): DefaultState{ when=-3ms what=147461 target=com.android.internal.util.StateMachine$SmHandler }
V/AlarmManager(  922): sending alarm Alarm{42cdf010 type 3 android}
V/AlarmManager(  922): sending alarm Alarm{42ec2670 type 2 com.google.android.gms}
D/WifiService(  922): acquireWifiLockLocked: WifiLock{NlpWifiLock type=2 binder=android.os.BinderProxy@426c11c8}
D/WifiService(  922): releaseWifiLockLocked: WifiLock{NlpWifiLock type=2 binder=android.os.BinderProxy@426c11c8}
V/AlarmManager(  922): sending alarm Alarm{42ed1dc0 type 3 android}
V/AlarmManager(  922): sending alarm Alarm{43532d90 type 3 android}
V/AlarmManager(  922): sending alarm Alarm{42b3d648 type 3 android}
V/AlarmManager(  922): sending alarm Alarm{435aeaa0 type 3 android}
V/AlarmManager(  922): sending alarm Alarm{42ed1d58 type 2 com.google.android.gms}
D/WifiService(  922): acquireWifiLockLocked: WifiLock{NlpWifiLock type=2 binder=android.os.BinderProxy@426c11c8}
D/WifiService(  922): releaseWifiLockLocked: WifiLock{NlpWifiLock type=2 binder=android.os.BinderProxy@426c11c8}
V/AlarmManager(  922): sending alarm Alarm{435500f8 type 3 android}
V/AlarmManager(  922): sending alarm Alarm{435501d0 type 2 com.google.android.apps.maps}
V/AlarmManager(  922): sending alarm Alarm{435502a8 type 2 android}
V/AlarmManager(  922): sending alarm Alarm{435502f8 type 0 com.google.android.gms}
D/ConnectivityService(  922): Sampling interval elapsed, updating statistics ..
D/ConnectivityService(  922): Done.
D/ConnectivityService(  922): Setting timer for 720seconds
D/WifiService(  922): acquireWifiLockLocked: WifiLock{NlpWifiLock type=2 binder=android.os.BinderProxy@43183a00}
V/AlarmManager(  922): sending alarm Alarm{4371e9d8 type 3 android}
D/WifiService(  922): releaseWifiLockLocked: WifiLock{NlpWifiLock type=2 binder=android.os.BinderProxy@43183a00}
V/AlarmManager(  922): sending alarm Alarm{42fe67e8 type 2 com.google.android.gms}
D/ConnectivityService(  922): handleInetConditionHoldEnd: net=1, condition=100, published condition=100
V/AlarmManager(  922): sending alarm Alarm{42d6e598 type 3 android}
D/WifiP2pService(  922): InactiveState{ when=-2ms what=147461 target=com.android.internal.util.StateMachine$SmHandler }
D/WifiP2pService(  922): P2pEnabledState{ when=-3ms what=147461 target=com.android.internal.util.StateMachine$SmHandler }
D/WifiP2pService(  922): DefaultState{ when=-3ms what=147461 target=com.android.internal.util.StateMachine$SmHandler }
V/AlarmManager(  922): sending alarm Alarm{4303bb08 type 3 android}
V/AlarmManager(  922): sending alarm Alarm{42d6e670 type 2 com.facebook.katana}
V/AlarmManager(  922): sending alarm Alarm{43311900 type 1 com.google.android.deskclock}
V/AlarmManager(  922): sending alarm Alarm{42f63f78 type 2 android}
D/WifiP2pService(  922): InactiveState{ when=0 what=143375 arg1=1 arg2=196615 obj=android.net.DhcpStateMachine@429ad460 target=com.android.internal.util.StateMachine$SmHandler }
D/WifiP2pService(  922): P2pEnabledState{ when=0 what=143375 arg1=1 arg2=196615 obj=android.net.DhcpStateMachine@429ad460 target=com.android.internal.util.StateMachine$SmHandler }
V/AlarmManager(  922): sending alarm Alarm{42f64050 type 3 android}
D/WifiP2pService(  922): InactiveState{ when=-1ms what=143375 target=com.android.internal.util.StateMachine$SmHandler }
D/WifiP2pService(  922): P2pEnabledState{ when=-1ms what=143375 target=com.android.internal.util.StateMachine$SmHandler }
D/ConnectivityService(  922): Captive portal check NetworkInfo: type: WIFI[], state: CONNECTING/CAPTIVE_PORTAL_CHECK, reason: (unspecified), extra: "75RUTHELEN", roaming: false, failover: false, isAvailable: true, isConnectedToProvisioningNetwork: false
D/ConnectivityService(  922): handleCaptivePortalTrackerCheck: call captivePortalCheckComplete ni=NetworkInfo: type: WIFI[], state: CONNECTING/CAPTIVE_PORTAL_CHECK, reason: (unspecified), extra: "75RUTHELEN", roaming: false, failover: false, isAvailable: true, isConnectedToProvisioningNetwork: false
D/ConnectivityService(  922): Captive portal check NetworkInfo: type: WIFI[], state: CONNECTING/CAPTIVE_PORTAL_CHECK, reason: (unspecified), extra: "75RUTHELEN", roaming: false, failover: false, isAvailable: true, isConnectedToProvisioningNetwork: false
D/ConnectivityService(  922): handleCaptivePortalTrackerCheck: call captivePortalCheckComplete ni=NetworkInfo: type: WIFI[], state: CONNECTING/CAPTIVE_PORTAL_CHECK, reason: (unspecified), extra: "75RUTHELEN", roaming: false, failover: false, isAvailable: true, isConnectedToProvisioningNetwork: false
D/ConnectivityService(  922): ConnectivityChange for WIFI: CONNECTED/CONNECTED
V/ConnectivityService(  922): WiFi NOT Tethered!
D/ConnectivityService(  922): get data network operator numeric is: 311480
E/ConnectivityService(  922): net.tcp.usercfg.wifi not found in system properties. Using defaults
E/ConnectivityService(  922): net.tcp.delack.wifi not found in system properties. Using defaults
E/ConnectivityService(  922): Unexpected mtu value: android.net.wifi.WifiStateTracker@427fe630
D/ConnectivityService(  922): handleConnectivityChange: address are the same reset per doReset linkProperty[1]: resetMask=0
D/Nat464Xlat(  922): requiresClat: netType=1, hasIPv4Address=true
D/ConnectivityService(  922): ConnectivityChange for WIFI: CONNECTED/CONNECTED
V/ConnectivityService(  922): WiFi NOT Tethered!
D/ConnectivityService(  922): get data network operator numeric is: 311480
E/ConnectivityService(  922): net.tcp.usercfg.wifi not found in system properties. Using defaults
E/ConnectivityService(  922): net.tcp.delack.wifi not found in system properties. Using defaults
E/ConnectivityService(  922): Unexpected mtu value: android.net.wifi.WifiStateTracker@427fe630
D/ConnectivityService(  922): handleConnectivityChange: address are the same reset per doReset linkProperty[1]: resetMask=0
D/Nat464Xlat(  922): requiresClat: netType=1, hasIPv4Address=true
D/MobileDataStateTracker(  922): default: setPolicyDataEnable(enabled=true)
D/MobileDataStateTracker(  922): default: setPolicyDataEnable(enabled=true)
D/MobileDataStateTracker(  922): default: setPolicyDataEnable(enabled=true)
D/MobileDataStateTracker(  922): default: setPolicyDataEnable(enabled=true)
D/ConnectivityService(  922): NetTransition Wakelock for ConnectedState released by timeout
V/AlarmManager(  922): sending alarm Alarm{42f64128 type 2 com.google.android.gms}
D/WifiService(  922): acquireWifiLockLocked: WifiLock{NlpWifiLock type=2 binder=android.os.BinderProxy@42a086d0}
E/ActivityThread( 2568): Failed to find provider info for com.motorola.blur.setupprovider
E/ActivityThread( 2568): Failed to find provider info for com.motorola.blur.setupprovider
I/openssl ( 7532): Crypto mode not selected, openssl will run on its regular mode.
I/openssl ( 7532): Crypto mode 0 already enabled
V/ConnectivityService(  922): Hipri Permission check fail
I/openssl ( 7532): Crypto mode not selected, openssl will run on its regular mode.
I/openssl ( 7532): Crypto mode 0 already enabled
V/ConnectivityService(  922): Hipri Permission check fail
D/ConnectivityService(  922): handleInetConditionHoldEnd: net=1, condition=100, published condition=0
D/WifiService(  922): releaseWifiLockLocked: WifiLock{NlpWifiLock type=2 binder=android.os.BinderProxy@42a086d0}
V/AlarmManager(  922): sending alarm Alarm{43372d00 type 3 android}
V/AlarmManager(  922): sending alarm Alarm{433ac4d8 type 3 android}
V/AlarmManager(  922): sending alarm Alarm{41ffb520 type 3 android}
V/AlarmManager(  922): sending alarm Alarm{42abb680 type 3 android}
V/AlarmManager(  922): sending alarm Alarm{431b7f50 type 3 android}
V/AlarmManager(  922): sending alarm Alarm{43368f60 type 3 android}
V/AlarmManager(  922): sending alarm Alarm{433660e0 type 2 com.google.android.gms}
V/AlarmManager(  922): sending alarm Alarm{43362e48 type 2 com.google.android.gms}
D/MobileDataStateTracker(  922): default: setPolicyDataEnable(enabled=true)
D/WifiService(  922): acquireWifiLockLocked: WifiLock{NlpWifiLock type=2 binder=android.os.BinderProxy@42a086d0}
D/ConnectivityService(  922): handleInetConditionHoldEnd: net=1, condition=100, published condition=100
D/WifiService(  922): releaseWifiLockLocked: WifiLock{NlpWifiLock type=2 binder=android.os.BinderProxy@42a086d0}
V/AlarmManager(  922): sending alarm Alarm{432ff928 type 3 android}
V/AlarmManager(  922): sending alarm Alarm{42fa16f8 type 3 android}
V/AlarmManager(  922): sending alarm Alarm{42eb85b0 type 3 android}
V/AlarmManager(  922): sending alarm Alarm{42e6b870 type 3 android}
V/AlarmManager(  922): sending alarm Alarm{432feff0 type 2 android}
V/AlarmManager(  922): sending alarm Alarm{432fdf78 type 2 com.google.android.talk}
D/ConnectivityService(  922): Sampling interval elapsed, updating statistics ..
D/ConnectivityService(  922): Done.
D/ConnectivityService(  922): Setting timer for 720seconds
V/AlarmManager(  922): sending alarm Alarm{432f30c8 type 2 com.google.android.gms}
V/AlarmManager(  922): sending alarm Alarm{432e9ee0 type 2 com.motorola.ccc.cce}
V/AlarmManager(  922): sending alarm Alarm{43283930 type 0 com.facebook.katana}
V/AlarmManager(  922): sending alarm Alarm{42e22d00 type 3 android}
V/AlarmManager(  922): sending alarm Alarm{42e22870 type 2 com.google.android.gms}
D/WifiService(  922): acquireWifiLockLocked: WifiLock{NlpWifiLock type=2 binder=android.os.BinderProxy@42a086d0}
D/WifiService(  922): releaseWifiLockLocked: WifiLock{NlpWifiLock type=2 binder=android.os.BinderProxy@42a086d0}
V/AlarmManager(  922): sending alarm Alarm{43557b70 type 3 android}
V/AlarmManager(  922): sending alarm Alarm{42fe4850 type 3 android}
V/AlarmManager(  922): sending alarm Alarm{42fa9308 type 3 android}
V/AlarmManager(  922): sending alarm Alarm{42f36c48 type 3 android}
V/AlarmManager(  922): sending alarm Alarm{435579a0 type 2 com.google.android.gms}
V/AlarmManager(  922): sending alarm Alarm{43552550 type 2 com.facebook.katana}
V/AlarmManager(  922): sending alarm Alarm{43546868 type 1 com.google.android.deskclock}
D/ConnectivityService(  922): handleInetConditionHoldEnd: net=1, condition=100, published condition=100
D/WifiP2pService(  922): InactiveState{ when=-11ms what=147461 target=com.android.internal.util.StateMachine$SmHandler }
D/WifiP2pService(  922): P2pEnabledState{ when=-11ms what=147461 target=com.android.internal.util.StateMachine$SmHandler }
D/WifiP2pService(  922): DefaultState{ when=-12ms what=147461 target=com.android.internal.util.StateMachine$SmHandler }
V/AlarmManager(  922): sending alarm Alarm{42aafa88 type 3 android}
V/AlarmManager(  922): sending alarm Alarm{42aad688 type 2 com.google.android.gms}
D/WifiService(  922): acquireWifiLockLocked: WifiLock{NlpWifiLock type=2 binder=android.os.BinderProxy@42b04f40}
D/WifiService(  922): releaseWifiLockLocked: WifiLock{NlpWifiLock type=2 binder=android.os.BinderProxy@42b04f40}
V/AlarmManager(  922): sending alarm Alarm{42b2bb80 type 3 android}
V/AlarmManager(  922): sending alarm Alarm{4301a798 type 3 android}
V/AlarmManager(  922): sending alarm Alarm{42fa3da0 type 3 android}
V/AlarmManager(  922): sending alarm Alarm{42c52498 type 3 android}
V/AlarmManager(  922): sending alarm Alarm{42b2bb30 type 2 com.google.android.gms}
D/WifiService(  922): acquireWifiLockLocked: WifiLock{NlpWifiLock type=2 binder=android.os.BinderProxy@42b04f40}
D/WifiService(  922): releaseWifiLockLocked: WifiLock{NlpWifiLock type=2 binder=android.os.BinderProxy@42b04f40}
V/AlarmManager(  922): sending alarm Alarm{43555be8 type 3 android}
V/AlarmManager(  922): sending alarm Alarm{42d15b00 type 3 android}
V/AlarmManager(  922): sending alarm Alarm{42c41f10 type 3 android}
V/AlarmManager(  922): sending alarm Alarm{43555c78 type 2 android}
V/AlarmManager(  922): sending alarm Alarm{43555d50 type 2 com.google.android.gms}
D/ConnectivityService(  922): Sampling interval elapsed, updating statistics ..
D/ConnectivityService(  922): Done.
D/ConnectivityService(  922): Setting timer for 720seconds
D/ConnectivityService(  922): handleInetConditionHoldEnd: net=1, condition=100, published condition=100
V/AlarmManager(  922): sending alarm Alarm{436efa68 type 3 android}
V/AlarmManager(  922): sending alarm Alarm{431e7cb8 type 3 android}
V/AlarmManager(  922): sending alarm Alarm{436f4988 type 2 com.google.android.gms}
V/AlarmManager(  922): sending alarm Alarm{436f4a38 type 1 com.motorola.motocare}
D/WifiService(  922): acquireWifiLockLocked: WifiLock{NlpWifiLock type=2 binder=android.os.BinderProxy@42b04f40}
W/ContextImpl( 1388): Calling a method in the system process without a qualified user: android.app.ContextImpl.startService:1636 android.content.ContextWrapper.startService:494 android.content.ContextWrapper.startService:494 com.motorola.motocare.internal.batterystats.BatteryStatsAction.onReceive:33 android.app.ActivityThread.handleReceiver:2434 
D/WifiService(  922): releaseWifiLockLocked: WifiLock{NlpWifiLock type=2 binder=android.os.BinderProxy@42b04f40}
V/AlarmManager(  922): sending alarm Alarm{433c5960 type 3 android}
D/WifiService(  922): acquireWifiLockLocked: WifiLock{NlpWifiLock type=2 binder=android.os.BinderProxy@432190a0}
D/WifiService(  922): releaseWifiLockLocked: WifiLock{NlpWifiLock type=2 binder=android.os.BinderProxy@432190a0}
V/AlarmManager(  922): sending alarm Alarm{431dc4d0 type 3 android}
V/AlarmManager(  922): sending alarm Alarm{42f9b9d8 type 3 android}
V/AlarmManager(  922): sending alarm Alarm{431d6840 type 3 com.squareup}
V/AlarmManager(  922): sending alarm Alarm{43542f18 type 3 android}
D/WifiP2pService(  922): InactiveState{ when=-1ms what=147461 target=com.android.internal.util.StateMachine$SmHandler }
D/WifiP2pService(  922): P2pEnabledState{ when=-2ms what=147461 target=com.android.internal.util.StateMachine$SmHandler }
D/WifiP2pService(  922): DefaultState{ when=-2ms what=147461 target=com.android.internal.util.StateMachine$SmHandler }
V/AlarmManager(  922): sending alarm Alarm{42f9ba88 type 2 com.facebook.katana}
V/AlarmManager(  922): sending alarm Alarm{42f9bb60 type 2 android}
V/AlarmManager(  922): sending alarm Alarm{42f9bbb0 type 0 com.google.android.gms}
D/WifiP2pService(  922): InactiveState{ when=0 what=143375 arg1=1 arg2=196615 obj=android.net.DhcpStateMachine@429ad460 target=com.android.internal.util.StateMachine$SmHandler }
D/WifiP2pService(  922): P2pEnabledState{ when=0 what=143375 arg1=1 arg2=196615 obj=android.net.DhcpStateMachine@429ad460 target=com.android.internal.util.StateMachine$SmHandler }
D/WifiP2pService(  922): InactiveState{ when=-5ms what=143375 target=com.android.internal.util.StateMachine$SmHandler }
D/WifiP2pService(  922): P2pEnabledState{ when=-5ms what=143375 target=com.android.internal.util.StateMachine$SmHandler }
D/ConnectivityService(  922): Captive portal check NetworkInfo: type: WIFI[], state: CONNECTING/CAPTIVE_PORTAL_CHECK, reason: (unspecified), extra: "75RUTHELEN", roaming: false, failover: false, isAvailable: true, isConnectedToProvisioningNetwork: false
D/ConnectivityService(  922): handleCaptivePortalTrackerCheck: call captivePortalCheckComplete ni=NetworkInfo: type: WIFI[], state: CONNECTING/CAPTIVE_PORTAL_CHECK, reason: (unspecified), extra: "75RUTHELEN", roaming: false, failover: false, isAvailable: true, isConnectedToProvisioningNetwork: false
D/ConnectivityService(  922): Captive portal check NetworkInfo: type: WIFI[], state: CONNECTING/CAPTIVE_PORTAL_CHECK, reason: (unspecified), extra: "75RUTHELEN", roaming: false, failover: false, isAvailable: true, isConnectedToProvisioningNetwork: false
D/ConnectivityService(  922): handleCaptivePortalTrackerCheck: call captivePortalCheckComplete ni=NetworkInfo: type: WIFI[], state: CONNECTING/CAPTIVE_PORTAL_CHECK, reason: (unspecified), extra: "75RUTHELEN", roaming: false, failover: false, isAvailable: true, isConnectedToProvisioningNetwork: false
D/ConnectivityService(  922): ConnectivityChange for WIFI: CONNECTED/CONNECTED
V/ConnectivityService(  922): WiFi NOT Tethered!
D/ConnectivityService(  922): get data network operator numeric is: 311480
E/ConnectivityService(  922): net.tcp.usercfg.wifi not found in system properties. Using defaults
E/ConnectivityService(  922): net.tcp.delack.wifi not found in system properties. Using defaults
E/ConnectivityService(  922): Unexpected mtu value: android.net.wifi.WifiStateTracker@427fe630
D/ConnectivityService(  922): handleConnectivityChange: address are the same reset per doReset linkProperty[1]: resetMask=0
D/Nat464Xlat(  922): requiresClat: netType=1, hasIPv4Address=true
D/ConnectivityService(  922): ConnectivityChange for WIFI: CONNECTED/CONNECTED
V/ConnectivityService(  922): WiFi NOT Tethered!
D/ConnectivityService(  922): get data network operator numeric is: 311480
E/ConnectivityService(  922): net.tcp.usercfg.wifi not found in system properties. Using defaults
E/ConnectivityService(  922): net.tcp.delack.wifi not found in system properties. Using defaults
E/ConnectivityService(  922): Unexpected mtu value: android.net.wifi.WifiStateTracker@427fe630
D/ConnectivityService(  922): handleConnectivityChange: address are the same reset per doReset linkProperty[1]: resetMask=0
D/Nat464Xlat(  922): requiresClat: netType=1, hasIPv4Address=true
D/MobileDataStateTracker(  922): default: setPolicyDataEnable(enabled=true)
D/MobileDataStateTracker(  922): default: setPolicyDataEnable(enabled=true)
D/MobileDataStateTracker(  922): default: setPolicyDataEnable(enabled=true)
D/MobileDataStateTracker(  922): default: setPolicyDataEnable(enabled=true)
V/AlarmManager(  922): sending alarm Alarm{435c4118 type 3 android}
D/ConnectivityService(  922): NetTransition Wakelock for ConnectedState released by timeout
V/AlarmManager(  922): sending alarm Alarm{435bf3b8 type 1 com.google.android.deskclock}
V/AlarmManager(  922): sending alarm Alarm{435beed0 type 2 com.google.android.gms}
V/AlarmManager(  922): sending alarm Alarm{435bc970 type 2 android}
D/WifiService(  922): acquireWifiLockLocked: WifiLock{NlpWifiLock type=2 binder=android.os.BinderProxy@42ad5620}
E/ActivityThread( 2568): Failed to find provider info for com.motorola.blur.setupprovider
E/ActivityThread( 2568): Failed to find provider info for com.motorola.blur.setupprovider
I/openssl ( 7532): Crypto mode not selected, openssl will run on its regular mode.
I/openssl ( 7532): Crypto mode 0 already enabled
V/ConnectivityService(  922): Hipri Permission check fail
I/openssl ( 7532): Crypto mode not selected, openssl will run on its regular mode.
I/openssl ( 7532): Crypto mode 0 already enabled
V/ConnectivityService(  922): Hipri Permission check fail
D/ConnectivityService(  922): handleInetConditionHoldEnd: net=1, condition=100, published condition=0
D/WifiService(  922): releaseWifiLockLocked: WifiLock{NlpWifiLock type=2 binder=android.os.BinderProxy@42ad5620}
V/AlarmManager(  922): sending alarm Alarm{43165908 type 3 android}
V/AlarmManager(  922): sending alarm Alarm{43161ca8 type 2 android}
V/AlarmManager(  922): sending alarm Alarm{43157be0 type 2 com.google.android.gms}
D/ConnectivityService(  922): handleInetConditionHoldEnd: net=1, condition=100, published condition=100
V/AlarmManager(  922): sending alarm Alarm{42c5af30 type 3 android}
V/AlarmManager(  922): sending alarm Alarm{42b23380 type 3 android}
V/AlarmManager(  922): sending alarm Alarm{420670d8 type 3 android}
V/AlarmManager(  922): sending alarm Alarm{43365398 type 3 android}
V/AlarmManager(  922): sending alarm Alarm{42c581f0 type 3 android}
V/AlarmManager(  922): sending alarm Alarm{42c56ab8 type 3 com.android.phone}
V/AlarmManager(  922): sending alarm Alarm{42c54110 type 2 com.motorola.aon}
V/AlarmManager(  922): sending alarm Alarm{42c53ae8 type 3 com.motorola.blur.weather}
V/AlarmManager(  922): sending alarm Alarm{42c52338 type 2 android}
V/AlarmManager(  922): sending alarm Alarm{42c4a5e0 type 2 com.google.android.gms}
V/AlarmManager(  922): sending alarm Alarm{42c44358 type 1 com.google.android.inputmethod.latin}
V/AlarmManager(  922): sending alarm Alarm{42c43668 type 0 com.google.android.googlequicksearchbox}
D/MobileDataStateTracker(  922): default: setPolicyDataEnable(enabled=true)
D/ConnectivityService(  922): Sampling interval elapsed, updating statistics ..
D/ConnectivityService(  922): Done.
D/ConnectivityService(  922): Setting timer for 720seconds
D/WifiService(  922): acquireWifiLockLocked: WifiLock{NlpWifiLock type=2 binder=android.os.BinderProxy@42bd7d38}
D/WifiService(  922): releaseWifiLockLocked: WifiLock{NlpWifiLock type=2 binder=android.os.BinderProxy@42bd7d38}
V/AlarmManager(  922): sending alarm Alarm{4348cc40 type 3 android}
V/AlarmManager(  922): sending alarm Alarm{42d27468 type 3 android}
V/AlarmManager(  922): sending alarm Alarm{42bb22c8 type 3 android}
V/AlarmManager(  922): sending alarm Alarm{42bc1d80 type 3 android}
D/WifiP2pService(  922): InactiveState{ when=-1ms what=147461 target=com.android.internal.util.StateMachine$SmHandler }
D/WifiP2pService(  922): P2pEnabledState{ when=-2ms what=147461 target=com.android.internal.util.StateMachine$SmHandler }
D/WifiP2pService(  922): DefaultState{ when=-2ms what=147461 target=com.android.internal.util.StateMachine$SmHandler }
V/AlarmManager(  922): sending alarm Alarm{434d0658 type 3 android}
I/ProcessStatsService(  922): Prepared write state in 30ms
I/ProcessStatsService(  922): Pruning old procstats: /data/system/procstats/state-2015-01-04-08-34-00.bin
V/AlarmManager(  922): sending alarm Alarm{434a29d0 type 2 com.google.android.gms}
V/AlarmManager(  922): sending alarm Alarm{434a2aa8 type 2 com.google.android.gms}
V/AlarmManager(  922): sending alarm Alarm{434a2af8 type 2 com.motorola.ccc.cce}
D/WifiService(  922): acquireWifiLockLocked: WifiLock{NlpWifiLock type=2 binder=android.os.BinderProxy@42bd7d38}
D/WifiService(  922): releaseWifiLockLocked: WifiLock{NlpWifiLock type=2 binder=android.os.BinderProxy@42bd7d38}
D/ConnectivityService(  922): handleInetConditionHoldEnd: net=1, condition=100, published condition=100
V/AlarmManager(  922): sending alarm Alarm{4356dfe8 type 3 android}
V/AlarmManager(  922): sending alarm Alarm{425e7520 type 3 android}
V/AlarmManager(  922): sending alarm Alarm{42ead220 type 3 android}
V/AlarmManager(  922): sending alarm Alarm{432fac68 type 3 android}
V/AlarmManager(  922): sending alarm Alarm{42f9a100 type 3 android}
V/AlarmManager(  922): sending alarm Alarm{42a98e28 type 2 com.google.android.talk}
V/AlarmManager(  922): sending alarm Alarm{42a98f00 type 2 com.facebook.katana}
V/AlarmManager(  922): sending alarm Alarm{42a98f50 type 1 com.google.android.deskclock}
V/AlarmManager(  922): sending alarm Alarm{42f4e6d0 type 2 com.google.android.gms}
D/WifiService(  922): acquireWifiLockLocked: WifiLock{NlpWifiLock type=2 binder=android.os.BinderProxy@42bd7d38}
D/WifiService(  922): releaseWifiLockLocked: WifiLock{NlpWifiLock type=2 binder=android.os.BinderProxy@42bd7d38}
V/AlarmManager(  922): sending alarm Alarm{438472d0 type 3 android}
V/AlarmManager(  922): sending alarm Alarm{435958f8 type 3 android}
V/AlarmManager(  922): sending alarm Alarm{434add60 type 3 android}
V/AlarmManager(  922): sending alarm Alarm{438473a8 type 2 android}
V/AlarmManager(  922): sending alarm Alarm{43847480 type 2 com.google.android.gms}
V/AlarmManager(  922): sending alarm Alarm{438474d0 type 1 com.facebook.katana}
D/ConnectivityService(  922): Sampling interval elapsed, updating statistics ..
D/ConnectivityService(  922): Done.
D/ConnectivityService(  922): Setting timer for 720seconds
D/ConnectivityService(  922): handleInetConditionHoldEnd: net=1, condition=100, published condition=100
V/AlarmManager(  922): sending alarm Alarm{42faad30 type 3 android}
V/AlarmManager(  922): sending alarm Alarm{42d7de60 type 3 android}
V/AlarmManager(  922): sending alarm Alarm{42fa9ae8 type 2 com.google.android.gms}
D/WifiService(  922): acquireWifiLockLocked: WifiLock{NlpWifiLock type=2 binder=android.os.BinderProxy@42b9c340}
D/WifiService(  922): releaseWifiLockLocked: WifiLock{NlpWifiLock type=2 binder=android.os.BinderProxy@42b9c340}
D/WifiService(  922): acquireWifiLockLocked: WifiLock{NlpWifiLock type=2 binder=android.os.BinderProxy@427f3680}
D/WifiService(  922): releaseWifiLockLocked: WifiLock{NlpWifiLock type=2 binder=android.os.BinderProxy@427f3680}
V/AlarmManager(  922): sending alarm Alarm{42055230 type 3 android}
V/AlarmManager(  922): sending alarm Alarm{42d917e8 type 3 android}
V/AlarmManager(  922): sending alarm Alarm{42b065c8 type 3 android}
V/AlarmManager(  922): sending alarm Alarm{431850c8 type 3 android}
V/AlarmManager(  922): sending alarm Alarm{42c7d468 type 3 android}
V/AlarmManager(  922): sending alarm Alarm{42047dd0 type 2 com.google.android.gms}
V/AlarmManager(  922): sending alarm Alarm{420390c0 type 2 com.google.android.gms}
D/WifiService(  922): acquireWifiLockLocked: WifiLock{NlpWifiLock type=2 binder=android.os.BinderProxy@42b9c340}
D/WifiService(  922): acquireWifiLockLocked: WifiLock{NlpWifiLock type=2 binder=android.os.BinderProxy@43564388}
D/WifiService(  922): releaseWifiLockLocked: WifiLock{NlpWifiLock type=2 binder=android.os.BinderProxy@43564388}
V/AlarmManager(  922): sending alarm Alarm{43342e38 type 2 com.google.android.gms}
D/WifiService(  922): releaseWifiLockLocked: WifiLock{NlpWifiLock type=2 binder=android.os.BinderProxy@42b9c340}
V/AlarmManager(  922): sending alarm Alarm{42fee9f8 type 3 android}
V/AlarmManager(  922): sending alarm Alarm{43200738 type 3 android}
V/AlarmManager(  922): sending alarm Alarm{430043f8 type 2 com.google.android.gms}
V/AlarmManager(  922): sending alarm Alarm{4300f438 type 2 com.google.android.apps.maps}
D/ConnectivityService(  922): handleInetConditionHoldEnd: net=1, condition=100, published condition=100
V/AlarmManager(  922): sending alarm Alarm{42e1b438 type 3 android}
V/AlarmManager(  922): sending alarm Alarm{42e28db8 type 2 android}
D/WifiP2pService(  922): InactiveState{ when=0 what=143375 arg1=1 arg2=196615 obj=android.net.DhcpStateMachine@429ad460 target=com.android.internal.util.StateMachine$SmHandler }
D/WifiP2pService(  922): P2pEnabledState{ when=-1ms what=143375 arg1=1 arg2=196615 obj=android.net.DhcpStateMachine@429ad460 target=com.android.internal.util.StateMachine$SmHandler }
D/WifiP2pService(  922): InactiveState{ when=0 what=143375 target=com.android.internal.util.StateMachine$SmHandler }
D/WifiP2pService(  922): P2pEnabledState{ when=0 what=143375 target=com.android.internal.util.StateMachine$SmHandler }
D/ConnectivityService(  922): Captive portal check NetworkInfo: type: WIFI[], state: CONNECTING/CAPTIVE_PORTAL_CHECK, reason: (unspecified), extra: "75RUTHELEN", roaming: false, failover: false, isAvailable: true, isConnectedToProvisioningNetwork: false
D/ConnectivityService(  922): handleCaptivePortalTrackerCheck: call captivePortalCheckComplete ni=NetworkInfo: type: WIFI[], state: CONNECTING/CAPTIVE_PORTAL_CHECK, reason: (unspecified), extra: "75RUTHELEN", roaming: false, failover: false, isAvailable: true, isConnectedToProvisioningNetwork: false
D/ConnectivityService(  922): Captive portal check NetworkInfo: type: WIFI[], state: CONNECTING/CAPTIVE_PORTAL_CHECK, reason: (unspecified), extra: "75RUTHELEN", roaming: false, failover: false, isAvailable: true, isConnectedToProvisioningNetwork: false
D/ConnectivityService(  922): handleCaptivePortalTrackerCheck: call captivePortalCheckComplete ni=NetworkInfo: type: WIFI[], state: CONNECTING/CAPTIVE_PORTAL_CHECK, reason: (unspecified), extra: "75RUTHELEN", roaming: false, failover: false, isAvailable: true, isConnectedToProvisioningNetwork: false
D/ConnectivityService(  922): ConnectivityChange for WIFI: CONNECTED/CONNECTED
V/ConnectivityService(  922): WiFi NOT Tethered!
D/ConnectivityService(  922): get data network operator numeric is: 311480
E/ConnectivityService(  922): net.tcp.usercfg.wifi not found in system properties. Using defaults
E/ConnectivityService(  922): net.tcp.delack.wifi not found in system properties. Using defaults
E/ConnectivityService(  922): Unexpected mtu value: android.net.wifi.WifiStateTracker@427fe630
D/ConnectivityService(  922): handleConnectivityChange: address are the same reset per doReset linkProperty[1]: resetMask=0
D/Nat464Xlat(  922): requiresClat: netType=1, hasIPv4Address=true
D/ConnectivityService(  922): ConnectivityChange for WIFI: CONNECTED/CONNECTED
V/ConnectivityService(  922): WiFi NOT Tethered!
D/ConnectivityService(  922): get data network operator numeric is: 311480
E/ConnectivityService(  922): net.tcp.usercfg.wifi not found in system properties. Using defaults
E/ConnectivityService(  922): net.tcp.delack.wifi not found in system properties. Using defaults
E/ConnectivityService(  922): Unexpected mtu value: android.net.wifi.WifiStateTracker@427fe630
D/ConnectivityService(  922): handleConnectivityChange: address are the same reset per doReset linkProperty[1]: resetMask=0
D/Nat464Xlat(  922): requiresClat: netType=1, hasIPv4Address=true
D/MobileDataStateTracker(  922): default: setPolicyDataEnable(enabled=true)
D/MobileDataStateTracker(  922): default: setPolicyDataEnable(enabled=true)
D/MobileDataStateTracker(  922): default: setPolicyDataEnable(enabled=true)
D/MobileDataStateTracker(  922): default: setPolicyDataEnable(enabled=true)
V/AlarmManager(  922): sending alarm Alarm{4359a008 type 3 android}
D/ConnectivityService(  922): NetTransition Wakelock for ConnectedState released by timeout
V/AlarmManager(  922): sending alarm Alarm{431b5e88 type 3 android}
V/AlarmManager(  922): sending alarm Alarm{42e28e78 type 2 com.facebook.katana}
V/AlarmManager(  922): sending alarm Alarm{42e5af08 type 0 com.google.android.gms}
V/AlarmManager(  922): sending alarm Alarm{42e5af58 type 1 com.google.android.deskclock}
E/ActivityThread( 2568): Failed to find provider info for com.motorola.blur.setupprovider
E/ActivityThread( 2568): Failed to find provider info for com.motorola.blur.setupprovider
I/openssl ( 7532): Crypto mode not selected, openssl will run on its regular mode.
I/openssl ( 7532): Crypto mode 0 already enabled
V/ConnectivityService(  922): Hipri Permission check fail
I/openssl ( 7532): Crypto mode not selected, openssl will run on its regular mode.
I/openssl ( 7532): Crypto mode 0 already enabled
V/ConnectivityService(  922): Hipri Permission check fail
D/ConnectivityService(  922): handleInetConditionHoldEnd: net=1, condition=100, published condition=0
D/WifiService(  922): acquireWifiLockLocked: WifiLock{NlpWifiLock type=2 binder=android.os.BinderProxy@42957f80}
D/WifiService(  922): releaseWifiLockLocked: WifiLock{NlpWifiLock type=2 binder=android.os.BinderProxy@42957f80}
V/AlarmManager(  922): sending alarm Alarm{42e0ae28 type 2 android}
D/ConnectivityService(  922): Sampling interval elapsed, updating statistics ..
D/ConnectivityService(  922): Done.
D/ConnectivityService(  922): Setting timer for 720seconds
V/AlarmManager(  922): sending alarm Alarm{42d9a9f8 type 3 android}
V/AlarmManager(  922): sending alarm Alarm{42d04b78 type 3 android}
V/AlarmManager(  922): sending alarm Alarm{42fbc8e8 type 3 android}
V/AlarmManager(  922): sending alarm Alarm{42bf7d88 type 3 android}
V/AlarmManager(  922): sending alarm Alarm{420077e0 type 3 android}
V/AlarmManager(  922): sending alarm Alarm{42d9a030 type 3 android}
V/AlarmManager(  922): sending alarm Alarm{42d98990 type 2 com.google.android.gms}
V/AlarmManager(  922): sending alarm Alarm{42d971e0 type 2 com.google.android.gms}
V/AlarmManager(  922): sending alarm Alarm{42d90518 type 0 com.google.android.gms}
D/MobileDataStateTracker(  922): default: setPolicyDataEnable(enabled=true)
D/WifiService(  922): acquireWifiLockLocked: WifiLock{NlpWifiLock type=2 binder=android.os.BinderProxy@42957f80}
D/ConnectivityService(  922): handleInetConditionHoldEnd: net=1, condition=100, published condition=100
