* daemon not running. starting it now on port 5037 *
* daemon started successfully *
--------- beginning of /dev/log/system
D/ConnectivityService(  922): Captive portal check NetworkInfo: type: WIFI[], state: CONNECTING/CAPTIVE_PORTAL_CHECK, reason: (unspecified), extra: "75RUTHELEN", roaming: false, failover: false, isAvailable: true, isConnectedToProvisioningNetwork: false
D/ConnectivityService(  922): handleCaptivePortalTrackerCheck: call captivePortalCheckComplete ni=NetworkInfo: type: WIFI[], state: CONNECTING/CAPTIVE_PORTAL_CHECK, reason: (unspecified), extra: "75RUTHELEN", roaming: false, failover: false, isAvailable: true, isConnectedToProvisioningNetwork: false
D/ConnectivityService(  922): Captive portal check NetworkInfo: type: WIFI[], state: CONNECTING/CAPTIVE_PORTAL_CHECK, reason: (unspecified), extra: "75RUTHELEN", roaming: false, failover: false, isAvailable: true, isConnectedToProvisioningNetwork: false
D/ConnectivityService(  922): handleCaptivePortalTrackerCheck: call captivePortalCheckComplete ni=NetworkInfo: type: WIFI[], state: CONNECTING/CAPTIVE_PORTAL_CHECK, reason: (unspecified), extra: "75RUTHELEN", roaming: false, failover: false, isAvailable: true, isConnectedToProvisioningNetwork: false
D/ConnectivityService(  922): ConnectivityChange for WIFI: CONNECTED/CONNECTED
V/ConnectivityService(  922): WiFi NOT Tethered!
D/ConnectivityService(  922): get data network operator numeric is: 311480
E/ConnectivityService(  922): net.tcp.usercfg.wifi not found in system properties. Using defaults
E/ConnectivityService(  922): net.tcp.delack.wifi not found in system properties. Using defaults
E/ConnectivityService(  922): Unexpected mtu value: android.net.wifi.WifiStateTracker@427fe630
D/ConnectivityService(  922): handleConnectivityChange: address are the same reset per doReset linkProperty[1]: resetMask=0
D/Nat464Xlat(  922): requiresClat: netType=1, hasIPv4Address=true
D/ConnectivityService(  922): ConnectivityChange for WIFI: CONNECTED/CONNECTED
V/ConnectivityService(  922): WiFi NOT Tethered!
D/ConnectivityService(  922): get data network operator numeric is: 311480
E/ConnectivityService(  922): net.tcp.usercfg.wifi not found in system properties. Using defaults
E/ConnectivityService(  922): net.tcp.delack.wifi not found in system properties. Using defaults
E/ConnectivityService(  922): Unexpected mtu value: android.net.wifi.WifiStateTracker@427fe630
D/ConnectivityService(  922): handleConnectivityChange: address are the same reset per doReset linkProperty[1]: resetMask=0
D/Nat464Xlat(  922): requiresClat: netType=1, hasIPv4Address=true
D/MobileDataStateTracker(  922): default: setPolicyDataEnable(enabled=true)
D/MobileDataStateTracker(  922): default: setPolicyDataEnable(enabled=true)
D/MobileDataStateTracker(  922): default: setPolicyDataEnable(enabled=true)
D/MobileDataStateTracker(  922): default: setPolicyDataEnable(enabled=true)
D/ConnectivityService(  922): NetTransition Wakelock for ConnectedState released by timeout
V/AlarmManager(  922): sending alarm Alarm{4335d828 type 2 com.google.android.gms}
V/AlarmManager(  922): sending alarm Alarm{432f93b0 type 2 com.google.android.gms}
D/WifiService(  922): acquireWifiLockLocked: WifiLock{NlpWifiLock type=2 binder=android.os.BinderProxy@42ac6410}
E/ActivityThread( 2568): Failed to find provider info for com.motorola.blur.setupprovider
E/ActivityThread( 2568): Failed to find provider info for com.motorola.blur.setupprovider
I/openssl ( 7532): Crypto mode not selected, openssl will run on its regular mode.
I/openssl ( 7532): Crypto mode 0 already enabled
D/WifiService(  922): releaseWifiLockLocked: WifiLock{NlpWifiLock type=2 binder=android.os.BinderProxy@42ac6410}
V/ConnectivityService(  922): Hipri Permission check fail
I/openssl ( 7532): Crypto mode not selected, openssl will run on its regular mode.
I/openssl ( 7532): Crypto mode 0 already enabled
V/ConnectivityService(  922): Hipri Permission check fail
D/ConnectivityService(  922): handleInetConditionHoldEnd: net=1, condition=100, published condition=0
V/AlarmManager(  922): sending alarm Alarm{4200dff8 type 2 com.facebook.katana}
V/AlarmManager(  922): sending alarm Alarm{42b78b40 type 2 android}
D/ConnectivityService(  922): Sampling interval elapsed, updating statistics ..
D/ConnectivityService(  922): Done.
D/ConnectivityService(  922): Setting timer for 720seconds
W/ContextImpl(  922): Calling a method in the system process without a qualified user: android.app.ContextImpl.sendBroadcast:1294 android.media.MediaFocusControl.handleAudioFocusDcReport:2765 android.media.MediaFocusControl.requestAudioFocus:648 android.media.AudioService.requestAudioFocus:4591 android.media.IAudioService$Stub.onTransact:468 
W/ContextImpl(  922): Calling a method in the system process without a qualified user: android.app.ContextImpl.sendBroadcast:1294 android.media.MediaFocusControl.handleAudioFocusDcReport:2765 android.media.MediaFocusControl.abandonAudioFocus:717 android.media.AudioService.abandonAudioFocus:4596 android.media.IAudioService$Stub.onTransact:480 
V/AlarmManager(  922): sending alarm Alarm{434ea7d8 type 3 android}
I/PowerManagerService(  922): Waking up from sleep...
I/WindowManager(  922): Lock screen displayed!
W/ContextImpl( 1388): Calling a method in the system process without a qualified user: android.app.ContextImpl.sendBroadcast:1280 android.content.ContextWrapper.sendBroadcast:365 com.motorola.motocare.util.TriggerHelper$TriggerBuilder.send:76 com.motorola.motocare.internal.frameworkevents.PauseResumeTrigger.handleFrameworkEvent:53 com.motorola.motocare.internal.frameworkevents.FwEventMonitor$FrameworkListener.processFrameworkEvent:114 
I/SFPerfTracer(  290):      triggers: (rate: 0:103) (2194785 sw vsyncs) (0 skipped) (0:661418 vsyncs) (10972:2917155)
D/UsbDeviceManager(  922): MSG_USER_PRESENT
W/ContextImpl(  922): Calling a method in the system process without a qualified user: android.app.ContextImpl.sendBroadcast:1280 com.motorola.internal.widget.GestureSharingTouchManager.handleScreenOn:147 com.motorola.internal.widget.GestureSharingTouchManager.access$000:25 com.motorola.internal.widget.GestureSharingTouchManager$2.onReceive:63 android.app.LoadedApk$ReceiverDispatcher$Args.run:768 
W/InputMethodManagerService(  922): Window already focused, ignoring focus gain of: com.android.internal.view.IInputMethodClient$Stub$Proxy@42d8f9c0 attribute=android.view.inputmethod.EditorInfo@42c572b0, token = android.os.BinderProxy@4294b588
D/VzwEri  ( 1195): ERI alert sound is disabled.
I/SFPerfTracer(  290):      triggers: (rate: 2:36) (0 sw vsyncs) (0 skipped) (19:182939 vsyncs) (21:247724)
W/ContextImpl( 1388): Calling a method in the system process without a qualified user: android.app.ContextImpl.startService:1636 android.content.ContextWrapper.startService:494 android.content.ContextWrapper.startService:494 com.motorola.motocare.internal.batterystats.BatteryStatsAction.onReceive:33 android.app.ActivityThread.handleReceiver:2434 
I/SFPerfTracer(  290):      triggers: (rate: 99:2293) (compose: 0:49) (post: 0:222) (render: 0:206) (49:88312 frames) (50:247693)
D/SFPerfTracer(  290):        layers: (3:11) (DimLayer: 0:249)* (DimLayer: 0:6)* (FocusedStackFrame: 0:2432)* (StatusBar: 32:34071) (NavigationBar: 0:2399)* (com.android.systemui.ImageWallpaper: 0:4542) (DimLayer: 0:1787)* (DimLayer: 0:418)* (com.motorola.motlauncher/com.android.launcher2.Launcher: 44:110) (ElectronBeam: 0:26)* (Keyguard: 0:14)* 
I/SFPerfTracer(  290):      triggers: (rate: 0:103) (2194785 sw vsyncs) (0 skipped) (164:661582 vsyncs) (166:2917323)
I/SFPerfTracer(  290):      triggers: (rate: 2:36) (0 sw vsyncs) (0 skipped) (10:182989 vsyncs) (12:247786)
I/SFPerfTracer(  290):      triggers: (rate: 0:103) (2194785 sw vsyncs) (0 skipped) (105:661687 vsyncs) (107:2917430)
I/SFPerfTracer(  290):      triggers: (rate: 2:36) (0 sw vsyncs) (0 skipped) (16:183053 vsyncs) (18:247860)
D/WifiP2pService(  922): InactiveState{ when=-6ms what=147461 target=com.android.internal.util.StateMachine$SmHandler }
D/WifiP2pService(  922): P2pEnabledState{ when=-7ms what=147461 target=com.android.internal.util.StateMachine$SmHandler }
D/WifiP2pService(  922): DefaultState{ when=-7ms what=147461 target=com.android.internal.util.StateMachine$SmHandler }
I/SFPerfTracer(  290):      triggers: (rate: 0:103) (2194785 sw vsyncs) (0 skipped) (60:661747 vsyncs) (62:2917492)
I/ActivityManager(  922): START u0 {act=android.intent.action.VIEW dat=content://com.android.gmail.ui/adh38@cornell.edu/label/^i?appVersion=4900120 typ=application/gmail-ls flg=0x1000c000 cmp=com.google.android.gm/.ConversationListActivityGmail bnds=[0,102][720,335] (has extras)} from pid -1
W/ContextImpl( 1388): Calling a method in the system process without a qualified user: android.app.ContextImpl.sendBroadcast:1280 android.content.ContextWrapper.sendBroadcast:365 com.motorola.motocare.util.TriggerHelper$TriggerBuilder.send:76 com.motorola.motocare.internal.frameworkevents.PauseResumeTrigger.handleFrameworkEvent:53 com.motorola.motocare.internal.frameworkevents.FwEventMonitor$FrameworkListener.processFrameworkEvent:114 
W/ContextImpl( 1388): Calling a method in the system process without a qualified user: android.app.ContextImpl.sendBroadcast:1280 android.content.ContextWrapper.sendBroadcast:365 com.motorola.motocare.util.TriggerHelper$TriggerBuilder.send:76 com.motorola.motocare.internal.frameworkevents.PauseResumeTrigger.handleFrameworkEvent:53 com.motorola.motocare.internal.frameworkevents.FwEventMonitor$FrameworkListener.processFrameworkEvent:114 
I/SFPerfTracer(  290):      triggers: (rate: 99:2294) (compose: 0:49) (post: 0:222) (render: 0:206) (5:88405 frames) (6:247795)
D/SFPerfTracer(  290):        layers: (4:10) (DimLayer: 0:249)* (DimLayer: 0:6)* (FocusedStackFrame: 0:2434)* (StatusBar: 6:34168) (NavigationBar: 0:2399)* (com.android.systemui.ImageWallpaper: 0:4542) (DimLayer: 0:1787)* (DimLayer: 0:418)* (com.motorola.motlauncher/com.android.launcher2.Launcher: 0:112) (Starting com.google.android.gm: 6:11) 
I/SFPerfTracer(  290):      triggers: (rate: 2:36) (0 sw vsyncs) (0 skipped) (27:183080 vsyncs) (29:247895)
I/LaunchCheckinHandler(  922): Displayed com.google.android.gm/.ConversationListActivityGmail,wp,ca,826
I/SFPerfTracer(  290):      triggers: (rate: 0:103) (2194785 sw vsyncs) (0 skipped) (38:661843 vsyncs) (40:2917604)
I/SFPerfTracer(  290):      triggers: (rate: 2:36) (0 sw vsyncs) (0 skipped) (14:183126 vsyncs) (16:247960)
I/SFPerfTracer(  290):      triggers: (rate: 0:103) (2194785 sw vsyncs) (0 skipped) (48:661955 vsyncs) (50:2917720)
I/SFPerfTracer(  290):      triggers: (rate: 99:2294) (compose: 0:49) (post: 0:222) (render: 0:206) (0:88427 frames) (1:247895)
D/SFPerfTracer(  290):        layers: (2:11) (DimLayer: 0:249)* (DimLayer: 0:6)* (FocusedStackFrame: 0:2438)* (StatusBar: 0:34182) (NavigationBar: 0:2399)* (com.android.systemui.ImageWallpaper: 0:4543)* (DimLayer: 0:1787)* (DimLayer: 0:418)* (com.motorola.motlauncher/com.android.launcher2.Launcher: 0:113)* (Starting com.google.android.gm: 0:38)* (com.google.android.gm/com.google.android.gm.ConversationListActivityGmail: 1:73) 
I/SFPerfTracer(  290):      triggers: (rate: 2:36) (0 sw vsyncs) (0 skipped) (14:183140 vsyncs) (16:247981)
I/SFPerfTracer(  290):      triggers: (rate: 0:103) (2194785 sw vsyncs) (0 skipped) (78:662046 vsyncs) (80:2917815)
I/SFPerfTracer(  290):      triggers: (rate: 0:103) (2194785 sw vsyncs) (0 skipped) (143:662233 vsyncs) (145:2918006)
I/ActivityManager(  922): Waited long enough for: ServiceRecord{4337c6c8 u0 com.android.mms/.transaction.TransactionService}
I/SFPerfTracer(  290):      triggers: (rate: 0:103) (2194785 sw vsyncs) (0 skipped) (85:662362 vsyncs) (87:2918139)
I/ActivityManager(  922): START u0 {act=android.intent.action.MAIN cat=[android.intent.category.HOME] flg=0x10200000 cmp=com.motorola.motlauncher/com.android.launcher2.Launcher} from pid 922
W/ContextImpl( 1388): Calling a method in the system process without a qualified user: android.app.ContextImpl.sendBroadcast:1280 android.content.ContextWrapper.sendBroadcast:365 com.motorola.motocare.util.TriggerHelper$TriggerBuilder.send:76 com.motorola.motocare.internal.frameworkevents.PauseResumeTrigger.handleFrameworkEvent:53 com.motorola.motocare.internal.frameworkevents.FwEventMonitor$FrameworkListener.processFrameworkEvent:114 
W/ContextImpl( 1388): Calling a method in the system process without a qualified user: android.app.ContextImpl.sendBroadcast:1280 android.content.ContextWrapper.sendBroadcast:365 com.motorola.motocare.util.TriggerHelper$TriggerBuilder.send:76 com.motorola.motocare.internal.frameworkevents.PauseResumeTrigger.handleFrameworkEvent:53 com.motorola.motocare.internal.frameworkevents.FwEventMonitor$FrameworkListener.processFrameworkEvent:114 
W/InputMethodManagerService(  922): Starting input on non-focused client com.android.internal.view.IInputMethodClient$Stub$Proxy@42d5c748 (uid=10106 pid=31732)
I/LaunchCheckinHandler(  922): Displayed com.motorola.motlauncher/com.android.launcher2.Launcher,wp,wa,148
I/SFPerfTracer(  290):      triggers: (rate: 2:36) (0 sw vsyncs) (0 skipped) (28:183168 vsyncs) (30:248015)
I/SFPerfTracer(  290):      triggers: (rate: 0:103) (2194785 sw vsyncs) (0 skipped) (91:662458 vsyncs) (93:2918239)
I/SFPerfTracer(  290):      triggers: (rate: 2:36) (0 sw vsyncs) (0 skipped) (39:183207 vsyncs) (41:248057)
I/PowerManagerService(  922): Going to sleep by user request...
I/SFPerfTracer(  290):      triggers: (rate: 0:103) (2194785 sw vsyncs) (0 skipped) (47:662553 vsyncs) (49:2918338)
I/SFPerfTracer(  290):      triggers: (rate: 2:36) (0 sw vsyncs) (0 skipped) (23:183230 vsyncs) (25:248084)
I/SFPerfTracer(  290):      triggers: (rate: 99:2294) (compose: 0:49) (post: 0:222) (render: 0:206) (23:88474 frames) (24:248003)
D/SFPerfTracer(  290):        layers: (4:11) (DimLayer: 0:249)* (DimLayer: 0:6)* (FocusedStackFrame: 0:2439)* (StatusBar: 0:34206) (NavigationBar: 0:2399)* (com.android.systemui.ImageWallpaper: 0:4545) (DimLayer: 0:1787)* (DimLayer: 0:418)* (com.google.android.gm/com.google.android.gm.ConversationListActivityGmail: 0:102)* (com.motorola.motlauncher/com.android.launcher2.Launcher: 0:48) (ElectronBeam: 24:26) 
W/ContextImpl( 1388): Calling a method in the system process without a qualified user: android.app.ContextImpl.sendBroadcast:1280 android.content.ContextWrapper.sendBroadcast:365 com.motorola.motocare.util.TriggerHelper$TriggerBuilder.send:76 com.motorola.motocare.internal.frameworkevents.PauseResumeTrigger.handleFrameworkEvent:53 com.motorola.motocare.internal.frameworkevents.FwEventMonitor$FrameworkListener.processFrameworkEvent:114 
W/ContextImpl(  922): Calling a method in the system process without a qualified user: android.app.ContextImpl.sendBroadcast:1280 com.motorola.internal.widget.GestureSharingTouchManager.handleScreenOff:155 com.motorola.internal.widget.GestureSharingTouchManager.access$100:25 com.motorola.internal.widget.GestureSharingTouchManager$2.onReceive:68 android.app.LoadedApk$ReceiverDispatcher$Args.run:768 
W/ContextImpl( 1388): Calling a method in the system process without a qualified user: android.app.ContextImpl.startService:1636 android.content.ContextWrapper.startService:494 android.content.ContextWrapper.startService:494 com.motorola.motocare.internal.batterystats.BatteryStatsAction.onReceive:33 android.app.ActivityThread.handleReceiver:2434 
V/AlarmManager(  922): sending alarm Alarm{42eb70c8 type 2 com.facebook.katana}
V/AlarmManager(  922): sending alarm Alarm{42eb5bf0 type 2 com.google.android.gms}
V/AlarmManager(  922): sending alarm Alarm{42eb1a78 type 0 com.facebook.katana}
D/WifiService(  922): acquireWifiLockLocked: WifiLock{NlpWifiLock type=2 binder=android.os.BinderProxy@42c9fca8}
D/WifiService(  922): releaseWifiLockLocked: WifiLock{NlpWifiLock type=2 binder=android.os.BinderProxy@42c9fca8}
V/AlarmManager(  922): sending alarm Alarm{42d19830 type 3 android}
V/AlarmManager(  922): sending alarm Alarm{42b43c30 type 2 com.google.android.gms}
V/AlarmManager(  922): sending alarm Alarm{42d3f308 type 2 com.facebook.katana}
V/AlarmManager(  922): sending alarm Alarm{4330d5d0 type 2 com.facebook.katana}
V/AlarmManager(  922): sending alarm Alarm{4321a160 type 2 com.facebook.katana}
V/AlarmManager(  922): sending alarm Alarm{43214848 type 2 com.facebook.katana}
V/AlarmManager(  922): sending alarm Alarm{42f72b68 type 2 com.facebook.katana}
V/AlarmManager(  922): sending alarm Alarm{42e24be8 type 2 com.facebook.katana}
V/AlarmManager(  922): sending alarm Alarm{42e24950 type 2 android}
I/ActivityManager(  922): Killing 4628:com.google.android.talk/u0a112 (adj 15): empty for 1800s
I/ActivityManager(  922): Killing 17033:com.google.android.gms.unstable/u0a38 (adj 15): empty for 1800s
W/ContextImpl( 1388): Calling a method in the system process without a qualified user: android.app.ContextImpl.sendBroadcast:1280 android.content.ContextWrapper.sendBroadcast:365 com.motorola.motocare.util.TriggerHelper$TriggerBuilder.send:76 com.motorola.motocare.internal.frameworkevents.ProcessKillTrigger.sendTrigger:147 com.motorola.motocare.internal.frameworkevents.ProcessKillTrigger.handleFrameworkEvent:164 
W/ContextImpl( 1388): Calling a method in the system process without a qualified user: android.app.ContextImpl.sendBroadcast:1280 android.content.ContextWrapper.sendBroadcast:365 com.motorola.motocare.util.TriggerHelper$TriggerBuilder.send:76 com.motorola.motocare.internal.frameworkevents.ProcessKillTrigger.sendTrigger:147 com.motorola.motocare.internal.frameworkevents.ProcessKillTrigger.handleFrameworkEvent:164 
D/ConnectivityService(  922): handleInetConditionHoldEnd: net=1, condition=100, published condition=100
I/ActivityManager(  922): Killing 17128:com.motorola.MotGallery2/u0a51 (adj 15): empty for 1800s
W/ContextImpl( 1388): Calling a method in the system process without a qualified user: android.app.ContextImpl.sendBroadcast:1280 android.content.ContextWrapper.sendBroadcast:365 com.motorola.motocare.util.TriggerHelper$TriggerBuilder.send:76 com.motorola.motocare.internal.frameworkevents.ProcessKillTrigger.sendTrigger:147 com.motorola.motocare.internal.frameworkevents.ProcessKillTrigger.handleFrameworkEvent:164 
V/AlarmManager(  922): sending alarm Alarm{42d49958 type 2 com.google.android.gms}
V/AlarmManager(  922): sending alarm Alarm{42d302f8 type 2 android}
D/WifiService(  922): acquireWifiLockLocked: WifiLock{NlpWifiLock type=2 binder=android.os.BinderProxy@42968170}
D/WifiService(  922): releaseWifiLockLocked: WifiLock{NlpWifiLock type=2 binder=android.os.BinderProxy@42968170}
V/AlarmManager(  922): sending alarm Alarm{42a150e8 type 3 android}
D/WifiService(  922): acquireWifiLockLocked: WifiLock{NlpWifiLock type=2 binder=android.os.BinderProxy@4204b318}
D/WifiService(  922): releaseWifiLockLocked: WifiLock{NlpWifiLock type=2 binder=android.os.BinderProxy@4204b318}
V/AlarmManager(  922): sending alarm Alarm{4200d0a0 type 2 com.facebook.katana}
V/AlarmManager(  922): sending alarm Alarm{4200d150 type 2 com.motorola.ccc.cce}
V/AlarmManager(  922): sending alarm Alarm{42098c18 type 2 com.google.android.gms}
D/WifiService(  922): acquireWifiLockLocked: WifiLock{NlpWifiLock type=2 binder=android.os.BinderProxy@42968170}
D/WifiService(  922): releaseWifiLockLocked: WifiLock{NlpWifiLock type=2 binder=android.os.BinderProxy@42968170}
V/AlarmManager(  922): sending alarm Alarm{42e433d8 type 3 android}
V/AlarmManager(  922): sending alarm Alarm{42e41990 type 2 com.google.android.gms}
D/WifiService(  922): acquireWifiLockLocked: WifiLock{NlpWifiLock type=2 binder=android.os.BinderProxy@42b91bc8}
D/WifiService(  922): releaseWifiLockLocked: WifiLock{NlpWifiLock type=2 binder=android.os.BinderProxy@42b91bc8}
V/AlarmManager(  922): sending alarm Alarm{42c2d880 type 3 android}
V/AlarmManager(  922): sending alarm Alarm{42c2c698 type 2 com.google.android.gms}
V/AlarmManager(  922): sending alarm Alarm{42c289a8 type 3 com.squareup}
D/WifiService(  922): acquireWifiLockLocked: WifiLock{NlpWifiLock type=2 binder=android.os.BinderProxy@42b91bc8}
D/WifiService(  922): releaseWifiLockLocked: WifiLock{NlpWifiLock type=2 binder=android.os.BinderProxy@42b91bc8}
V/AlarmManager(  922): sending alarm Alarm{43369e68 type 3 android}
V/AlarmManager(  922): sending alarm Alarm{43371f88 type 2 com.google.android.gms}
D/WifiService(  922): acquireWifiLockLocked: WifiLock{NlpWifiLock type=2 binder=android.os.BinderProxy@42b91bc8}
D/WifiService(  922): releaseWifiLockLocked: WifiLock{NlpWifiLock type=2 binder=android.os.BinderProxy@42b91bc8}
V/AlarmManager(  922): sending alarm Alarm{42a25118 type 3 android}
V/AlarmManager(  922): sending alarm Alarm{42a250b0 type 2 com.google.android.gms}
D/WifiService(  922): acquireWifiLockLocked: WifiLock{NlpWifiLock type=2 binder=android.os.BinderProxy@42b91bc8}
D/WifiService(  922): releaseWifiLockLocked: WifiLock{NlpWifiLock type=2 binder=android.os.BinderProxy@42b91bc8}
V/AlarmManager(  922): sending alarm Alarm{42fffee8 type 3 android}
V/AlarmManager(  922): sending alarm Alarm{42ec67b0 type 2 com.google.android.gms}
D/WifiService(  922): acquireWifiLockLocked: WifiLock{NlpWifiLock type=2 binder=android.os.BinderProxy@42b91bc8}
D/WifiService(  922): releaseWifiLockLocked: WifiLock{NlpWifiLock type=2 binder=android.os.BinderProxy@42b91bc8}
V/AlarmManager(  922): sending alarm Alarm{435c4118 type 3 android}
V/AlarmManager(  922): sending alarm Alarm{435c4050 type 1 com.google.android.deskclock}
V/AlarmManager(  922): sending alarm Alarm{436e9750 type 2 com.google.android.gms}
D/WifiService(  922): acquireWifiLockLocked: WifiLock{NlpWifiLock type=2 binder=android.os.BinderProxy@42b91bc8}
D/WifiService(  922): releaseWifiLockLocked: WifiLock{NlpWifiLock type=2 binder=android.os.BinderProxy@42b91bc8}
D/WifiService(  922): acquireWifiLockLocked: WifiLock{NlpWifiLock type=2 binder=android.os.BinderProxy@42b91bc8}
D/WifiService(  922): releaseWifiLockLocked: WifiLock{NlpWifiLock type=2 binder=android.os.BinderProxy@42b91bc8}
V/AlarmManager(  922): sending alarm Alarm{42d362b8 type 3 android}
V/AlarmManager(  922): sending alarm Alarm{42d34068 type 2 com.google.android.gms}
V/AlarmManager(  922): sending alarm Alarm{43313190 type 2 com.google.android.gms}
D/WifiService(  922): acquireWifiLockLocked: WifiLock{NlpWifiLock type=2 binder=android.os.BinderProxy@42b91bc8}
D/WifiService(  922): releaseWifiLockLocked: WifiLock{NlpWifiLock type=2 binder=android.os.BinderProxy@42b91bc8}
V/AlarmManager(  922): sending alarm Alarm{433b0138 type 3 android}
D/ConnectivityService(  922): handleInetConditionHoldEnd: net=1, condition=100, published condition=100
V/AlarmManager(  922): sending alarm Alarm{42023630 type 2 com.google.android.gms}
D/WifiService(  922): acquireWifiLockLocked: WifiLock{NlpWifiLock type=2 binder=android.os.BinderProxy@42b91bc8}
D/WifiService(  922): releaseWifiLockLocked: WifiLock{NlpWifiLock type=2 binder=android.os.BinderProxy@42b91bc8}
V/AlarmManager(  922): sending alarm Alarm{42003140 type 3 android}
W/ProcessCpuTracker(  922): Skipping unknown process pid 30076
W/ProcessCpuTracker(  922): Skipping unknown process pid 30077
W/ProcessCpuTracker(  922): Skipping unknown process pid 30078
W/ProcessCpuTracker(  922): Skipping unknown process pid 30079
V/AlarmManager(  922): sending alarm Alarm{42003190 type 2 android}
D/ConnectivityService(  922): Sampling interval elapsed, updating statistics ..
D/ConnectivityService(  922): Done.
D/ConnectivityService(  922): Setting timer for 720seconds
V/AlarmManager(  922): sending alarm Alarm{4324d050 type 3 android}
V/AlarmManager(  922): sending alarm Alarm{43013cc0 type 3 android}
I/ActivityManager(  922): Killing 10206:com.android.calendar/u0a19 (adj 15): empty for 1801s
W/ContextImpl( 1388): Calling a method in the system process without a qualified user: android.app.ContextImpl.sendBroadcast:1280 android.content.ContextWrapper.sendBroadcast:365 com.motorola.motocare.util.TriggerHelper$TriggerBuilder.send:76 com.motorola.motocare.internal.frameworkevents.ProcessKillTrigger.sendTrigger:147 com.motorola.motocare.internal.frameworkevents.ProcessKillTrigger.handleFrameworkEvent:164 
V/AlarmManager(  922): sending alarm Alarm{42faed58 type 3 android}
V/AlarmManager(  922): sending alarm Alarm{4320ff08 type 3 android}
V/AlarmManager(  922): sending alarm Alarm{41fea170 type 2 com.google.android.gms}
D/WifiService(  922): acquireWifiLockLocked: WifiLock{NlpWifiLock type=2 binder=android.os.BinderProxy@42b91bc8}
D/WifiService(  922): releaseWifiLockLocked: WifiLock{NlpWifiLock type=2 binder=android.os.BinderProxy@42b91bc8}
V/AlarmManager(  922): sending alarm Alarm{431e7e80 type 3 android}
V/AlarmManager(  922): sending alarm Alarm{42c8a1e8 type 3 android}
V/AlarmManager(  922): sending alarm Alarm{42eb39a8 type 3 android}
V/AlarmManager(  922): sending alarm Alarm{431ed750 type 2 com.facebook.katana}
V/AlarmManager(  922): sending alarm Alarm{431ed810 type 2 com.google.android.gms}
V/AlarmManager(  922): sending alarm Alarm{431ed860 type 0 com.google.android.gms}
V/AlarmManager(  922): sending alarm Alarm{431ed8b0 type 1 com.motorola.motocare}
W/ContextImpl( 1388): Calling a method in the system process without a qualified user: android.app.ContextImpl.startService:1636 android.content.ContextWrapper.startService:494 android.content.ContextWrapper.startService:494 com.motorola.motocare.internal.batterystats.BatteryStatsAction.onReceive:33 android.app.ActivityThread.handleReceiver:2434 
I/EntropyMixer(  922): Writing entropy...
D/ConnectivityService(  922): handleInetConditionHoldEnd: net=1, condition=100, published condition=100
D/WifiP2pService(  922): InactiveState{ when=-15ms what=147461 target=com.android.internal.util.StateMachine$SmHandler }
D/WifiP2pService(  922): P2pEnabledState{ when=-15ms what=147461 target=com.android.internal.util.StateMachine$SmHandler }
D/WifiP2pService(  922): DefaultState{ when=-16ms what=147461 target=com.android.internal.util.StateMachine$SmHandler }
V/AlarmManager(  922): sending alarm Alarm{4322f520 type 3 android}
V/AlarmManager(  922): sending alarm Alarm{42e7f498 type 3 android}
V/AlarmManager(  922): sending alarm Alarm{4322e108 type 2 com.google.android.gms}
D/WifiService(  922): acquireWifiLockLocked: WifiLock{NlpWifiLock type=2 binder=android.os.BinderProxy@42be9018}
D/WifiService(  922): releaseWifiLockLocked: WifiLock{NlpWifiLock type=2 binder=android.os.BinderProxy@42be9018}
V/AlarmManager(  922): sending alarm Alarm{41fc3b70 type 3 android}
V/AlarmManager(  922): sending alarm Alarm{42d33488 type 3 android}
D/WifiService(  922): acquireWifiLockLocked: WifiLock{NlpWifiLock type=2 binder=android.os.BinderProxy@42c0a550}
D/WifiService(  922): releaseWifiLockLocked: WifiLock{NlpWifiLock type=2 binder=android.os.BinderProxy@42c0a550}
V/AlarmManager(  922): sending alarm Alarm{42b47438 type 3 android}
V/AlarmManager(  922): sending alarm Alarm{42b3f390 type 2 com.facebook.katana}
V/AlarmManager(  922): sending alarm Alarm{42b31948 type 1 com.google.android.deskclock}
V/AlarmManager(  922): sending alarm Alarm{4322d550 type 2 android}
V/AlarmManager(  922): sending alarm Alarm{43213628 type 2 android}
D/ConnectivityService(  922): Sampling interval elapsed, updating statistics ..
D/ConnectivityService(  922): Done.
D/ConnectivityService(  922): Setting timer for 720seconds
V/AlarmManager(  922): sending alarm Alarm{43218630 type 3 android}
V/AlarmManager(  922): sending alarm Alarm{4358a650 type 3 android}
V/AlarmManager(  922): sending alarm Alarm{431ed5e8 type 2 com.google.android.gms}
D/WifiService(  922): acquireWifiLockLocked: WifiLock{NlpWifiLock type=2 binder=android.os.BinderProxy@42be9018}
D/WifiService(  922): releaseWifiLockLocked: WifiLock{NlpWifiLock type=2 binder=android.os.BinderProxy@42be9018}
V/AlarmManager(  922): sending alarm Alarm{42f5c658 type 3 android}
V/AlarmManager(  922): sending alarm Alarm{42f5c708 type 2 com.google.android.gms}
V/AlarmManager(  922): sending alarm Alarm{42fad4e8 type 3 android}
V/AlarmManager(  922): sending alarm Alarm{42fad538 type 1 com.google.android.inputmethod.latin}
D/MobileDataStateTracker(  922): default: setPolicyDataEnable(enabled=true)
V/AlarmManager(  922): sending alarm Alarm{420174f8 type 3 android}
D/ConnectivityService(  922): handleInetConditionHoldEnd: net=1, condition=100, published condition=100
V/AlarmManager(  922): sending alarm Alarm{431ff348 type 3 com.motorola.blur.weather}
V/AlarmManager(  922): sending alarm Alarm{431ff3d8 type 2 android}
D/WifiP2pService(  922): InactiveState{ when=0 what=143375 arg1=1 arg2=196615 obj=android.net.DhcpStateMachine@429ad460 target=com.android.internal.util.StateMachine$SmHandler }
D/WifiP2pService(  922): P2pEnabledState{ when=0 what=143375 arg1=1 arg2=196615 obj=android.net.DhcpStateMachine@429ad460 target=com.android.internal.util.StateMachine$SmHandler }
D/WifiP2pService(  922): InactiveState{ when=-1ms what=143375 target=com.android.internal.util.StateMachine$SmHandler }
D/WifiP2pService(  922): P2pEnabledState{ when=-1ms what=143375 target=com.android.internal.util.StateMachine$SmHandler }
D/ConnectivityService(  922): Captive portal check NetworkInfo: type: WIFI[], state: CONNECTING/CAPTIVE_PORTAL_CHECK, reason: (unspecified), extra: "75RUTHELEN", roaming: false, failover: false, isAvailable: true, isConnectedToProvisioningNetwork: false
D/ConnectivityService(  922): handleCaptivePortalTrackerCheck: call captivePortalCheckComplete ni=NetworkInfo: type: WIFI[], state: CONNECTING/CAPTIVE_PORTAL_CHECK, reason: (unspecified), extra: "75RUTHELEN", roaming: false, failover: false, isAvailable: true, isConnectedToProvisioningNetwork: false
D/ConnectivityService(  922): Captive portal check NetworkInfo: type: WIFI[], state: CONNECTING/CAPTIVE_PORTAL_CHECK, reason: (unspecified), extra: "75RUTHELEN", roaming: false, failover: false, isAvailable: true, isConnectedToProvisioningNetwork: false
D/ConnectivityService(  922): handleCaptivePortalTrackerCheck: call captivePortalCheckComplete ni=NetworkInfo: type: WIFI[], state: CONNECTING/CAPTIVE_PORTAL_CHECK, reason: (unspecified), extra: "75RUTHELEN", roaming: false, failover: false, isAvailable: true, isConnectedToProvisioningNetwork: false
D/ConnectivityService(  922): ConnectivityChange for WIFI: CONNECTED/CONNECTED
V/ConnectivityService(  922): WiFi NOT Tethered!
D/ConnectivityService(  922): get data network operator numeric is: 311480
E/ConnectivityService(  922): net.tcp.usercfg.wifi not found in system properties. Using defaults
E/ConnectivityService(  922): net.tcp.delack.wifi not found in system properties. Using defaults
E/ConnectivityService(  922): Unexpected mtu value: android.net.wifi.WifiStateTracker@427fe630
D/ConnectivityService(  922): handleConnectivityChange: address are the same reset per doReset linkProperty[1]: resetMask=0
D/Nat464Xlat(  922): requiresClat: netType=1, hasIPv4Address=true
D/ConnectivityService(  922): ConnectivityChange for WIFI: CONNECTED/CONNECTED
V/ConnectivityService(  922): WiFi NOT Tethered!
D/ConnectivityService(  922): get data network operator numeric is: 311480
E/ConnectivityService(  922): net.tcp.usercfg.wifi not found in system properties. Using defaults
E/ConnectivityService(  922): net.tcp.delack.wifi not found in system properties. Using defaults
E/ConnectivityService(  922): Unexpected mtu value: android.net.wifi.WifiStateTracker@427fe630
D/ConnectivityService(  922): handleConnectivityChange: address are the same reset per doReset linkProperty[1]: resetMask=0
D/Nat464Xlat(  922): requiresClat: netType=1, hasIPv4Address=true
D/MobileDataStateTracker(  922): default: setPolicyDataEnable(enabled=true)
D/MobileDataStateTracker(  922): default: setPolicyDataEnable(enabled=true)
D/MobileDataStateTracker(  922): default: setPolicyDataEnable(enabled=true)
D/MobileDataStateTracker(  922): default: setPolicyDataEnable(enabled=true)
D/ConnectivityService(  922): NetTransition Wakelock for ConnectedState released by timeout
V/AlarmManager(  922): sending alarm Alarm{431ff428 type 3 com.amazon.venezia}
V/AlarmManager(  922): sending alarm Alarm{431ff500 type 0 com.google.android.googlequicksearchbox}
V/AlarmManager(  922): sending alarm Alarm{43224710 type 3 android}
I/ActivityManager(  922): Start proc com.google.android.partnersetup for content provider com.google.android.partnersetup/.RlzAppProvider: pid=30684 uid=10041 gids={50041, 3003}
E/ActivityThread( 2568): Failed to find provider info for com.motorola.blur.setupprovider
E/ActivityThread( 2568): Failed to find provider info for com.motorola.blur.setupprovider
I/openssl ( 7532): Crypto mode not selected, openssl will run on its regular mode.
I/openssl ( 7532): Crypto mode 0 already enabled
V/ConnectivityService(  922): Hipri Permission check fail
I/openssl ( 7532): Crypto mode not selected, openssl will run on its regular mode.
I/openssl ( 7532): Crypto mode 0 already enabled
V/ConnectivityService(  922): Hipri Permission check fail
D/ConnectivityService(  922): handleInetConditionHoldEnd: net=1, condition=100, published condition=0
D/WifiService(  922): acquireWifiLockLocked: WifiLock{NlpWifiLock type=2 binder=android.os.BinderProxy@429b8ce8}
D/WifiService(  922): acquireWifiLockLocked: WifiLock{NlpWifiLock type=2 binder=android.os.BinderProxy@4298de60}
D/WifiService(  922): releaseWifiLockLocked: WifiLock{NlpWifiLock type=2 binder=android.os.BinderProxy@4298de60}
D/WifiService(  922): acquireWifiLockLocked: WifiLock{NlpWifiLock type=2 binder=android.os.BinderProxy@4298de60}
D/WifiService(  922): releaseWifiLockLocked: WifiLock{NlpWifiLock type=2 binder=android.os.BinderProxy@4298de60}
D/WifiService(  922): acquireWifiLockLocked: WifiLock{NlpWifiLock type=2 binder=android.os.BinderProxy@4298de60}
D/WifiService(  922): releaseWifiLockLocked: WifiLock{NlpWifiLock type=2 binder=android.os.BinderProxy@429b8ce8}
W/ContextImpl(  922): Calling a method in the system process without a qualified user: android.app.ContextImpl.sendBroadcast:1280 com.android.server.location.GpsLocationProvider$MovementMonitor.broadcastSavings:2417 com.android.server.location.GpsLocationProvider$MovementMonitor.access$5700:2265 com.android.server.location.GpsLocationProvider$MovementMonitor$1.onEndMovement:2604 com.motorola.slpc.ModalityManager$MovementListenerTransport._handleMessage:1103 
W/ContextImpl(  922): Calling a method in the system process without a qualified user: android.app.ContextImpl.sendBroadcast:1280 com.android.server.location.GpsLocationProvider$MovementMonitor.broadcastSavings:2417 com.android.server.location.GpsLocationProvider$MovementMonitor.updateSavings:2407 com.android.server.location.GpsLocationProvider.stopNavigating_Locked:1399 com.android.server.location.GpsLocationProvider.stopNavigating:1362 
D/WifiService(  922): releaseWifiLockLocked: WifiLock{NlpWifiLock type=2 binder=android.os.BinderProxy@4298de60}
V/AlarmManager(  922): sending alarm Alarm{4323b6d0 type 3 android}
V/AlarmManager(  922): sending alarm Alarm{42cb7ce8 type 2 android}
V/AlarmManager(  922): sending alarm Alarm{42cb7328 type 3 android}
V/AlarmManager(  922): sending alarm Alarm{42c09890 type 3 android}
V/AlarmManager(  922): sending alarm Alarm{42c05670 type 3 android}
V/AlarmManager(  922): sending alarm Alarm{42bf5b90 type 3 android}
V/AlarmManager(  922): sending alarm Alarm{42cb5100 type 2 com.motorola.ccc.cce}
V/AlarmManager(  922): sending alarm Alarm{42cb5030 type 2 com.google.android.gms}
D/WifiService(  922): acquireWifiLockLocked: WifiLock{NlpWifiLock type=2 binder=android.os.BinderProxy@42bc5da8}
D/WifiService(  922): releaseWifiLockLocked: WifiLock{NlpWifiLock type=2 binder=android.os.BinderProxy@42bc5da8}
V/AlarmManager(  922): sending alarm Alarm{42aa2810 type 3 android}
V/AlarmManager(  922): sending alarm Alarm{42b9d7f0 type 3 android}
V/AlarmManager(  922): sending alarm Alarm{42a989e8 type 2 com.google.android.gms}
V/AlarmManager(  922): sending alarm Alarm{42a832a8 type 2 com.facebook.katana}
V/AlarmManager(  922): sending alarm Alarm{42a76898 type 2 android}
D/ConnectivityService(  922): Sampling interval elapsed, updating statistics ..
D/ConnectivityService(  922): Done.
D/ConnectivityService(  922): Setting timer for 720seconds
V/AlarmManager(  922): sending alarm Alarm{42fcb168 type 3 android}
D/ConnectivityService(  922): handleInetConditionHoldEnd: net=1, condition=100, published condition=100
V/AlarmManager(  922): sending alarm Alarm{432f48a0 type 3 android}
V/AlarmManager(  922): sending alarm Alarm{43373b20 type 3 android}
V/AlarmManager(  922): sending alarm Alarm{42fccbb0 type 1 com.google.android.deskclock}
V/AlarmManager(  922): sending alarm Alarm{430086d8 type 2 com.google.android.gms}
D/WifiService(  922): acquireWifiLockLocked: WifiLock{NlpWifiLock type=2 binder=android.os.BinderProxy@42bc5da8}
D/WifiService(  922): releaseWifiLockLocked: WifiLock{NlpWifiLock type=2 binder=android.os.BinderProxy@42bc5da8}
V/AlarmManager(  922): sending alarm Alarm{431a7618 type 3 android}
V/AlarmManager(  922): sending alarm Alarm{43551820 type 3 android}
V/AlarmManager(  922): sending alarm Alarm{431bdd60 type 3 android}
V/AlarmManager(  922): sending alarm Alarm{434f75b8 type 3 android}
V/AlarmManager(  922): sending alarm Alarm{431a4428 type 2 com.google.android.gms}
V/AlarmManager(  922): sending alarm Alarm{42ff1f00 type 3 android}
D/WifiService(  922): acquireWifiLockLocked: WifiLock{NlpWifiLock type=2 binder=android.os.BinderProxy@42bc5da8}
D/WifiService(  922): releaseWifiLockLocked: WifiLock{NlpWifiLock type=2 binder=android.os.BinderProxy@42bc5da8}
V/AlarmManager(  922): sending alarm Alarm{42cdd4f8 type 2 com.google.android.gms}
D/WifiService(  922): acquireWifiLockLocked: WifiLock{NlpWifiLock type=2 binder=android.os.BinderProxy@431fe350}
D/ConnectivityService(  922): handleInetConditionHoldEnd: net=1, condition=100, published condition=100
D/WifiService(  922): releaseWifiLockLocked: WifiLock{NlpWifiLock type=2 binder=android.os.BinderProxy@431fe350}
V/AlarmManager(  922): sending alarm Alarm{42b33078 type 3 android}
V/AlarmManager(  922): sending alarm Alarm{43552038 type 3 android}
V/AlarmManager(  922): sending alarm Alarm{433c66b8 type 3 android}
V/AlarmManager(  922): sending alarm Alarm{431cf8e8 type 3 android}
V/AlarmManager(  922): sending alarm Alarm{434e8ad0 type 3 android}
V/AlarmManager(  922): sending alarm Alarm{42b33128 type 2 com.google.android.apps.maps}
V/AlarmManager(  922): sending alarm Alarm{42b33200 type 2 android}
V/AlarmManager(  922): sending alarm Alarm{42b33250 type 2 com.google.android.gms}
V/AlarmManager(  922): sending alarm Alarm{431f6c48 type 2 com.google.android.gms}
V/AlarmManager(  922): sending alarm Alarm{431f6c98 type 0 com.google.android.gms}
D/ConnectivityService(  922): Sampling interval elapsed, updating statistics ..
D/ConnectivityService(  922): Done.
D/ConnectivityService(  922): Setting timer for 720seconds
D/WifiService(  922): acquireWifiLockLocked: WifiLock{NlpWifiLock type=2 binder=android.os.BinderProxy@42bc5da8}
D/WifiService(  922): acquireWifiLockLocked: WifiLock{NlpWifiLock type=2 binder=android.os.BinderProxy@434ed5c8}
D/WifiService(  922): releaseWifiLockLocked: WifiLock{NlpWifiLock type=2 binder=android.os.BinderProxy@434ed5c8}
V/AlarmManager(  922): sending alarm Alarm{42ecee18 type 2 com.google.android.gms}
D/WifiService(  922): releaseWifiLockLocked: WifiLock{NlpWifiLock type=2 binder=android.os.BinderProxy@42bc5da8}
V/AlarmManager(  922): sending alarm Alarm{42f9a568 type 3 android}
V/AlarmManager(  922): sending alarm Alarm{436eaea0 type 3 android}
V/AlarmManager(  922): sending alarm Alarm{42cfe180 type 3 android}
V/AlarmManager(  922): sending alarm Alarm{431bda28 type 3 android}
V/AlarmManager(  922): sending alarm Alarm{4320dd50 type 2 com.google.android.gms}
V/AlarmManager(  922): sending alarm Alarm{43246c18 type 3 android}
V/AlarmManager(  922): sending alarm Alarm{432fdf78 type 2 com.facebook.katana}
V/AlarmManager(  922): sending alarm Alarm{432835f8 type 2 com.motorola.aon}
V/AlarmManager(  922): sending alarm Alarm{4324d568 type 1 com.motorola.motocare}
V/AlarmManager(  922): sending alarm Alarm{4327f880 type 1 com.motorola.context}
V/AlarmManager(  922): sending alarm Alarm{43282688 type 1 com.android.calendar}
I/ActivityManager(  922): Start proc com.android.calendar for broadcast com.android.calendar/.widget.CalendarAppWidgetService$CalendarFactory: pid=31512 uid=10019 gids={50019, 3003, 1028, 1015}
D/ConnectivityService(  922): handleInetConditionHoldEnd: net=1, condition=100, published condition=100
W/ContextImpl( 1388): Calling a method in the system process without a qualified user: android.app.ContextImpl.startService:1636 android.content.ContextWrapper.startService:494 android.content.ContextWrapper.startService:494 com.motorola.motocare.internal.batterystats.BatteryStatsAction.onReceive:33 android.app.ActivityThread.handleReceiver:2434 
W/ContextImpl( 1388): Calling a method in the system process without a qualified user: android.app.ContextImpl.sendBroadcast:1280 android.content.ContextWrapper.sendBroadcast:365 android.content.ContextWrapper.sendBroadcast:365 com.motorola.motocare.internal.SmsCallsAction.onReceiveImpl:64 com.motorola.motocare.internal.SmsCallsAction.access$000:21 
I/ActivityManager(  922): Start proc com.android.defcontainer for service com.android.defcontainer/.DefaultContainerService: pid=31531 uid=10030 gids={50030, 1028, 1015, 1023, 2001, 1035}
V/AlarmManager(  922): sending alarm Alarm{42c9bb88 type 2 com.google.android.gms}
V/AlarmManager(  922): sending alarm Alarm{42c9b508 type 0 com.motorola.vzw.vvm}
V/AlarmManager(  922): sending alarm Alarm{42c9aa38 type 1 com.google.android.deskclock}
D/WifiService(  922): acquireWifiLockLocked: WifiLock{NlpWifiLock type=2 binder=android.os.BinderProxy@42ac8c40}
D/WifiService(  922): releaseWifiLockLocked: WifiLock{NlpWifiLock type=2 binder=android.os.BinderProxy@42ac8c40}
D/WifiService(  922): acquireWifiLockLocked: WifiLock{NlpWifiLock type=2 binder=android.os.BinderProxy@42b12ce8}
D/WifiService(  922): acquireWifiLockLocked: WifiLock{NlpWifiLock type=2 binder=android.os.BinderProxy@42ac8c40}
D/WifiService(  922): releaseWifiLockLocked: WifiLock{NlpWifiLock type=2 binder=android.os.BinderProxy@42ac8c40}
D/WifiService(  922): acquireWifiLockLocked: WifiLock{NlpWifiLock type=2 binder=android.os.BinderProxy@42ac8c40}
D/WifiService(  922): releaseWifiLockLocked: WifiLock{NlpWifiLock type=2 binder=android.os.BinderProxy@42b12ce8}
W/ContextImpl(  922): Calling a method in the system process without a qualified user: android.app.ContextImpl.sendBroadcast:1280 com.android.server.location.GpsLocationProvider$MovementMonitor.broadcastSavings:2417 com.android.server.location.GpsLocationProvider$MovementMonitor.access$5700:2265 com.android.server.location.GpsLocationProvider$MovementMonitor$1.onEndMovement:2604 com.motorola.slpc.ModalityManager$MovementListenerTransport._handleMessage:1103 
W/ContextImpl(  922): Calling a method in the system process without a qualified user: android.app.ContextImpl.sendBroadcast:1280 com.android.server.location.GpsLocationProvider$MovementMonitor.broadcastSavings:2417 com.android.server.location.GpsLocationProvider$MovementMonitor.updateSavings:2407 com.android.server.location.GpsLocationProvider.stopNavigating_Locked:1399 com.android.server.location.GpsLocationProvider.stopNavigating:1362 
D/WifiService(  922): releaseWifiLockLocked: WifiLock{NlpWifiLock type=2 binder=android.os.BinderProxy@42ac8c40}
V/AlarmManager(  922): sending alarm Alarm{42bc60f0 type 3 android}
V/AlarmManager(  922): sending alarm Alarm{42a6cfa0 type 3 android}
V/AlarmManager(  922): sending alarm Alarm{42e7ff90 type 3 android}
V/AlarmManager(  922): sending alarm Alarm{42bc3b88 type 2 android}
D/WifiP2pService(  922): InactiveState{ when=0 what=143375 arg1=1 arg2=196615 obj=android.net.DhcpStateMachine@429ad460 target=com.android.internal.util.StateMachine$SmHandler }
D/WifiP2pService(  922): P2pEnabledState{ when=0 what=143375 arg1=1 arg2=196615 obj=android.net.DhcpStateMachine@429ad460 target=com.android.internal.util.StateMachine$SmHandler }
D/WifiP2pService(  922): InactiveState{ when=-1ms what=143375 target=com.android.internal.util.StateMachine$SmHandler }
D/WifiP2pService(  922): P2pEnabledState{ when=-1ms what=143375 target=com.android.internal.util.StateMachine$SmHandler }
D/ConnectivityService(  922): Captive portal check NetworkInfo: type: WIFI[], state: CONNECTING/CAPTIVE_PORTAL_CHECK, reason: (unspecified), extra: "75RUTHELEN", roaming: false, failover: false, isAvailable: true, isConnectedToProvisioningNetwork: false
D/ConnectivityService(  922): handleCaptivePortalTrackerCheck: call captivePortalCheckComplete ni=NetworkInfo: type: WIFI[], state: CONNECTING/CAPTIVE_PORTAL_CHECK, reason: (unspecified), extra: "75RUTHELEN", roaming: false, failover: false, isAvailable: true, isConnectedToProvisioningNetwork: false
D/ConnectivityService(  922): Captive portal check NetworkInfo: type: WIFI[], state: CONNECTING/CAPTIVE_PORTAL_CHECK, reason: (unspecified), extra: "75RUTHELEN", roaming: false, failover: false, isAvailable: true, isConnectedToProvisioningNetwork: false
D/ConnectivityService(  922): handleCaptivePortalTrackerCheck: call captivePortalCheckComplete ni=NetworkInfo: type: WIFI[], state: CONNECTING/CAPTIVE_PORTAL_CHECK, reason: (unspecified), extra: "75RUTHELEN", roaming: false, failover: false, isAvailable: true, isConnectedToProvisioningNetwork: false
D/ConnectivityService(  922): ConnectivityChange for WIFI: CONNECTED/CONNECTED
V/ConnectivityService(  922): WiFi NOT Tethered!
D/ConnectivityService(  922): get data network operator numeric is: 311480
E/ConnectivityService(  922): net.tcp.usercfg.wifi not found in system properties. Using defaults
E/ConnectivityService(  922): net.tcp.delack.wifi not found in system properties. Using defaults
E/ConnectivityService(  922): Unexpected mtu value: android.net.wifi.WifiStateTracker@427fe630
D/ConnectivityService(  922): handleConnectivityChange: address are the same reset per doReset linkProperty[1]: resetMask=0
D/Nat464Xlat(  922): requiresClat: netType=1, hasIPv4Address=true
D/ConnectivityService(  922): ConnectivityChange for WIFI: CONNECTED/CONNECTED
V/ConnectivityService(  922): WiFi NOT Tethered!
D/ConnectivityService(  922): get data network operator numeric is: 311480
E/ConnectivityService(  922): net.tcp.usercfg.wifi not found in system properties. Using defaults
E/ConnectivityService(  922): net.tcp.delack.wifi not found in system properties. Using defaults
E/ConnectivityService(  922): Unexpected mtu value: android.net.wifi.WifiStateTracker@427fe630
D/ConnectivityService(  922): handleConnectivityChange: address are the same reset per doReset linkProperty[1]: resetMask=0
D/Nat464Xlat(  922): requiresClat: netType=1, hasIPv4Address=true
D/MobileDataStateTracker(  922): default: setPolicyDataEnable(enabled=true)
D/MobileDataStateTracker(  922): default: setPolicyDataEnable(enabled=true)
D/MobileDataStateTracker(  922): default: setPolicyDataEnable(enabled=true)
D/MobileDataStateTracker(  922): default: setPolicyDataEnable(enabled=true)
D/ConnectivityService(  922): NetTransition Wakelock for ConnectedState released by timeout
V/AlarmManager(  922): sending alarm Alarm{4298e0e0 type 3 android}
V/AlarmManager(  922): sending alarm Alarm{42bc6610 type 2 com.google.android.gms}
E/ActivityThread( 2568): Failed to find provider info for com.motorola.blur.setupprovider
E/ActivityThread( 2568): Failed to find provider info for com.motorola.blur.setupprovider
I/openssl ( 7532): Crypto mode not selected, openssl will run on its regular mode.
I/openssl ( 7532): Crypto mode 0 already enabled
V/ConnectivityService(  922): Hipri Permission check fail
I/openssl ( 7532): Crypto mode not selected, openssl will run on its regular mode.
I/openssl ( 7532): Crypto mode 0 already enabled
V/ConnectivityService(  922): Hipri Permission check fail
D/WifiService(  922): acquireWifiLockLocked: WifiLock{NlpWifiLock type=2 binder=android.os.BinderProxy@42ac8c40}
D/ConnectivityService(  922): handleInetConditionHoldEnd: net=1, condition=100, published condition=0
D/WifiService(  922): releaseWifiLockLocked: WifiLock{NlpWifiLock type=2 binder=android.os.BinderProxy@42ac8c40}
V/AlarmManager(  922): sending alarm Alarm{42e32290 type 3 android}
V/AlarmManager(  922): sending alarm Alarm{42e31990 type 3 android}
V/AlarmManager(  922): sending alarm Alarm{42e2cc30 type 2 android}
D/MobileDataStateTracker(  922): default: setPolicyDataEnable(enabled=true)
V/AlarmManager(  922): sending alarm Alarm{42c6ca78 type 3 android}
V/AlarmManager(  922): sending alarm Alarm{42a75058 type 3 android}
V/AlarmManager(  922): sending alarm Alarm{42e2be10 type 2 android}
D/ConnectivityService(  922): Sampling interval elapsed, updating statistics ..
V/AlarmManager(  922): sending alarm Alarm{42e297e8 type 2 com.google.android.gms}
V/AlarmManager(  922): sending alarm Alarm{42e26920 type 0 com.facebook.katana}
D/ConnectivityService(  922): Done.
D/ConnectivityService(  922): Setting timer for 720seconds
D/ConnectivityService(  922): handleInetConditionHoldEnd: net=1, condition=100, published condition=100
V/AlarmManager(  922): sending alarm Alarm{42b3f5c0 type 3 android}
V/AlarmManager(  922): sending alarm Alarm{42d2f320 type 3 android}
V/AlarmManager(  922): sending alarm Alarm{42af1a38 type 2 com.google.android.gms}
V/AlarmManager(  922): sending alarm Alarm{42ad51f8 type 2 com.google.android.gms}
D/WifiService(  922): acquireWifiLockLocked: WifiLock{NlpWifiLock type=2 binder=android.os.BinderProxy@42ac8c40}
D/WifiService(  922): releaseWifiLockLocked: WifiLock{NlpWifiLock type=2 binder=android.os.BinderProxy@42ac8c40}
V/AlarmManager(  922): sending alarm Alarm{431d3dc8 type 3 android}
V/AlarmManager(  922): sending alarm Alarm{431d2f30 type 2 com.google.android.gms}
