I/ActivityManager(  922): Start proc com.vzw.hss.widgets.infozone for broadcast com.vzw.hss.widgets.infozone/.InfoProvider: pid=18021 uid=10075 gids={50075, 3003}
I/WindowManager(  922): Lock screen displayed!
W/ContextImpl(  922): Calling a method in the system process without a qualified user: android.app.ContextImpl.sendBroadcast:1280 com.motorola.internal.widget.GestureSharingTouchManager.handleScreenOn:147 com.motorola.internal.widget.GestureSharingTouchManager.access$000:25 com.motorola.internal.widget.GestureSharingTouchManager$2.onReceive:63 android.app.LoadedApk$ReceiverDispatcher$Args.run:768 
--------- beginning of /dev/log/main
D/WifiStateMachine(  922): processMsg: ConnectModeState
D/WifiStateMachine(  922): processMsg: DriverStartedState
D/WifiStateMachine(  922): processMsg: SupplicantStartedState
D/WifiStateMachine(  922): processMsg: DefaultState
D/WifiStateMachine(  922): handleMessage: X
D/WifiStateMachine(  922): handleMessage: E msg.what=131127
D/WifiStateMachine(  922): processMsg: ConnectedState
D/WifiStateMachine(  922): processMsg: L2ConnectedState
D/WifiStateMachine(  922): processMsg: ConnectModeState
D/WifiStateMachine(  922): handleMessage: X
D/WifiStateMachine(  922): handleMessage: E msg.what=131158
D/WifiStateMachine(  922): processMsg: ConnectedState
D/WifiStateMachine(  922): processMsg: L2ConnectedState
D/WifiStateMachine(  922): processMsg: ConnectModeState
D/WifiStateMachine(  922): processMsg: DriverStartedState
D/WifiStateMachine(  922): setSuspendOptimizationsNative: 4 false
D/WifiWatchdogStateMachine(  922): OnlineWatchState
D/WifiWatchdogStateMachine(  922): LinkMonitoringState
D/WirelessDisplayService( 1162): onReceive() action android.intent.action.SCREEN_ON
D/WifiStateMachine(  922): handleMessage: X
D/WifiStateMachine(  922): handleMessage: E msg.what=151572
D/WifiStateMachine(  922): processMsg: ConnectedState
D/WifiStateMachine(  922): processMsg: L2ConnectedState
W/NfcService( 1443): applyRouting() cannot config! isNfcEnabled(): false
D/WifiStateMachine(  922): handleMessage: X
D/WifiWatchdogStateMachine(  922): Fetch RSSI succeed, rssi=-72 mrssi=-80 txbad=218 txgood=7091
D/ALSADevice(  293): Enabling headset polling mode
D/ALSADevice(  293): setMixerControl:: name TPA6165 POLL ACC DET value 1 index 0
E/audio_a2dp_hw(  293): adev_set_parameters: ERROR: set param called even when stream out is null
D/mot_vr_audio_hw(  293): adev_set_parameters: screen_state=on
D/WifiService(  922): acquireWifiLockLocked: WifiLock{NlpWifiLock type=2 binder=android.os.BinderProxy@42c93d40}
D/Ulp_jni (  922): ulp_network_location_request_cb invoked
V/GmsNetworkLocationProvi( 1690): onSetRequest: ProviderRequestUnbundled, reportLocation is true and interval is 5000
V/GmsNetworkLocationProvi( 1690): SET-REQUEST
V/GmsNetworkLocationProvi( 1690): in Handler: ProviderRequestUnbundled, reportLocation is true and interval is 20000
D/Wiper_jni(  922): wifiRequestEventCb invoked
D/Wiper_jni(  922): wifiRequestEventCb invoked
D/LBSSystemMonitorService(  922): handleMessage what - 2
D/LBSSystemMonitorService(  922): handleMessage what - 2
V/GmsNetworkLocationProvi( 1690): onSetRequest: ProviderRequestUnbundled, reportLocation is true and interval is 3500
V/GmsNetworkLocationProvi( 1690): SET-REQUEST
V/GmsNetworkLocationProvi( 1690): in Handler: ProviderRequestUnbundled, reportLocation is true and interval is 20000
D/ImageWallpaper( 1195): onOffsetsChanged: xOffset=0.0, yOffset=0.0, xOffsetStep=0.0, yOffsetStep=0.0, xPixels=0, yPixels=0
D/ImageWallpaper( 1195): Suppressed drawFrame since redraw is not needed and offsets have not changed.
D/ImageWallpaper( 1195): onVisibilityChanged: mVisible, visible=false, true
D/ImageWallpaper( 1195): Visibility changed to visible=true
D/ImageWallpaper( 1195): Suppressed drawFrame since redraw is not needed and offsets have not changed.
D/Ulp_jni (  922): JNI:system_update. Event-0
I/QCNEJ   (  922): |CORE| getSignalStrength networkType= 0
I/QCNEJ   (  922): |CORE| getSignalStrength networkType= 0
I/QCNEJ   (  922): |CORE| sendWwanStatus type=13 state=4 strength=-1 roaming=0 ipV4Addr=10.183.36.245 ifNameV4=rmnet0 ipV6Addr=2600:1012:b02d:52cd:398a:46b2:36b1:7b86 ifNameV6=rmnet0 timeStamp=2015-01-06 05:27:14.16
D/CdmaPCDHandler( 1378): mcc 311 sid 2 tz -8 dstflag 0
D/CdmaPCDHandler( 1378): mCurrentMCC 311 mCurrentSID 2 mCurrentIDD 011
D/CdmaPCDHandler( 1378): Return as nothing changed
D/PollingManager( 2568): phone state: 0 0 home voice home data home Verizon Wireless Verizon 311480 Verizon Wireless Verizon 311480  1xRTT LTE CSS supported 52 2 RoamInd=64 DefRoamInd=1 EmergOnly=false
D/ImageView3DMsgHandler( 1482): start onHandleMessage : 4
D/ImageView3DMsgHandler( 1482): start  decodeStream 
D/ImageView3DMsgHandler( 1482): end  decodeStream 
D/ImageView3DMsgHandler( 1482): end onHandleMessage : 4
D/WeatherServiceReceiver( 2380): onReceive Intent { act=android.intent.action.SCREEN_ON flg=0x50000010 }
I/SBar.NetworkController( 1195): onSignalStrengthsChanged SignalStrength: 99 0 -77 -70 -120 -1 -1 19 -109 -10 48 2147483647 2147483647 cdma 0 -108 -1 false 0 0 4 0 2 8 99 99 5 level=2
D/WeatherHelperService( 2380): onStartCommand: Intent { act=android.intent.action.SCREEN_ON flg=0x50000010 cmp=com.motorola.blur.weather/.service.WeatherHelperService }
I/WeatherService( 2380): onStartCommand action: android.intent.action.SCREEN_ON
D/WeatherService( 2380): Screen ON notification
D/WeatherService( 2380): updateTopLevelLocation
D/WeatherUtil( 2380): *** anyLocationProviderEnabled
D/WeatherUtil( 2380): Found location provider gps
D/WeatherService( 2380): No widget monitoring current location. No forecast update needed
I/SBar.NetworkController( 1195): onServiceStateChanged state=0 0 home voice home data home Verizon Wireless Verizon 311480 Verizon Wireless Verizon 311480  1xRTT LTE CSS supported 52 2 RoamInd=64 DefRoamInd=1 EmergOnly=false VoiceState=0=STATE_IN_SERVICE DataState=0=STATE_IN_SERVICE
D/VzwEri  ( 1195): ERI alert sound is disabled.
D/WifiService(  922): acquireWifiLockLocked: WifiLock{NlpWifiLock type=2 binder=android.os.BinderProxy@4277daa0}
D/WifiStateMachine(  922): handleMessage: E msg.what=131143
D/WifiStateMachine(  922): processMsg: ConnectedState
D/WifiStateMachine(  922): processMsg: L2ConnectedState
D/WifiStateMachine(  922): handleMessage: X
I/WeatherService( 2380): Empty cursor nothing to update
D/WifiStateMachine(  922): handleMessage: E msg.what=131143
D/WifiStateMachine(  922): processMsg: ConnectedState
D/WifiStateMachine(  922): processMsg: L2ConnectedState
D/WifiStateMachine(  922): handleMessage: X
D/VzwLowBatteryAlertReceiver( 1378): onRecive Intent android.intent.action.ACTION_POWER_CONNECTED
D/VzwLowBatteryAlertService( 1378): Create the servicecom.motorola.vzw.phone.extensions.VzwLowBatteryAlertService@421aee00
D/VzwLowBatteryAlertService( 1378): mPhoneStateListener = com.motorola.vzw.phone.extensions.VzwLowBatteryAlertService$MyPhoneStateListener@421d9d38
D/VzwLowBatteryAlertService( 1378): mHandler = Handler (com.motorola.vzw.phone.extensions.VzwLowBatteryAlertService$MyHandler) {421da6e8}
D/VzwLowBatteryAlertService( 1378): mReceiver = com.motorola.vzw.phone.extensions.VzwLowBatteryAlertService$MyBroadcastReceiver@421daf18
D/VzwLowBatteryAlertService( 1378): onHandleIntent
D/VzwLowBatteryAlertService( 1378): Received power connect event, remove pending play beep tone message
D/VzwLowBatteryAlertService( 1378): Remove any pending play beep tone message
I/ActivityManager(  922): Start proc com.google.android.apps.uploader for broadcast com.google.android.apps.uploader/com.google.android.picasasync.BatteryReceiver: pid=18042 uid=10121 gids={50121, 3003, 1028, 1015}
D/Ulp_jni (  922): ulp_network_location_request_cb invoked
D/Ulp_jni (  922): ulp_network_location_request_cb invoked
V/GmsNetworkLocationProvi( 1690): onSetRequest: ProviderRequestUnbundled, reportLocation is true and interval is 3500
V/GmsNetworkLocationProvi( 1690): SET-REQUEST
V/GmsNetworkLocationProvi( 1690): in Handler: ProviderRequestUnbundled, reportLocation is true and interval is 20000
D/Wiper_jni(  922): wifiRequestEventCb invoked
D/LBSSystemMonitorService(  922): handleMessage what - 2
V/GmsNetworkLocationProvi( 1690): onSetRequest: ProviderRequestUnbundled, reportLocation is true and interval is 600000
V/GmsNetworkLocationProvi( 1690): SET-REQUEST
V/GmsNetworkLocationProvi( 1690): in Handler: ProviderRequestUnbundled, reportLocation is true and interval is 600000
D/WifiService(  922): releaseWifiLockLocked: WifiLock{NlpWifiLock type=2 binder=android.os.BinderProxy@42c93d40}
D/WifiStateMachine(  922): handleMessage: E msg.what=131143
D/WifiStateMachine(  922): processMsg: ConnectedState
D/WifiStateMachine(  922): processMsg: L2ConnectedState
D/WifiStateMachine(  922): handleMessage: X
I/iu.Environment( 1593): update battery state; isPlugged? true*
D/WifiStateMachine(  922): handleMessage: E msg.what=131143
D/WifiStateMachine(  922): processMsg: ConnectedState
D/WifiStateMachine(  922): processMsg: L2ConnectedState
D/WifiStateMachine(  922): handleMessage: X
I/GCoreUlr( 1690): Starting service, intent=Intent { act=com.google.android.location.reporting.ACTION_UPDATE_WORLD cmp=com.google.android.gms/com.google.android.location.reporting.service.DispatchingService (has extras) }, extras=Bundle[{receiverAction=android.intent.action.ACTION_POWER_CONNECTED}]
I/ActivityManager(  922): Start proc com.motorola.genie for broadcast com.motorola.genie/.prefetch.PowerStatusReceiver: pid=18062 uid=10042 gids={50042, 3003, 1028, 1015}
D/dalvikvm(  291): GC_EXPLICIT freed 42K, 48% free 8980K/17192K, paused 1ms+2ms, total 22ms
D/dalvikvm( 3329): GC_CONCURRENT freed 2280K, 36% free 11114K/17196K, paused 2ms+65ms, total 231ms
D/dalvikvm( 3329): WAIT_FOR_CONCURRENT_GC blocked 61ms
I/SFPerfTracer(  290):       trigger: frame rate (-26.413%)	(44.152 fps)	(22.649 ms) 	(1 drops)	(18 frames)
I/SFPerfTracer(  290):      triggers: (rate: 100:2297) (compose: 0:49) (post: 0:222) (render: 0:206) (18:88502 frames) (19:248043)
D/SFPerfTracer(  290):        layers: (3:11) (DimLayer: 0:249)* (DimLayer: 0:6)* (FocusedStackFrame: 0:2439)* (StatusBar: 0:34216) (NavigationBar: 0:2399)* (com.android.systemui.ImageWallpaper: 0:4546) (DimLayer: 0:1787)* (DimLayer: 0:418)* (com.motorola.motlauncher/com.android.launcher2.Launcher: 2:53)* (ElectronBeam: 0:27)* (Keyguard: 18:28) 
D/dalvikvm(  291): GC_EXPLICIT freed <1K, 48% free 8980K/17192K, paused 1ms+2ms, total 26ms
I/iu.FingerprintManager( 1593): Start processing all media
D/dalvikvm(  291): GC_EXPLICIT freed <1K, 48% free 8980K/17192K, paused 3ms+2ms, total 24ms
I/iu.UploadsManager( 1593): num queued entries: 0
I/iu.UploadsManager( 1593): num updated entries: 0
I/iu.FingerprintManager( 1593): Start processing media store URI: content://media/external/images/media
D/MetricsUtils(18042): [QUERY ******************************** query-result:1 time:119]
D/PicasaUploader(18042):    wifiOnlyPhoto changed to true
D/PicasaUploader(18042):    wifiOnlyVideo changed to true
D/PicasaUploader(18042):    syncOnBattery changed to true
I/iu.SyncManager( 1593): NEXT; no task
D/PicasaUploaderSync(18042): sync account database
D/WifiStateMachine(  922): handleMessage: E msg.what=151572
D/WifiStateMachine(  922): processMsg: ConnectedState
D/WifiStateMachine(  922): processMsg: L2ConnectedState
D/WifiStateMachine(  922): handleMessage: X
D/WifiWatchdogStateMachine(  922): Fetch RSSI succeed, rssi=-72 mrssi=-72 txbad=218 txgood=7095
D/WifiWatchdogStateMachine(  922): Incremental loss=0/4 Current loss=0% volume=2
D/WifiWatchdogStateMachine(  922): Cache updated: loss[-72]=3.09% volume=13.43
I/MDMCTBK (  288): NetlinkHandler, power_supply subsys
I/MDMCTBK (  288): NetlinkHandler, usbChargerStateChanged
I/MDMCTBK (  288): checkDefaultInst, current pid is = 288
I/MDMCTBK (  288): checkDefaultInst, pid match
I/MDMCTBK (  288): MdmCutbackHndler,readFromFile = /sys/class/power_supply/usb/online
I/MDMCTBK (  288): MdmCutbackHndler,readFromFile = /sys/class/power_supply/pm8921-dc/online
D/BatteryTempPolicy(  922): updateBatteryTemp temperature = 288, Threshhold = 3
I/QCNEJ   (  922): |CORE| CNE received action: android.intent.action.BATTERY_CHANGED
I/QCNEJ   (  922): |CORE| UpdateBatteryStatus status=2 pluginType=2 level=67
I/iu.FingerprintManager( 1593): Start processing media store URI: content://media/external/video/media
D/HeadsetStateMachine(28767): Disconnected process message: 10
I/iu.FingerprintManager( 1593): Start processing media store URI: content://media/phoneStorage/images/media
I/iu.FingerprintManager( 1593): Start processing media store URI: content://media/phoneStorage/video/media
I/iu.FingerprintManager( 1593): Finished generating fingerprints; 0.404 seconds
I/iu.FingerprintManager( 1593):   numSeen=244 numGenerated=0 numDeleted=0 numFailed=0
D/PhoneStatusBar( 1195): StatusBarWindow onTouchListener.onTouch
D/StatusBarWindowView( 1195): onTouchEvent: ev = MotionEvent { action=ACTION_OUTSIDE, id[0]=0, x[0]=319.0, y[0]=961.0, toolType[0]=TOOL_TYPE_FINGER, buttonState=0, metaState=0, flags=0x0, edgeFlags=0x0, pointerCount=1, historySize=0, eventTime=174618761, downTime=174618761, deviceId=6, source=0x1002 }
D/StatusBarWindowView( 1195): onTouchEvent: ev = MotionEvent { action=ACTION_OUTSIDE, id[0]=0, x[0]=319.0, y[0]=961.0, toolType[0]=TOOL_TYPE_FINGER, buttonState=0, metaState=0, flags=0x0, edgeFlags=0x0, pointerCount=1, historySize=0, eventTime=174618761, downTime=174618761, deviceId=6, source=0x1002 }
I/GCoreUlr( 1690): Successfully inserted location
I/GCoreUlr( 1690): Not calling LocationReporter, hasMoved: false, elapsed millis: 365106, request: Stationary(3600000)
D/MotDevicePolicyManager(  922): Version:02.00.00
D/PicasaUploaderSync(18042): accounts in DB=2
I/GCoreUlr( 1690): WorldUpdater received intent Intent { act=com.google.android.location.reporting.ACTION_UPDATE_WORLD cmp=com.google.android.gms/com.google.android.location.reporting.service.DispatchingService (has extras) } with receiverAction android.intent.action.ACTION_POWER_CONNECTED
D/PicasaUploaderSyncManager(18042): active network: NetworkInfo: type: WIFI[], state: CONNECTED/CONNECTED, reason: (unspecified), extra: "75RUTHELEN", roaming: false, failover: false, isAvailable: true, isConnectedToProvisioningNetwork: false
D/PicasaUploaderSyncManager(18042): background data: true
I/ActivityManager(  922): Start proc com.motorola.zap for broadcast com.motorola.zap/.MotoBlastActionsReceiver: pid=18086 uid=10088 gids={50088, 3003, 1028, 1015, 9014}
D/MotSpeakerHelper(  293): speakerOn(15,SAFE)
D/MotSpeakerHelper(  293):   Update levels
D/MotSpeakerHelper(  293): setLevels(15, 0, 0)
D/MotSpeakerHelper(  293):   Apply levels immediately.
D/MotSpeakerHelper(  293): setOutputLevel(0)
D/MotSpeakerHelper(  293): setMode(15, SAFE)
D/MotSpeakerHelper(  293):   Set NXP Mode control to 0, 15
D/ALSADevice(  293): route: devices 0x2 in mode 0
D/ALSADevice(  293): No valid input device: 0
D/alsa_ucm(  293): snd_use_case_set(): uc_mgr 0xb8a45070 identifier _enadev value MI2S Speaker
D/ALSADevice(  293): cutback_send_earpiece_status: earpiece status 0 sent to cutback
D/ALSADevice(  293): switchDevice: mCurTxUCMDevivce Line mCurRxDevDevice MI2S Speaker
D/alsa_ucm(  293): snd_use_case_set(): uc_mgr 0xb8a45070 identifier _verb value HiFi Lowlatency
D/alsa_ucm(  293): Set mixer controls for MI2S Speaker enable 1
D/alsa_ucm(  293): acdb_id 14 cap 1 enable 1
I/MDMCTBK (  288): mot_cutback_handle_data_from_socket: Received 2 bytes from client: 34
I/MDMCTBK (  288): mot_cutback_handle_data_from_socket: ep_valid=1
I/MDMCTBK (  288): mot_cutback_handle_data_from_socket: Earpiece status is 0
I/MDMCTBK (  288): mot_update_Earpiece_state earpiece  State =0
I/MDMCTBK (  288): get_property_value, Enter
I/MDMCTBK (  288): get_property_value, Values read from property=1,0,0,0,0,0,1,0,0,0,1,0, length=23
I/MDMCTBK (  288): get_property_value, Exit
I/MDMCTBK (  288): mot_cutback_select: exit
I/MDMCTBK (  288): mot_cutback_select: entry
E/ACDB-LOADER(  293): Error: ACDB AFE returned = -8
D/alsa_ucm(  293): Set mixer controls for HiFi LowlatencyMI2S Speaker enable 1
D/ALSADevice(  293): close: handle 0xb8a848b8 h 0x0
D/ALSADevice(  293): open: handle 0xb8a848b8, format 0x2
D/ALSADevice(  293): Device value returned is hw:0,14
D/ALSADevice(  293): handle->format: 0x2
D/ALSADevice(  293): setHardwareParams: reqBuffSize 1024 channels 2 sampleRate 44100
D/ALSADevice(  293): setHardwareParams: buffer_size 2048, period_size 1024, period_cnt 2
D/LauncherAppWidgetHost( 1482): checkForConfig returning false: {1.0 311mcc480mnc en_US ldltr sw360dp w360dp h615dp 320dpi nrml long port finger -keyb/v/h -nav/h s.119?spn}
D/MtpService( 7532): updating state; isCurrentUser=true, mMtpLocked=false
W/ContextImpl( 1388): Calling a method in the system process without a qualified user: android.app.ContextImpl.sendBroadcast:1280 android.content.ContextWrapper.sendBroadcast:365 com.motorola.motocare.util.TriggerHelper$TriggerBuilder.send:76 com.motorola.motocare.internal.frameworkevents.PauseResumeTrigger.handleFrameworkEvent:53 com.motorola.motocare.internal.frameworkevents.FwEventMonitor$FrameworkListener.processFrameworkEvent:114 
D/MtpService( 7532): addStorageLocked 65537 /storage/emulated/0
D/UsbDeviceManager(  922): MSG_USER_PRESENT
D/MtpService( 7532): updating state; isCurrentUser=true, mMtpLocked=false
W/NfcService( 1443): applyRouting() cannot config! isNfcEnabled(): false
D/PhoneStatusBar( 1195): disable: < expand icons alerts ticker system_info back* home* recent* clock* search >
D/PhoneStatusBar( 1195): TSB: disable state is 0
D/PhoneStatusBar( 1195): TSB: before put disable state to DB
D/MDMCTBK (  288): reply_len: 40 reply is = IFNAME=wlan0 <3>CTRL-EVENT-SCAN-RESULTS 
D/MDMCTBK (  288): Event received = CTRL-EVENT-SCAN-RESULTS 
D/WifiStateMachine(  922): handleMessage: E msg.what=147461
D/WifiStateMachine(  922): processMsg: ConnectedState
D/WifiStateMachine(  922): processMsg: L2ConnectedState
D/WifiStateMachine(  922): processMsg: ConnectModeState
D/WifiStateMachine(  922): processMsg: DriverStartedState
D/WifiStateMachine(  922): processMsg: SupplicantStartedState
D/WifiStateMachine(  922): handleMessage: X
D/WindowManager(  922): TSB: updateSettings
D/WirelessDisplayService( 1162): onReceive() action android.net.wifi.SCAN_RESULTS
D/WindowManager(  922): TSB: mTSBDisableFlags updated to 0
I/qdlights(  922): BTN: color=0xff010101, value=1, mode=user, override=0
I/qdlights(  922): BTN: color=0xff040404, value=4, mode=user, override=0
D/MtpService( 7532): starting MTP server in MTP mode
D/MtpService( 7532): addStorageLocked 65537 /storage/emulated/0
I/qdlights(  922): BTN: color=0xff0b0b0b, value=11, mode=user, override=0
I/qdlights(  922): BTN: color=0xff0e0e0e, value=14, mode=user, override=0
D/dalvikvm( 1482): GC_CONCURRENT freed 4779K, 31% free 23495K/33844K, paused 3ms+15ms, total 52ms
I/qdlights(  922): BTN: color=0xff101010, value=16, mode=user, override=0
D/PicasaUploaderSyncManager(18042): battery info: true
I/MOTGS-LocationProvider(18086): ** Returning Location (network) - Accuracy: 54.32 - Age: 2 secs
D/MotSpeakerHelper(  293): speakerOff()
W/ContextImpl( 1388): Calling a method in the system process without a qualified user: android.app.ContextImpl.startService:1636 android.content.ContextWrapper.startService:494 android.content.ContextWrapper.startService:494 com.motorola.motocare.internal.batterystats.BatteryStatsAction.onReceive:33 android.app.ActivityThread.handleReceiver:2434 
V/ConnectivityReceiver( 2268): in onReceive(), android.intent.action.SERVICE_STATE
W/InputMethodManagerService(  922): Window already focused, ignoring focus gain of: com.android.internal.view.IInputMethodClient$Stub$Proxy@42b07bc8 attribute=android.view.inputmethod.EditorInfo@42ae6aa0, token = android.os.BinderProxy@4294b588
D/CCE     ( 2568): App motocare requested CCE to send settings
D/3CDM.DeviceAdminPushReceiver( 2568): Received an Intent - Action: android.intent.action.USER_PRESENT
D/3CDM.DeviceAdminPushReceiver( 2568): Type: null
D/3CDM.DeviceAdminPushReceiver( 2568): Data: null
D/3CDM.Service( 2568): android.intent.action.USER_PRESENT
D/3CDM.Service( 2568): Phone was locked and now it is unlocked now.
D/WifiStateMachine(  922): addressUpdated: 2605:e000:4ec5:d700:f6f1:e1ff:fe55:3a38/64 on wlan0 flags 0 scope 0
I/QCNEA   : |NIMS| (  922): getaddrinfo: hostname 2605:e000:4ec5:d700:f6f1:e1ff:fe55:3a38 servname NULL numeric 4 appname /system/bin/app_process
D/WifiStateMachine(  922): addressUpdated: 2605:e000:4ec5:d700:e86f:efd2:ba8f:cadc/64 on wlan0 flags 1 scope 0
I/QCNEA   : |NIMS| (  922): getaddrinfo: hostname 2605:e000:4ec5:d700:e86f:efd2:ba8f:cadc servname NULL numeric 4 appname /system/bin/app_process
D/WifiStateMachine(  922): handleMessage: E msg.what=131215
D/WifiStateMachine(  922): processMsg: ConnectedState
D/WifiStateMachine(  922): processMsg: L2ConnectedState
D/WifiStateMachine(  922): processMsg: ConnectModeState
D/WifiStateMachine(  922): processMsg: DriverStartedState
D/WifiStateMachine(  922): processMsg: SupplicantStartedState
D/WifiStateMachine(  922): processMsg: DefaultState
D/WifiStateMachine(  922): handleMessage: X
D/WifiStateMachine(  922): handleMessage: E msg.what=131215
D/WifiStateMachine(  922): processMsg: ConnectedState
D/WifiStateMachine(  922): processMsg: L2ConnectedState
D/WifiStateMachine(  922): processMsg: ConnectModeState
D/WifiStateMachine(  922): processMsg: DriverStartedState
D/WifiStateMachine(  922): processMsg: SupplicantStartedState
D/WifiStateMachine(  922): processMsg: DefaultState
D/WifiStateMachine(  922): handleMessage: X
D/dalvikvm( 1388): GC_CONCURRENT freed 1806K, 41% free 10169K/17192K, paused 1ms+4ms, total 41ms
D/dalvikvm( 1388): WAIT_FOR_CONCURRENT_GC blocked 36ms
I/qdlights(  922): BTN: color=0xff131313, value=19, mode=user, override=0
D/WifiStateMachine(  922): handleMessage: E msg.what=151572
D/WifiStateMachine(  922): processMsg: ConnectedState
D/WifiStateMachine(  922): processMsg: L2ConnectedState
I/qdlights(  922): BTN: color=0xff161616, value=22, mode=user, override=0
D/WifiWatchdogStateMachine(  922): Fetch RSSI succeed, rssi=-73 mrssi=-72 txbad=218 txgood=7100
D/WifiWatchdogStateMachine(  922): Incremental loss=0/5 Current loss=0% volume=3.5
D/WifiWatchdogStateMachine(  922): Cache updated: loss[-72]=2.97% volume=12.59
D/WifiStateMachine(  922): handleMessage: X
I/qdlights(  922): BTN: color=0xff191919, value=25, mode=user, override=0
I/qdlights(  922): BTN: color=0xff1d1d1d, value=29, mode=user, override=0
W/Email/ImapResponseParser [IMAP][1]( 2208): Received BYE
E/Email/ImapConnection [IMAP][1]( 2208): close() IOException - com.android.email.mail.store.imap.ImapResponseParser$ByeException: Received BYE
I/QCNEA   : |NIMS| ( 2208): getaddrinfo: hostname mail.trashforteaching.org servname NULL numeric 4 appname /system/bin/app_process
I/QCNEA   : |NIMS| ( 2208): getaddrinfo: hostname mail.trashforteaching.org servname NULL numeric 0 appname /system/bin/app_process
I/qdlights(  922): BTN: color=0xff202020, value=32, mode=user, override=0
I/ActivityManager(  922): Start proc com.motorola.nfcauthenticator for broadcast com.motorola.nfcauthenticator/.NfcRingReceiver: pid=18109 uid=10060 gids={50060}
I/qdlights(  922): BTN: color=0xff232323, value=35, mode=user, override=0
I/qdlights(  922): BTN: color=0xff272727, value=39, mode=user, override=0
I/qdlights(  922): BTN: color=0xff2d2d2d, value=45, mode=user, override=0
I/qdlights(  922): BTN: color=0xff303030, value=48, mode=user, override=0
I/SFPerfTracer(  290):      triggers: (rate: 0:103) (2245607 sw vsyncs) (0 skipped) (32:662669 vsyncs) (34:2969300)
D/dalvikvm( 1388): GC_CONCURRENT freed 2171K, 42% free 10037K/17192K, paused 2ms+1ms, total 30ms
D/dalvikvm( 1388): WAIT_FOR_CONCURRENT_GC blocked 13ms
D/dalvikvm(  922): GC_EXPLICIT freed 1423K, 20% free 28901K/35912K, paused 4ms+18ms, total 214ms
D/WifiService(  922): releaseWifiLockLocked: WifiLock{NlpWifiLock type=2 binder=android.os.BinderProxy@4277daa0}
I/BLAST-STATE(18086): updateBlastState: sending: 0, receiving: 0, sent: false
I/QCNEJ   (  922): |CORE| getSignalStrength networkType= 0
I/QCNEJ   (  922): |CORE| getSignalStrength networkType= 0
I/QCNEJ   (  922): |CORE| sendWwanStatus type=13 state=4 strength=-1 roaming=0 ipV4Addr=10.183.36.245 ifNameV4=rmnet0 ipV6Addr=2600:1012:b02d:52cd:398a:46b2:36b1:7b86 ifNameV6=rmnet0 timeStamp=2015-01-06 05:27:16.293
D/ImageView3DMsgHandler( 1482): start onHandleMessage : 4
D/ImageView3DMsgHandler( 1482): start  decodeStream 
D/ImageView3DMsgHandler( 1482): end  decodeStream 
D/ImageView3DMsgHandler( 1482): end onHandleMessage : 4
I/SBar.NetworkController( 1195): onSignalStrengthsChanged SignalStrength: 99 0 -89 -80 -120 -1 -1 22 -94 -7 150 2147483647 2147483647 cdma 0 -108 -1 false 0 0 3 0 4 4 99 99 5 level=4
I/SBar.NetworkController( 1195): refreshSignalCluster: wifi: mWifiConnected=true Wifi=zz_moto_stat_sys_wifi_signal_2_fully_wide Activity=zz_moto_stat_sys_wifi_inout_wide in=false out=false Accessibility="Wifi two bars."
I/SBar.NetworkController( 1195): refreshSignalCluster: mobile: Signal=zz_moto_stat_sys_signal_5bar_3_fully_wide Roaming=(none) mSimIconId=(none) Accessibility="Phone three bars.","Not roaming.",""
I/SBar.NetworkController( 1195): refreshSignalCluster: mobile: mHasMobileDataFeature=true DataTypeShown=zz_moto_stat_sys_data_suspended_4g_lte_wide Activity=(none) in=false out=false Accessibility="4 G L T E"
D/ImageView3DMsgHandler( 1482): start onHandleMessage : 4
D/ImageView3DMsgHandler( 1482): start  decodeStream 
D/ImageView3DMsgHandler( 1482): end  decodeStream 
D/ImageView3DMsgHandler( 1482): end onHandleMessage : 4
D/ImageView3DMsgHandler( 1482): start onHandleMessage : 4
D/ImageView3DMsgHandler( 1482): start  decodeStream 
D/ImageView3DMsgHandler( 1482): end  decodeStream 
D/ImageView3DMsgHandler( 1482): end onHandleMessage : 4
D/ImageView3DMsgHandler( 1482): start onHandleMessage : 9
D/ImageView3DMsgHandler( 1482): end onHandleMessage : 9
I/GCoreUlr( 1690): Starting service, intent=Intent { act=com.google.android.location.reporting.ACTION_LOCATION_STATUS cmp=com.google.android.gms/com.google.android.location.reporting.service.DispatchingService (has extras) }, extras=Bundle[{status=LocationStatus[cell status: STATUS_SUCCESSFUL, wifi status: STATUS_INVALID_SCAN, elapsed realtime ns: 734027587255199]}]
D/ImageView3DMsgHandler( 1482): start onHandleMessage : 9
D/ImageView3DMsgHandler( 1482): end onHandleMessage : 9
I/TransactionService( 2186): Start transaction service, app version=4.4
D/dalvikvm( 3329): GC_CONCURRENT freed 1408K, 32% free 11754K/17196K, paused 2ms+17ms, total 189ms
D/dalvikvm( 3329): WAIT_FOR_CONCURRENT_GC blocked 99ms
W/ContextImpl( 1388): Calling a method in the system process without a qualified user: android.app.ContextImpl.startService:1636 android.content.ContextWrapper.startService:494 android.content.ContextWrapper.startService:494 com.motorola.motocare.internal.batterystats.BatteryStatsAction.onReceive:33 android.app.ActivityThread.handleReceiver:2434 
D/dalvikvm( 2810): GC_CONCURRENT freed 2033K, 45% free 9568K/17192K, paused 3ms+5ms, total 41ms
D/dalvikvm( 1388): GC_CONCURRENT freed 1852K, 41% free 10232K/17192K, paused 3ms+2ms, total 34ms
D/dalvikvm( 1388): WAIT_FOR_CONCURRENT_GC blocked 22ms
D/WifiStateMachine(  922): handleMessage: E msg.what=131155
D/WifiStateMachine(  922): processMsg: ConnectedState
D/WifiStateMachine(  922): processMsg: L2ConnectedState
D/WifiStateMachine(  922): handleMessage: X
D/WifiStateMachine(  922): handleMessage: E msg.what=151572
D/WifiStateMachine(  922): processMsg: ConnectedState
D/WifiStateMachine(  922): processMsg: L2ConnectedState
D/dalvikvm( 1388): GC_CONCURRENT freed 2367K, 43% free 9808K/17192K, paused 4ms+1ms, total 30ms
I/QCNEJ   (  922): |CORE| CNE received action RSSI Changed events: android.net.wifi.RSSI_CHANGED
D/WifiWatchdogStateMachine(  922): RSSI current: 2 new: -78, 1
I/QCNEJ   (  922): |CORE| sendWifiStatus - subType: 21 networkState: 1 softApState: 11 rssi=-78 ssid=75RUTHELEN bssid=08:3e:0c:e5:a4:20 ipV4Addr=192.168.0.26 ifNameV4=wlan0 ipAddrV6=2605:e000:4ec5:d700:f6f1:e1ff:fe55:3a38 ifNameV6=wlan0 timeStamp:2015-01-06 05:27:17.021 DNS addrs= 209.18.47.61, 209.18.47.62, 
D/WifiStateMachine(  922): handleMessage: X
D/WifiWatchdogStateMachine(  922): Fetch RSSI succeed, rssi=-78 mrssi=-75 txbad=218 txgood=7114
D/WifiWatchdogStateMachine(  922): Incremental loss=0/14 Current loss=0% volume=8.75
I/SBar.NetworkController( 1195): onReceive: WifiManager.RSSI_CHANGED_ACTION Received
D/WifiWatchdogStateMachine(  922): Cache updated: loss[-75]=0.65% volume=2.84
I/SBar.NetworkController( 1195): refreshSignalCluster: wifi: mWifiConnected=true Wifi=zz_moto_stat_sys_wifi_signal_1_fully_wide Activity=zz_moto_stat_sys_wifi_inout_wide in=false out=false Accessibility="Wifi one bar."
D/dalvikvm( 1690): GC_CONCURRENT freed 1901K, 30% free 12116K/17192K, paused 3ms+4ms, total 47ms
I/GCoreUlr( 1690): No GCM registration ID
I/GCoreUlr( 1690): Ensuring that reporting is active for [account#3#, account#13#]
I/GCoreUlr( 1690): Starting service, intent=Intent { act=com.google.android.location.reporting.ACTION_LOCATION_STATUS cmp=com.google.android.gms/com.google.android.location.reporting.service.DispatchingService (has extras) }, extras=Bundle[{status=LocationStatus[cell status: STATUS_SUCCESSFUL, wifi status: STATUS_INVALID_SCAN, elapsed realtime ns: 734027587255199]}]
D/dalvikvm(  922): GC_EXPLICIT freed 661K, 20% free 28872K/35912K, paused 4ms+12ms, total 157ms
I/QCNEJ   (  922): |CORE| getSignalStrength networkType= 0
I/QCNEJ   (  922): |CORE| getSignalStrength networkType= 0
I/QCNEJ   (  922): |CORE| sendWwanStatus type=13 state=4 strength=-1 roaming=0 ipV4Addr=10.183.36.245 ifNameV4=rmnet0 ipV6Addr=2600:1012:b02d:52cd:398a:46b2:36b1:7b86 ifNameV6=rmnet0 timeStamp=2015-01-06 05:27:17.568
I/SBar.NetworkController( 1195): refreshSignalCluster: mobile: Signal=zz_moto_stat_sys_signal_5bar_4_fully_wide Roaming=(none) mSimIconId=(none) Accessibility="Phone four bars.","Not roaming.",""
D/dalvikvm( 3329): GC_FOR_ALLOC freed 1788K, 32% free 11758K/17196K, paused 63ms, total 63ms
D/dalvikvm( 7532): GC_EXPLICIT freed 1698K, 41% free 10185K/17192K, paused 1ms+7ms, total 53ms
D/dalvikvm( 3329): GC_FOR_ALLOC freed 691K, 32% free 11750K/17196K, paused 33ms, total 34ms
I/dalvikvm-heap( 3329): Grow heap (frag case) to 14.138MB for 662266-byte allocation
D/dalvikvm( 3329): GC_CONCURRENT freed 2641K, 37% free 11348K/17844K, paused 3ms+4ms, total 36ms
D/WifiStateMachine(  922): handleMessage: E msg.what=151572
D/WifiStateMachine(  922): processMsg: ConnectedState
D/WifiStateMachine(  922): processMsg: L2ConnectedState
D/WifiStateMachine(  922): handleMessage: X
D/WifiWatchdogStateMachine(  922): Fetch RSSI succeed, rssi=-78 mrssi=-78 txbad=218 txgood=7115
D/WifiWatchdogStateMachine(  922): Incremental loss=0/1 Current loss=0% volume=4.88
D/WifiWatchdogStateMachine(  922): Cache updated: loss[-78]=0% volume=1.34
I/SFPerfTracer(  290):      triggers: (rate: 0:103) (2245607 sw vsyncs) (0 skipped) (39:662763 vsyncs) (41:2969413)
D/ALSADevice(  293): standby: handle 0xb8a848b8 h 0x0
V/UlpEngine(  922): handleNetworkLocationUpdate. lat34.0171349lon-118.317968accurancy 932.0
D/Ulp_jni (  922): send_network_location.
D/Ulp_jni (  922): Location CB invoked
E/LocSvc_libulp(  922): W/int ulp_brain_transition_all_providers(), no QUIPC/GNSS transition logic run due to both engines are OFF 
D/alsa_ucm(  293): snd_use_case_set(): uc_mgr 0xb8a45070 identifier _verb value Inactive
D/alsa_ucm(  293): Set mixer controls for HiFi LowlatencyMI2S Speaker enable 0
D/alsa_ucm(  293): snd_use_case_set(): uc_mgr 0xb8a45070 identifier _disdev value Line
D/alsa_ucm(  293): disdev: device Line not enabled, no need to disable
D/alsa_ucm(  293): snd_use_case_set(): uc_mgr 0xb8a45070 identifier _disdev value MI2S Speaker
D/alsa_ucm(  293): Set mixer controls for MI2S Speaker enable 0
D/AudioUsbALSA(  293): exitPlaybackThread, mproxypfdPlayback: -1
D/AudioUsbALSA(  293): closeDevice handle 0x0
D/AudioUsbALSA(  293): closeDevice handle 0x0
I/QCNEJ   (  922): |CORE| getSignalStrength networkType= 0
I/QCNEJ   (  922): |CORE| getSignalStrength networkType= 0
I/QCNEJ   (  922): |CORE| sendWwanStatus type=13 state=4 strength=-1 roaming=0 ipV4Addr=10.183.36.245 ifNameV4=rmnet0 ipV6Addr=2600:1012:b02d:52cd:398a:46b2:36b1:7b86 ifNameV6=rmnet0 timeStamp=2015-01-06 05:27:18.854
D/MotDevicePolicyManager(  922): Version:02.00.00
D/WifiStateMachine(  922): handleMessage: E msg.what=151572
D/WifiStateMachine(  922): processMsg: ConnectedState
D/WifiStateMachine(  922): processMsg: L2ConnectedState
I/QCNEJ   (  922): |CORE| CNE received action RSSI Changed events: android.net.wifi.RSSI_CHANGED
I/QCNEJ   (  922): |CORE| sendWifiStatus - subType: 21 networkState: 1 softApState: 11 rssi=-77 ssid=75RUTHELEN bssid=08:3e:0c:e5:a4:20 ipV4Addr=192.168.0.26 ifNameV4=wlan0 ipAddrV6=2605:e000:4ec5:d700:f6f1:e1ff:fe55:3a38 ifNameV6=wlan0 timeStamp:2015-01-06 05:27:18.924 DNS addrs= 209.18.47.61, 209.18.47.62, 
D/WifiWatchdogStateMachine(  922): RSSI current: 1 new: -77, 2
I/SBar.NetworkController( 1195): onReceive: WifiManager.RSSI_CHANGED_ACTION Received
D/WifiStateMachine(  922): handleMessage: X
D/WifiWatchdogStateMachine(  922): Fetch RSSI succeed, rssi=-77 mrssi=-77 txbad=218 txgood=7115
I/SBar.NetworkController( 1195): refreshSignalCluster: wifi: mWifiConnected=true Wifi=zz_moto_stat_sys_wifi_signal_2_fully_wide Activity=zz_moto_stat_sys_wifi_out_wide in=false out=false Accessibility="Wifi two bars."
D/WifiStateMachine(  922): handleMessage: E msg.what=131155
D/WifiStateMachine(  922): processMsg: ConnectedState
D/WifiStateMachine(  922): processMsg: L2ConnectedState
D/WifiStateMachine(  922): handleMessage: X
D/WifiStateMachine(  922): handleMessage: E msg.what=151572
D/WifiStateMachine(  922): processMsg: ConnectedState
D/WifiStateMachine(  922): processMsg: L2ConnectedState
I/QCNEJ   (  922): |CORE| CNE received action RSSI Changed events: android.net.wifi.RSSI_CHANGED
I/QCNEJ   (  922): |CORE| sendWifiStatus - subType: 21 networkState: 1 softApState: 11 rssi=-63 ssid=75RUTHELEN bssid=08:3e:0c:e5:a4:20 ipV4Addr=192.168.0.26 ifNameV4=wlan0 ipAddrV6=2605:e000:4ec5:d700:f6f1:e1ff:fe55:3a38 ifNameV6=wlan0 timeStamp:2015-01-06 05:27:19.928 DNS addrs= 209.18.47.61, 209.18.47.62, 
D/WifiWatchdogStateMachine(  922): RSSI current: 2 new: -63, 3
D/WifiWatchdogStateMachine(  922): Fetch RSSI succeed, rssi=-63 mrssi=-70 txbad=218 txgood=7116
D/WifiWatchdogStateMachine(  922): Incremental loss=0/1 Current loss=0% volume=2.94
D/WifiWatchdogStateMachine(  922): Cache updated: loss[-70]=2.45% volume=11.83
D/WifiStateMachine(  922): handleMessage: X
I/SBar.NetworkController( 1195): onReceive: WifiManager.RSSI_CHANGED_ACTION Received
I/SBar.NetworkController( 1195): refreshSignalCluster: wifi: mWifiConnected=true Wifi=zz_moto_stat_sys_wifi_signal_3_fully_wide Activity=zz_moto_stat_sys_wifi_out_wide in=false out=false Accessibility="Wifi three bars."
I/SFPerfTracer(  290):      triggers: (rate: 0:103) (2245607 sw vsyncs) (0 skipped) (32:662891 vsyncs) (34:2969545)
D/WifiStateMachine(  922): handleMessage: E msg.what=151572
D/WifiStateMachine(  922): processMsg: ConnectedState
D/WifiStateMachine(  922): processMsg: L2ConnectedState
D/WifiStateMachine(  922): handleMessage: X
D/WifiWatchdogStateMachine(  922): Fetch RSSI succeed, rssi=-63 mrssi=-63 txbad=218 txgood=7117
D/WifiWatchdogStateMachine(  922): Incremental loss=0/1 Current loss=0% volume=1.97
D/WifiWatchdogStateMachine(  922): Cache updated: loss[-63]=0% volume=1.09
I/QCNEJ   (  922): |CORE| getSignalStrength networkType= 0
I/QCNEJ   (  922): |CORE| getSignalStrength networkType= 0
I/QCNEJ   (  922): |CORE| sendWwanStatus type=13 state=4 strength=-1 roaming=0 ipV4Addr=10.183.36.245 ifNameV4=rmnet0 ipV6Addr=2600:1012:b02d:52cd:398a:46b2:36b1:7b86 ifNameV6=rmnet0 timeStamp=2015-01-06 05:27:21.409
D/WifiStateMachine(  922): addressUpdated: 2605:e000:4ec5:d700:f6f1:e1ff:fe55:3a38/64 on wlan0 flags 0 scope 0
I/QCNEA   : |NIMS| (  922): getaddrinfo: hostname 2605:e000:4ec5:d700:f6f1:e1ff:fe55:3a38 servname NULL numeric 4 appname /system/bin/app_process
D/WifiStateMachine(  922): handleMessage: E msg.what=131215
D/WifiStateMachine(  922): processMsg: ConnectedState
D/WifiStateMachine(  922): processMsg: L2ConnectedState
D/WifiStateMachine(  922): processMsg: ConnectModeState
D/WifiStateMachine(  922): processMsg: DriverStartedState
D/WifiStateMachine(  922): processMsg: SupplicantStartedState
D/WifiStateMachine(  922): processMsg: DefaultState
D/WifiStateMachine(  922): handleMessage: X
D/WifiStateMachine(  922): addressUpdated: 2605:e000:4ec5:d700:e86f:efd2:ba8f:cadc/64 on wlan0 flags 1 scope 0
I/QCNEA   : |NIMS| (  922): getaddrinfo: hostname 2605:e000:4ec5:d700:e86f:efd2:ba8f:cadc servname NULL numeric 4 appname /system/bin/app_process
D/WifiStateMachine(  922): handleMessage: E msg.what=131215
D/WifiStateMachine(  922): processMsg: ConnectedState
D/WifiStateMachine(  922): processMsg: L2ConnectedState
D/WifiStateMachine(  922): processMsg: ConnectModeState
D/WifiStateMachine(  922): processMsg: DriverStartedState
D/WifiStateMachine(  922): processMsg: SupplicantStartedState
D/WifiStateMachine(  922): processMsg: DefaultState
D/WifiStateMachine(  922): handleMessage: X
D/WifiStateMachine(  922): handleMessage: E msg.what=151572
D/WifiStateMachine(  922): processMsg: ConnectedState
D/WifiStateMachine(  922): processMsg: L2ConnectedState
D/WifiWatchdogStateMachine(  922): Fetch RSSI succeed, rssi=-62 mrssi=-62 txbad=218 txgood=7117
D/WifiStateMachine(  922): handleMessage: X
I/SFPerfTracer(  290):      triggers: (rate: 2:36) (0 sw vsyncs) (0 skipped) (26:183320 vsyncs) (28:248241)
I/SFPerfTracer(  290):      triggers: (rate: 100:2303) (compose: 0:49) (post: 0:222) (render: 0:206) (27:88608 frames) (28:248160)
D/SFPerfTracer(  290):        layers: (3:10) (DimLayer: 0:249)* (DimLayer: 0:6)* (FocusedStackFrame: 0:2439)* (StatusBar: 28:34267) (NavigationBar: 0:2399)* (com.android.systemui.ImageWallpaper: 0:4547) (DimLayer: 0:1787)* (DimLayer: 0:418)* (com.motorola.motlauncher/com.android.launcher2.Launcher: 0:102) (Keyguard: 0:64)* 
D/WifiStateMachine(  922): handleMessage: E msg.what=151572
D/WifiStateMachine(  922): processMsg: ConnectedState
D/WifiStateMachine(  922): processMsg: L2ConnectedState
D/WifiStateMachine(  922): handleMessage: X
D/WifiStateMachine(  922): handleMessage: E msg.what=131155
D/WifiStateMachine(  922): processMsg: ConnectedState
D/WifiStateMachine(  922): processMsg: L2ConnectedState
D/WifiWatchdogStateMachine(  922): Fetch RSSI succeed, rssi=-65 mrssi=-63 txbad=218 txgood=7117
D/WifiStateMachine(  922): handleMessage: X
I/SFPerfTracer(  290):      triggers: (rate: 0:103) (2245607 sw vsyncs) (0 skipped) (59:663026 vsyncs) (61:2969690)
D/WifiStateMachine(  922): handleMessage: E msg.what=151572
D/WifiStateMachine(  922): processMsg: ConnectedState
D/WifiStateMachine(  922): processMsg: L2ConnectedState
D/WifiStateMachine(  922): handleMessage: X
D/WifiWatchdogStateMachine(  922): Fetch RSSI succeed, rssi=-66 mrssi=-65 txbad=218 txgood=7117
I/QCNEJ   (  922): |CORE| getSignalStrength networkType= 0
I/QCNEJ   (  922): |CORE| getSignalStrength networkType= 0
I/QCNEJ   (  922): |CORE| sendWwanStatus type=13 state=4 strength=-1 roaming=0 ipV4Addr=10.183.36.245 ifNameV4=rmnet0 ipV6Addr=2600:1012:b02d:52cd:398a:46b2:36b1:7b86 ifNameV6=rmnet0 timeStamp=2015-01-06 05:27:23.972
D/WifiStateMachine(  922): addressUpdated: 2605:e000:4ec5:d700:f6f1:e1ff:fe55:3a38/64 on wlan0 flags 0 scope 0
I/QCNEA   : |NIMS| (  922): getaddrinfo: hostname 2605:e000:4ec5:d700:f6f1:e1ff:fe55:3a38 servname NULL numeric 4 appname /system/bin/app_process
D/WifiStateMachine(  922): handleMessage: E msg.what=131215
D/WifiStateMachine(  922): processMsg: ConnectedState
D/WifiStateMachine(  922): processMsg: L2ConnectedState
D/WifiStateMachine(  922): processMsg: ConnectModeState
D/WifiStateMachine(  922): processMsg: DriverStartedState
D/WifiStateMachine(  922): processMsg: SupplicantStartedState
D/WifiStateMachine(  922): processMsg: DefaultState
D/WifiStateMachine(  922): handleMessage: X
D/WifiStateMachine(  922): addressUpdated: 2605:e000:4ec5:d700:e86f:efd2:ba8f:cadc/64 on wlan0 flags 1 scope 0
I/QCNEA   : |NIMS| (  922): getaddrinfo: hostname 2605:e000:4ec5:d700:e86f:efd2:ba8f:cadc servname NULL numeric 4 appname /system/bin/app_process
D/WifiStateMachine(  922): handleMessage: E msg.what=131215
D/WifiStateMachine(  922): processMsg: ConnectedState
D/WifiStateMachine(  922): processMsg: L2ConnectedState
D/WifiStateMachine(  922): processMsg: ConnectModeState
D/WifiStateMachine(  922): processMsg: DriverStartedState
D/WifiStateMachine(  922): processMsg: SupplicantStartedState
D/WifiStateMachine(  922): processMsg: DefaultState
D/WifiStateMachine(  922): handleMessage: X
I/SFPerfTracer(  290):      triggers: (rate: 0:103) (2245607 sw vsyncs) (0 skipped) (52:663133 vsyncs) (54:2969803)
D/WifiStateMachine(  922): handleMessage: E msg.what=151572
D/WifiStateMachine(  922): processMsg: ConnectedState
D/WifiStateMachine(  922): processMsg: L2ConnectedState
D/WifiStateMachine(  922): handleMessage: X
D/WifiWatchdogStateMachine(  922): Fetch RSSI succeed, rssi=-66 mrssi=-66 txbad=218 txgood=7117
I/InputReader(  922): Reconfiguring input devices.  changes=0x00000010
I/PackageManager(  922): Adding preferred activity ComponentInfo{com.android.mms/com.android.mms.ui.ComposeMessageActivity} for user 0 :
I/PackageManager(  922):   Action: "android.intent.action.SENDTO"
I/PackageManager(  922):   Category: "android.intent.category.DEFAULT"
I/PackageManager(  922):   Scheme: "sms"
I/PackageManager(  922): Adding preferred activity ComponentInfo{com.android.mms/com.android.mms.ui.ComposeMessageActivity} for user 0 :
I/PackageManager(  922):   Action: "android.intent.action.SENDTO"
I/PackageManager(  922):   Category: "android.intent.category.DEFAULT"
I/PackageManager(  922):   Scheme: "smsto"
I/PackageManager(  922): Adding preferred activity ComponentInfo{com.android.mms/com.android.mms.ui.ComposeMessageActivity} for user 0 :
I/PackageManager(  922):   Action: "android.intent.action.SENDTO"
I/PackageManager(  922):   Category: "android.intent.category.DEFAULT"
I/PackageManager(  922):   Scheme: "mms"
E/com.amazon.venezia/com.amazon.identity.auth.device.framework.MAPApplicationInformationQueryer( 5610): Notified by action android.intent.action.PACKAGE_CHANGED to invalidate app cache
I/PackageManager(  922): Adding preferred activity ComponentInfo{com.android.mms/com.android.mms.ui.ComposeMessageActivity} for user 0 :
I/PackageManager(  922):   Action: "android.intent.action.SENDTO"
I/PackageManager(  922):   Category: "android.intent.category.DEFAULT"
I/PackageManager(  922):   Scheme: "mmsto"
I/PackageManager(  922): Adding preferred activity ComponentInfo{com.android.mms/com.android.mms.ui.ComposeMessageActivity} for user 0 :
I/PackageManager(  922):   Action: "android.intent.action.SENDTO"
I/PackageManager(  922):   Category: "android.intent.category.DEFAULT"
I/PackageManager(  922):   Scheme: "sms"
D/AccountTypeManager(22319): Registering external account type=com.motorola.rcs.eab.account, packageName=com.motorola.rcs.eab
W/ActivityManager(  922): Permission Denial: Accessing service ComponentInfo{com.google.android.music/com.google.android.music.dial.DialMediaRouteProviderService} from pid=12918, uid=10166 that is not exported from uid 10125
I/PackageManager(  922): Adding preferred activity ComponentInfo{com.android.mms/com.android.mms.ui.ComposeMessageActivity} for user 0 :
I/PackageManager(  922):   Action: "android.intent.action.SENDTO"
I/PackageManager(  922):   Category: "android.intent.category.DEFAULT"
I/PackageManager(  922):   Scheme: "smsto"
I/PackageManager(  922): Adding preferred activity ComponentInfo{com.android.mms/com.android.mms.ui.ComposeMessageActivity} for user 0 :
I/PackageManager(  922):   Action: "android.intent.action.SENDTO"
I/PackageManager(  922):   Category: "android.intent.category.DEFAULT"
I/PackageManager(  922):   Scheme: "mms"
I/PackageManager(  922): Adding preferred activity ComponentInfo{com.android.mms/com.android.mms.ui.ComposeMessageActivity} for user 0 :
I/PackageManager(  922):   Action: "android.intent.action.SENDTO"
I/PackageManager(  922):   Category: "android.intent.category.DEFAULT"
I/PackageManager(  922):   Scheme: "mmsto"
D/AccountTypeManager(22319): Registering external account type=com.vcast.mediamanager.account, packageName=com.vcast.mediamanager
I/QCNEJ   (  922): |CORE| CNE- sendBrowserInfoList: browsers list size = 1
I/SBar.NetworkController( 1195): onSignalStrengthsChanged SignalStrength: 99 0 -82 -70 -120 -1 -1 23 -97 -11 118 2147483647 2147483647 cdma 0 -108 -1 false 0 0 4 0 3 8 99 99 5 level=3
W/ResourceType(22319): getEntry failing because entryIndex 250 is beyond type entryCount 142
W/ResourceType(22319): Failure getting entry for 0x7f0200fa (t=1 e=250) in package 0 (error -2147483647)
D/AccountTypeManager(22319): Registering external account type=com.facebook.auth.login, packageName=com.facebook.katana
I/QCNEJ   (  922): |CORE| getSignalStrength networkType= 0
I/QCNEJ   (  922): |CORE| getSignalStrength networkType= 0
I/QCNEJ   (  922): |CORE| sendWwanStatus type=13 state=4 strength=-1 roaming=0 ipV4Addr=10.183.36.245 ifNameV4=rmnet0 ipV6Addr=2600:1012:b02d:52cd:398a:46b2:36b1:7b86 ifNameV6=rmnet0 timeStamp=2015-01-06 05:27:25.585
D/PackageController.doInBackground(): (  922): Package com.motorola.genie, package state=0, action=android.intent.action.PACKAGE_CHANGED
D/PackageController.doInBackground(): (  922): Package com.motorola.genie does NOT conflict with any policy.
W/ResourceType(22319): getEntry failing because entryIndex 2053 is beyond type entryCount 142
W/ResourceType(22319): Failure getting entry for 0x7f020805 (t=1 e=2053) in package 0 (error -2147483647)
W/ResourceType(22319): getEntry failing because entryIndex 2134 is beyond type entryCount 142
W/ResourceType(22319): Failure getting entry for 0x7f020856 (t=1 e=2134) in package 0 (error -2147483647)
D/AccountTypeManager(22319): Registering external account type=com.motorola.android.buacontactadapter, packageName=com.motorola.android.buacontactadapter
D/AccountTypeManager(22319): Registering external account type=com.motorola.contacts.preloaded, packageName=com.motorola.contacts.preloadcontacts
D/AccountTypeManager(22319): Registering 1 extension packages
E/ExternalAccountType(22319): Unsupported attribute readOnly
D/AccountTypeManager(22319): Registering extension package account type=com.google, dataSet=plus, packageName=com.google.android.apps.plus
I/AccountTypeManager(22319): Loaded meta-data for 8 account types, 6 accounts in 273ms(wall) 24ms(cpu)
I/IcingCorporaProvider( 2329): Updating corpora: APPS=com.motorola.genie, CONTACTS=MAYBE
D/PackageBroadcastService( 1593): Received broadcast action=android.intent.action.PACKAGE_CHANGED and uri=com.motorola.genie
I/PeopleContactsSync( 1593): CP2 sync disabled
D/MotDevicePolicyManager(  922): Version:02.00.00
I/IcingCorporaProvider( 2329): UpdateCorporaTask done [took 57 ms] updated apps [took 56 ms] 
D/WifiStateMachine(  922): handleMessage: E msg.what=151572
D/WifiStateMachine(  922): processMsg: ConnectedState
D/WifiStateMachine(  922): processMsg: L2ConnectedState
D/WifiStateMachine(  922): handleMessage: X
D/WifiStateMachine(  922): handleMessage: E msg.what=131155
D/WifiStateMachine(  922): processMsg: ConnectedState
D/WifiStateMachine(  922): processMsg: L2ConnectedState
D/WifiWatchdogStateMachine(  922): Fetch RSSI succeed, rssi=-65 mrssi=-65 txbad=218 txgood=7117
D/WifiStateMachine(  922): handleMessage: X
I/Metrics:BatchTransmitte(12796): QueuePusher.sendBatches - Drained batch queue.; Number of NORMAL queue batches sent: 0
D/WifiStateMachine(  922): handleMessage: E msg.what=151572
D/WifiStateMachine(  922): processMsg: ConnectedState
D/WifiStateMachine(  922): processMsg: L2ConnectedState
D/WifiWatchdogStateMachine(  922): Fetch RSSI succeed, rssi=-65 mrssi=-65 txbad=218 txgood=7117
D/WifiStateMachine(  922): handleMessage: X
I/SFPerfTracer(  290):      triggers: (rate: 0:103) (2245607 sw vsyncs) (0 skipped) (77:663230 vsyncs) (79:2969910)
D/WifiStateMachine(  922): handleMessage: E msg.what=151572
D/WifiStateMachine(  922): processMsg: ConnectedState
D/WifiStateMachine(  922): processMsg: L2ConnectedState
D/WifiStateMachine(  922): addressUpdated: 2605:e000:4ec5:d700:f6f1:e1ff:fe55:3a38/64 on wlan0 flags 0 scope 0
I/QCNEA   : |NIMS| (  922): getaddrinfo: hostname 2605:e000:4ec5:d700:f6f1:e1ff:fe55:3a38 servname NULL numeric 4 appname /system/bin/app_process
D/WifiStateMachine(  922): addressUpdated: 2605:e000:4ec5:d700:e86f:efd2:ba8f:cadc/64 on wlan0 flags 1 scope 0
I/QCNEA   : |NIMS| (  922): getaddrinfo: hostname 2605:e000:4ec5:d700:e86f:efd2:ba8f:cadc servname NULL numeric 4 appname /system/bin/app_process
D/WifiWatchdogStateMachine(  922): Fetch RSSI succeed, rssi=-66 mrssi=-65 txbad=218 txgood=7117
D/WifiStateMachine(  922): handleMessage: X
D/WifiStateMachine(  922): handleMessage: E msg.what=131215
D/WifiStateMachine(  922): processMsg: ConnectedState
D/WifiStateMachine(  922): processMsg: L2ConnectedState
D/WifiStateMachine(  922): processMsg: ConnectModeState
D/WifiStateMachine(  922): processMsg: DriverStartedState
D/WifiStateMachine(  922): processMsg: SupplicantStartedState
D/WifiStateMachine(  922): processMsg: DefaultState
D/WifiStateMachine(  922): handleMessage: X
D/WifiStateMachine(  922): handleMessage: E msg.what=131215
D/WifiStateMachine(  922): processMsg: ConnectedState
D/WifiStateMachine(  922): processMsg: L2ConnectedState
D/WifiStateMachine(  922): processMsg: ConnectModeState
D/WifiStateMachine(  922): processMsg: DriverStartedState
D/WifiStateMachine(  922): processMsg: SupplicantStartedState
