D/WifiWatchdogStateMachine(  922): Fetch RSSI succeed, rssi=-67 mrssi=-67 txbad=218 txgood=7131
D/WifiStateMachine(  922): handleMessage: X
D/WifiStateMachine(  922): handleMessage: E msg.what=151572
D/WifiStateMachine(  922): processMsg: ConnectedState
D/WifiStateMachine(  922): processMsg: L2ConnectedState
D/WifiWatchdogStateMachine(  922): Fetch RSSI succeed, rssi=-67 mrssi=-67 txbad=218 txgood=7131
D/WifiStateMachine(  922): handleMessage: X
D/WifiStateMachine(  922): handleMessage: E msg.what=131155
D/WifiStateMachine(  922): processMsg: ConnectedState
D/WifiStateMachine(  922): processMsg: L2ConnectedState
D/WifiStateMachine(  922): handleMessage: X
D/WifiStateMachine(  922): handleMessage: E msg.what=151572
D/WifiStateMachine(  922): processMsg: ConnectedState
D/WifiStateMachine(  922): processMsg: L2ConnectedState
D/WifiWatchdogStateMachine(  922): Fetch RSSI succeed, rssi=-67 mrssi=-67 txbad=218 txgood=7132
D/WifiWatchdogStateMachine(  922): Incremental loss=0/1 Current loss=0% volume=1.01
D/WifiWatchdogStateMachine(  922): Cache updated: loss[-67]=6.14% volume=3.35
D/WifiStateMachine(  922): handleMessage: X
D/WifiStateMachine(  922): addressUpdated: 2605:e000:4ec5:d700:f6f1:e1ff:fe55:3a38/64 on wlan0 flags 0 scope 0
I/QCNEA   : |NIMS| (  922): getaddrinfo: hostname 2605:e000:4ec5:d700:f6f1:e1ff:fe55:3a38 servname NULL numeric 4 appname /system/bin/app_process
D/WifiStateMachine(  922): handleMessage: E msg.what=131215
D/WifiStateMachine(  922): processMsg: ConnectedState
D/WifiStateMachine(  922): processMsg: L2ConnectedState
D/WifiStateMachine(  922): processMsg: ConnectModeState
D/WifiStateMachine(  922): processMsg: DriverStartedState
D/WifiStateMachine(  922): processMsg: SupplicantStartedState
D/WifiStateMachine(  922): processMsg: DefaultState
D/WifiStateMachine(  922): handleMessage: X
D/WifiStateMachine(  922): addressUpdated: 2605:e000:4ec5:d700:e86f:efd2:ba8f:cadc/64 on wlan0 flags 1 scope 0
I/QCNEA   : |NIMS| (  922): getaddrinfo: hostname 2605:e000:4ec5:d700:e86f:efd2:ba8f:cadc servname NULL numeric 4 appname /system/bin/app_process
D/WifiStateMachine(  922): handleMessage: E msg.what=131215
D/WifiStateMachine(  922): processMsg: ConnectedState
D/WifiStateMachine(  922): processMsg: L2ConnectedState
D/WifiStateMachine(  922): processMsg: ConnectModeState
D/WifiStateMachine(  922): processMsg: DriverStartedState
D/WifiStateMachine(  922): processMsg: SupplicantStartedState
D/WifiStateMachine(  922): processMsg: DefaultState
D/WifiStateMachine(  922): handleMessage: X
D/WifiStateMachine(  922): handleMessage: E msg.what=151572
D/WifiStateMachine(  922): processMsg: ConnectedState
D/WifiStateMachine(  922): processMsg: L2ConnectedState
D/WifiStateMachine(  922): handleMessage: X
D/WifiWatchdogStateMachine(  922): Fetch RSSI succeed, rssi=-68 mrssi=-67 txbad=218 txgood=7132
I/QCNEJ   (  922): |CORE| getSignalStrength networkType= 0
I/QCNEJ   (  922): |CORE| getSignalStrength networkType= 0
I/QCNEJ   (  922): |CORE| sendWwanStatus type=13 state=4 strength=-1 roaming=0 ipV4Addr=10.183.36.245 ifNameV4=rmnet0 ipV6Addr=2600:1012:b02d:52cd:398a:46b2:36b1:7b86 ifNameV6=rmnet0 timeStamp=2015-01-06 05:28:40.776
I/SFPerfTracer(  290):      triggers: (rate: 0:103) (2245607 sw vsyncs) (0 skipped) (467:667514 vsyncs) (469:2974332)
D/WifiStateMachine(  922): handleMessage: E msg.what=151572
D/WifiStateMachine(  922): processMsg: ConnectedState
D/WifiStateMachine(  922): processMsg: L2ConnectedState
D/WifiStateMachine(  922): handleMessage: X
D/WifiWatchdogStateMachine(  922): Fetch RSSI succeed, rssi=-68 mrssi=-68 txbad=218 txgood=7132
D/WifiStateMachine(  922): handleMessage: E msg.what=131155
D/WifiStateMachine(  922): processMsg: ConnectedState
D/WifiStateMachine(  922): processMsg: L2ConnectedState
D/WifiStateMachine(  922): handleMessage: X
D/WifiStateMachine(  922): handleMessage: E msg.what=151572
D/WifiStateMachine(  922): processMsg: ConnectedState
D/WifiStateMachine(  922): processMsg: L2ConnectedState
D/WifiStateMachine(  922): handleMessage: X
D/WifiWatchdogStateMachine(  922): Fetch RSSI succeed, rssi=-68 mrssi=-68 txbad=218 txgood=7132
E/Diag_Lib(  429): [IMS_QMID] |ims_qmi_nas_client.c | 685 | ims_qmi_nas_unsolicited_event_ind starting
E/Diag_Lib(  429): [IMS_QMID] |ims_qmi_nas_client.c | 690 | QCCI#>>#QMID#0#QMI_NAS Indication for MSG ID [78]
E/Diag_Lib(  429): [IMS_QMID] |ims_qmi_nas_client.c | 704 | qmi_idl_get_message_c_struct_len -decoded_payload_len: 1060
E/Diag_Lib(  429): [IMS_QMID] |ims_qmi_nas_client.c | 736 | ims_qmi_nas_unsolicited_event_ind | Indication sending
E/Diag_Lib(  429): [IMS_QMID] |imsqmiserver.c | 254 | ims_qmi_handler_cb Written 1076 bytes
E/Diag_Lib(  429): [IMS_QMID] |ims_qmi_nas_client.c | 742 | QMID#>>#DPL#0#QMI_NAS Indication for MSG ID [78]
D/Diag_Lib( 1660): [IMS_DEBUG]| 1104 | 1842 |qpNetSelect : Select Unblocked , iRtn 1
D/Diag_Lib( 1660): [IMS_DEBUG]| 1172 | 1842 |qpNetSelect : QMI CLIENT | received read event on sockfd 54
D/Diag_Lib( 1660): [IMS_DEBUG]| 69 | 1842 |qmi_stub_clientHandler : Enter : QMI Handle 0x5f992878
D/Diag_Lib( 1660): [IMS_DEBUG]| 72 | 1842 |qmi_stub_clientHandler  waiting to read , handle->service_id 3
D/Diag_Lib( 1660): [IMS_DEBUG]| 110 | 1842 |qmi_stub_clientHandler : Msg ID is DATA XFER for service ID
D/Diag_Lib( 1660): [IMS_DEBUG]| 2160 | 1842 |qpDplNASIndicationCb -- msg id is 78
D/Diag_Lib( 1660): [IMS_DEBUG]| 2169 | 1842 |qpDplNASIndicationCb -- decoded_payload_len: 1060
D/Diag_Lib( 1660): [IMS_DEBUG]| 2580 | 1842 |qpDplNASIndicationCb -- Msg is QMI_NAS_SYS_INFO_IND_MSG_V01
D/Diag_Lib( 1660): [IMS_DEBUG]| 2643 | 1842 |qpDplNASIndicationCb -- wcdma_srv_status_info_valid is Invalid or srv_status - 0
D/Diag_Lib( 1660): [IMS_DEBUG]| 2706 | 1842 |qpDplNASIndicationCb --No HDR cdma_srv_status_info.srv_status - 2
D/Diag_Lib( 1660): [IMS_DEBUG]| 2718 | 1842 |qpDplNASIndicationCb -- cdma_sys_info-srv_capability Validity: 1, Value: 3
D/Diag_Lib( 1660): [IMS_DEBUG]| 2720 | 1842 |qpDplNASIndicationCb -- cdma_sys_info-roam_status Validity: 1, Value: 64
D/Diag_Lib( 1660): [IMS_DEBUG]| 2731 | 1842 |qpDplNASIndicationCb QMI_NAS_GET_SYS_INFO_REQ_MSG_V01: Prev Service Domain=2
D/Diag_Lib( 1660): [IMS_DEBUG]| 2733 | 1842 |qpDplNASIndicationCb QMI_NAS_GET_SYS_INFO_REQ_MSG_V01: New Service Domain=3
D/Diag_Lib( 1660): [IMS_DEBUG]| 2744 | 1842 |qpDplNASIndicationCb QMI_NAS_GET_SYS_INFO_REQ_MSG_V01: Prev CDMA-SID=2
D/Diag_Lib( 1660): [IMS_DEBUG]| 2746 | 1842 |qpDplNASIndicationCb QMI_NAS_GET_SYS_INFO_REQ_MSG_V01: New CDMA-SID=2
D/Diag_Lib( 1660): [IMS_DEBUG]| 2748 | 1842 |qpDplNASIndicationCb QMI_NAS_GET_SYS_INFO_REQ_MSG_V01: Prev CDMA-NID=52
D/Diag_Lib( 1660): [IMS_DEBUG]| 2750 | 1842 |qpDplNASIndicationCb QMI_NAS_GET_SYS_INFO_REQ_MSG_V01: New CDMA-NID=52
D/Diag_Lib( 1660): [IMS_DEBUG]| 2760 | 1842 |qpDplNASIndicationCb QMI_NAS_GET_SYS_INFO_REQ_MSG_V01: Prev base_id=722
D/Diag_Lib( 1660): [IMS_DEBUG]| 2762 | 1842 |qpDplNASIndicationCb QMI_NAS_GET_SYS_INFO_REQ_MSG_V01: New base_id=722
D/Diag_Lib( 1660): [IMS_DEBUG]| 2772 | 1842 |qpDplNASIndicationCb QMI_NAS_GET_SYS_INFO_REQ_MSG_V01: Prev packet_zone=5
D/Diag_Lib( 1660): [IMS_DEBUG]| 2774 | 1842 |qpDplNASIndicationCb QMI_NAS_GET_SYS_INFO_REQ_MSG_V01: New packet_zone=5
D/Diag_Lib( 1660): [IMS_DEBUG]| 2787 | 1842 |qpDplNASIndicationCb -- lte_srv_status_info.srv_status - 2
D/Diag_Lib( 1660): [IMS_DEBUG]| 2801 | 1842 |lte_sys_info-srv_capability Validity: 1, Value: 2
D/Diag_Lib( 1660): [IMS_DEBUG]| 2803 | 1842 |lte_sys_info-roam_status Validity: 1, Value: 0
D/Diag_Lib( 1660): [IMS_DEBUG]| 2814 | 1842 |qpDplNASIndicationCb QMI_NAS_GET_SYS_INFO_REQ_MSG_V01: Prev Service Domain=0
D/Diag_Lib( 1660): [IMS_DEBUG]| 2816 | 1842 |qpDplNASIndicationCb QMI_NAS_GET_SYS_INFO_REQ_MSG_V01: New Service Domain=2
D/Diag_Lib( 1660): [IMS_DEBUG]| 2826 | 1842 |qpDplNASIndicationCb QMI_NAS_GET_SYS_INFO_REQ_MSG_V01: PrevCI=13545729
D/Diag_Lib( 1660): [IMS_DEBUG]| 2828 | 1842 |qpDplNASIndicationCb QMI_NAS_GET_SYS_INFO_REQ_MSG_V01: NewCI=90360844
D/Diag_Lib( 1660): [IMS_DEBUG]| 2849 | 1842 |qpDplNASIndicationCb: QMI_NAS_GET_SYS_INFO_REQ_MSG_V01 PrevTAC=13315
D/Diag_Lib( 1660): [IMS_DEBUG]| 2851 | 1842 |qpDplNASIndicationCb: QMI_NAS_GET_SYS_INFO_REQ_MSG_V01 NewTAC=13315
D/Diag_Lib( 1660): [IMS_DEBUG]| 2862 | 1842 |qpDplNASIndicationCb -- lte_sys_info-network_id Valid: - 1
D/Diag_Lib( 1660): [IMS_DEBUG]| 2867 | 1842 |qpDplNASIndicationCb - Values from NAS MCC: 311480, MNC: 480
D/Diag_Lib( 1660): [IMS_DEBUG]| 2871 | 1842 |qpDplNASIndicationCb - bIsUndefined: 0, bIsMncIncPcsDigitPtr: 1
D/Diag_Lib( 1660): [IMS_DEBUG]| 2872 | 1842 |qpDplNASIndicationCb: PI[0]: 13, PI[1]: 1, PI[2]: 84
D/Diag_Lib( 1660): [IMS_DEBUG]| 2873 | 1842 |qpDplNASIndicationCb - MCC: 311, MNC: 480
D/Diag_Lib( 1660): [IMS_DEBUG]| 188 | 1842 |qmi_stub_clientHandler : exit with success
D/Diag_Lib( 1660): [IMS_DEBUG]| 1398 | 1842 |qpdpl: qpDplMainLoop  qpDplListSize: 0
D/CdmaPCDHandler( 1378): mcc 311 sid 2 tz -8 dstflag 0
D/CdmaPCDHandler( 1378): mCurrentMCC 311 mCurrentSID 2 mCurrentIDD 011
D/CdmaPCDHandler( 1378): Return as nothing changed
I/ActivityManager(  922): Killing 30684:com.google.android.partnersetup/u0a41 (adj 15): empty for 1803s
I/SBar.NetworkController( 1195): onServiceStateChanged state=0 0 home voice home data home Verizon Wireless Verizon 311480 Verizon Wireless Verizon 311480  1xRTT LTE CSS supported 52 2 RoamInd=64 DefRoamInd=1 EmergOnly=false VoiceState=0=STATE_IN_SERVICE DataState=0=STATE_IN_SERVICE
D/PollingManager( 2568): phone state: 0 0 home voice home data home Verizon Wireless Verizon 311480 Verizon Wireless Verizon 311480  1xRTT LTE CSS supported 52 2 RoamInd=64 DefRoamInd=1 EmergOnly=false
W/ContextImpl( 1388): Calling a method in the system process without a qualified user: android.app.ContextImpl.sendBroadcast:1280 android.content.ContextWrapper.sendBroadcast:365 com.motorola.motocare.util.TriggerHelper$TriggerBuilder.send:76 com.motorola.motocare.internal.frameworkevents.ProcessKillTrigger.sendTrigger:147 com.motorola.motocare.internal.frameworkevents.ProcessKillTrigger.handleFrameworkEvent:164 
D/VzwEri  ( 1195): ERI alert sound is disabled.
V/ConnectivityReceiver( 2268): in onReceive(), android.intent.action.SERVICE_STATE
I/TransactionService( 2186): Start transaction service, app version=4.4
D/WifiStateMachine(  922): addressUpdated: 2605:e000:4ec5:d700:f6f1:e1ff:fe55:3a38/64 on wlan0 flags 0 scope 0
I/QCNEA   : |NIMS| (  922): getaddrinfo: hostname 2605:e000:4ec5:d700:f6f1:e1ff:fe55:3a38 servname NULL numeric 4 appname /system/bin/app_process
D/WifiStateMachine(  922): handleMessage: E msg.what=131215
D/WifiStateMachine(  922): processMsg: ConnectedState
D/WifiStateMachine(  922): processMsg: L2ConnectedState
D/WifiStateMachine(  922): processMsg: ConnectModeState
D/WifiStateMachine(  922): processMsg: DriverStartedState
D/WifiStateMachine(  922): processMsg: SupplicantStartedState
D/WifiStateMachine(  922): processMsg: DefaultState
D/WifiStateMachine(  922): handleMessage: X
D/WifiStateMachine(  922): addressUpdated: 2605:e000:4ec5:d700:e86f:efd2:ba8f:cadc/64 on wlan0 flags 1 scope 0
I/QCNEA   : |NIMS| (  922): getaddrinfo: hostname 2605:e000:4ec5:d700:e86f:efd2:ba8f:cadc servname NULL numeric 4 appname /system/bin/app_process
D/WifiStateMachine(  922): handleMessage: E msg.what=131215
D/WifiStateMachine(  922): processMsg: ConnectedState
D/WifiStateMachine(  922): processMsg: L2ConnectedState
D/WifiStateMachine(  922): processMsg: ConnectModeState
D/WifiStateMachine(  922): processMsg: DriverStartedState
D/WifiStateMachine(  922): processMsg: SupplicantStartedState
D/WifiStateMachine(  922): processMsg: DefaultState
D/WifiStateMachine(  922): handleMessage: X
I/SFPerfTracer(  290):      triggers: (rate: 0:103) (2245607 sw vsyncs) (0 skipped) (31:667636 vsyncs) (33:2974458)
D/WifiStateMachine(  922): handleMessage: E msg.what=151572
D/WifiStateMachine(  922): processMsg: ConnectedState
D/WifiStateMachine(  922): processMsg: L2ConnectedState
D/WifiStateMachine(  922): handleMessage: X
D/WifiWatchdogStateMachine(  922): Fetch RSSI succeed, rssi=-67 mrssi=-67 txbad=218 txgood=7132
D/WifiStateMachine(  922): handleMessage: E msg.what=151572
D/WifiStateMachine(  922): processMsg: ConnectedState
D/WifiStateMachine(  922): processMsg: L2ConnectedState
D/WifiStateMachine(  922): handleMessage: X
D/WifiWatchdogStateMachine(  922): Fetch RSSI succeed, rssi=-67 mrssi=-67 txbad=218 txgood=7132
D/WifiStateMachine(  922): handleMessage: E msg.what=131155
D/WifiStateMachine(  922): processMsg: ConnectedState
D/WifiStateMachine(  922): processMsg: L2ConnectedState
D/WifiStateMachine(  922): handleMessage: X
I/QCNEJ   (  922): |CORE| getSignalStrength networkType= 0
I/QCNEJ   (  922): |CORE| getSignalStrength networkType= 0
I/QCNEJ   (  922): |CORE| sendWwanStatus type=13 state=4 strength=-1 roaming=0 ipV4Addr=10.183.36.245 ifNameV4=rmnet0 ipV6Addr=2600:1012:b02d:52cd:398a:46b2:36b1:7b86 ifNameV6=rmnet0 timeStamp=2015-01-06 05:28:44.619
I/SBar.NetworkController( 1195): onSignalStrengthsChanged SignalStrength: 99 0 -82 -70 -120 -1 -1 18 -109 -12 110 2147483647 2147483647 cdma 0 -108 -1 false 0 0 4 0 2 8 99 99 5 level=2
I/SFPerfTracer(  290):      triggers: (rate: 0:103) (2245607 sw vsyncs) (0 skipped) (88:667736 vsyncs) (90:2974562)
D/WifiStateMachine(  922): handleMessage: E msg.what=151572
D/WifiStateMachine(  922): processMsg: ConnectedState
D/WifiStateMachine(  922): processMsg: L2ConnectedState
D/WifiStateMachine(  922): handleMessage: X
D/WifiWatchdogStateMachine(  922): Fetch RSSI succeed, rssi=-67 mrssi=-67 txbad=218 txgood=7132
D/WifiStateMachine(  922): addressUpdated: 2605:e000:4ec5:d700:f6f1:e1ff:fe55:3a38/64 on wlan0 flags 0 scope 0
I/QCNEA   : |NIMS| (  922): getaddrinfo: hostname 2605:e000:4ec5:d700:f6f1:e1ff:fe55:3a38 servname NULL numeric 4 appname /system/bin/app_process
D/WifiStateMachine(  922): handleMessage: E msg.what=131215
D/WifiStateMachine(  922): processMsg: ConnectedState
D/WifiStateMachine(  922): processMsg: L2ConnectedState
D/WifiStateMachine(  922): processMsg: ConnectModeState
D/WifiStateMachine(  922): processMsg: DriverStartedState
D/WifiStateMachine(  922): processMsg: SupplicantStartedState
D/WifiStateMachine(  922): processMsg: DefaultState
D/WifiStateMachine(  922): handleMessage: X
D/WifiStateMachine(  922): addressUpdated: 2605:e000:4ec5:d700:e86f:efd2:ba8f:cadc/64 on wlan0 flags 1 scope 0
I/QCNEA   : |NIMS| (  922): getaddrinfo: hostname 2605:e000:4ec5:d700:e86f:efd2:ba8f:cadc servname NULL numeric 4 appname /system/bin/app_process
D/WifiStateMachine(  922): handleMessage: E msg.what=131215
D/WifiStateMachine(  922): processMsg: ConnectedState
D/WifiStateMachine(  922): processMsg: L2ConnectedState
D/WifiStateMachine(  922): processMsg: ConnectModeState
D/WifiStateMachine(  922): processMsg: DriverStartedState
D/WifiStateMachine(  922): processMsg: SupplicantStartedState
D/WifiStateMachine(  922): processMsg: DefaultState
D/WifiStateMachine(  922): handleMessage: X
D/WifiStateMachine(  922): handleMessage: E msg.what=151572
D/WifiStateMachine(  922): processMsg: ConnectedState
D/WifiStateMachine(  922): processMsg: L2ConnectedState
D/WifiWatchdogStateMachine(  922): Fetch RSSI succeed, rssi=-67 mrssi=-67 txbad=218 txgood=7133
D/WifiWatchdogStateMachine(  922): Incremental loss=0/1 Current loss=0% volume=1
D/WifiWatchdogStateMachine(  922): Cache updated: loss[-67]=5.95% volume=3.12
D/WifiStateMachine(  922): handleMessage: X
I/Metrics:BatchTransmitte(12796): QueuePusher.sendBatches - Drained batch queue.; Number of NORMAL queue batches sent: 0
D/WifiStateMachine(  922): handleMessage: E msg.what=151572
D/WifiStateMachine(  922): processMsg: ConnectedState
D/WifiStateMachine(  922): processMsg: L2ConnectedState
D/WifiWatchdogStateMachine(  922): Fetch RSSI succeed, rssi=-67 mrssi=-67 txbad=218 txgood=7134
D/WifiWatchdogStateMachine(  922): Incremental loss=0/1 Current loss=0% volume=1
D/WifiWatchdogStateMachine(  922): Cache updated: loss[-67]=5.74% volume=2.91
D/WifiStateMachine(  922): handleMessage: X
D/WifiStateMachine(  922): handleMessage: E msg.what=131155
D/WifiStateMachine(  922): processMsg: ConnectedState
D/WifiStateMachine(  922): processMsg: L2ConnectedState
D/WifiStateMachine(  922): handleMessage: X
D/WifiStateMachine(  922): handleMessage: E msg.what=151572
D/WifiStateMachine(  922): processMsg: ConnectedState
D/WifiStateMachine(  922): processMsg: L2ConnectedState
D/WifiWatchdogStateMachine(  922): Fetch RSSI succeed, rssi=-67 mrssi=-67 txbad=218 txgood=7135
D/WifiWatchdogStateMachine(  922): Incremental loss=0/1 Current loss=0% volume=1
D/WifiStateMachine(  922): handleMessage: X
D/WifiWatchdogStateMachine(  922): Cache updated: loss[-67]=5.53% volume=2.71
I/SBar.NetworkController( 1195): refreshSignalCluster: mobile: Signal=zz_moto_stat_sys_signal_5bar_2_fully_wide Roaming=(none) mSimIconId=(none) Accessibility="Phone two bars.","Not roaming.",""
I/SFPerfTracer(  290):      triggers: (rate: 0:103) (2245607 sw vsyncs) (0 skipped) (218:667954 vsyncs) (220:2974782)
I/QCNEJ   (  922): |CORE| getSignalStrength networkType= 0
I/QCNEJ   (  922): |CORE| getSignalStrength networkType= 0
I/QCNEJ   (  922): |CORE| sendWwanStatus type=13 state=4 strength=-1 roaming=0 ipV4Addr=10.183.36.245 ifNameV4=rmnet0 ipV6Addr=2600:1012:b02d:52cd:398a:46b2:36b1:7b86 ifNameV6=rmnet0 timeStamp=2015-01-06 05:28:48.455
D/WifiStateMachine(  922): addressUpdated: 2605:e000:4ec5:d700:f6f1:e1ff:fe55:3a38/64 on wlan0 flags 0 scope 0
I/QCNEA   : |NIMS| (  922): getaddrinfo: hostname 2605:e000:4ec5:d700:f6f1:e1ff:fe55:3a38 servname NULL numeric 4 appname /system/bin/app_process
D/WifiStateMachine(  922): handleMessage: E msg.what=131215
D/WifiStateMachine(  922): processMsg: ConnectedState
D/WifiStateMachine(  922): processMsg: L2ConnectedState
D/WifiStateMachine(  922): processMsg: ConnectModeState
D/WifiStateMachine(  922): processMsg: DriverStartedState
D/WifiStateMachine(  922): processMsg: SupplicantStartedState
D/WifiStateMachine(  922): processMsg: DefaultState
D/WifiStateMachine(  922): handleMessage: X
D/WifiStateMachine(  922): addressUpdated: 2605:e000:4ec5:d700:e86f:efd2:ba8f:cadc/64 on wlan0 flags 1 scope 0
I/QCNEA   : |NIMS| (  922): getaddrinfo: hostname 2605:e000:4ec5:d700:e86f:efd2:ba8f:cadc servname NULL numeric 4 appname /system/bin/app_process
D/WifiStateMachine(  922): handleMessage: E msg.what=131215
D/WifiStateMachine(  922): processMsg: ConnectedState
D/WifiStateMachine(  922): processMsg: L2ConnectedState
D/WifiStateMachine(  922): processMsg: ConnectModeState
D/WifiStateMachine(  922): processMsg: DriverStartedState
D/WifiStateMachine(  922): processMsg: SupplicantStartedState
D/WifiStateMachine(  922): processMsg: DefaultState
D/WifiStateMachine(  922): handleMessage: X
D/WifiStateMachine(  922): handleMessage: E msg.what=151572
D/WifiStateMachine(  922): processMsg: ConnectedState
D/WifiStateMachine(  922): processMsg: L2ConnectedState
D/WifiStateMachine(  922): handleMessage: X
D/WifiWatchdogStateMachine(  922): Fetch RSSI succeed, rssi=-67 mrssi=-67 txbad=218 txgood=7136
D/WifiWatchdogStateMachine(  922): Incremental loss=0/1 Current loss=0% volume=1
D/WifiWatchdogStateMachine(  922): Cache updated: loss[-67]=5.31% volume=2.54
D/WifiStateMachine(  922): handleMessage: E msg.what=151572
D/WifiStateMachine(  922): processMsg: ConnectedState
D/WifiStateMachine(  922): processMsg: L2ConnectedState
D/WifiStateMachine(  922): handleMessage: X
D/WifiWatchdogStateMachine(  922): Fetch RSSI succeed, rssi=-67 mrssi=-67 txbad=218 txgood=7136
D/WifiStateMachine(  922): handleMessage: E msg.what=131155
D/WifiStateMachine(  922): processMsg: ConnectedState
D/WifiStateMachine(  922): processMsg: L2ConnectedState
D/WifiStateMachine(  922): handleMessage: X
I/SFPerfTracer(  290):      triggers: (rate: 0:103) (2245607 sw vsyncs) (0 skipped) (78:668068 vsyncs) (80:2974902)
D/WifiStateMachine(  922): handleMessage: E msg.what=151572
D/WifiStateMachine(  922): processMsg: ConnectedState
D/WifiStateMachine(  922): processMsg: L2ConnectedState
D/WifiStateMachine(  922): handleMessage: X
D/WifiWatchdogStateMachine(  922): Fetch RSSI succeed, rssi=-67 mrssi=-67 txbad=218 txgood=7136
D/WifiStateMachine(  922): addressUpdated: 2605:e000:4ec5:d700:f6f1:e1ff:fe55:3a38/64 on wlan0 flags 0 scope 0
I/QCNEA   : |NIMS| (  922): getaddrinfo: hostname 2605:e000:4ec5:d700:f6f1:e1ff:fe55:3a38 servname NULL numeric 4 appname /system/bin/app_process
D/WifiStateMachine(  922): addressUpdated: 2605:e000:4ec5:d700:e86f:efd2:ba8f:cadc/64 on wlan0 flags 1 scope 0
I/QCNEA   : |NIMS| (  922): getaddrinfo: hostname 2605:e000:4ec5:d700:e86f:efd2:ba8f:cadc servname NULL numeric 4 appname /system/bin/app_process
D/WifiStateMachine(  922): handleMessage: E msg.what=131215
D/WifiStateMachine(  922): processMsg: ConnectedState
D/WifiStateMachine(  922): processMsg: L2ConnectedState
D/WifiStateMachine(  922): processMsg: ConnectModeState
D/WifiStateMachine(  922): processMsg: DriverStartedState
D/WifiStateMachine(  922): processMsg: SupplicantStartedState
D/WifiStateMachine(  922): processMsg: DefaultState
D/WifiStateMachine(  922): handleMessage: X
D/WifiStateMachine(  922): handleMessage: E msg.what=131215
D/WifiStateMachine(  922): processMsg: ConnectedState
D/WifiStateMachine(  922): processMsg: L2ConnectedState
D/WifiStateMachine(  922): processMsg: ConnectModeState
D/WifiStateMachine(  922): processMsg: DriverStartedState
D/WifiStateMachine(  922): processMsg: SupplicantStartedState
D/WifiStateMachine(  922): processMsg: DefaultState
D/WifiStateMachine(  922): handleMessage: X
D/WifiStateMachine(  922): handleMessage: E msg.what=151572
D/WifiStateMachine(  922): processMsg: ConnectedState
D/WifiStateMachine(  922): processMsg: L2ConnectedState
D/WifiStateMachine(  922): handleMessage: X
D/WifiWatchdogStateMachine(  922): Fetch RSSI succeed, rssi=-67 mrssi=-67 txbad=218 txgood=7136
D/WifiStateMachine(  922): handleMessage: E msg.what=151572
D/WifiStateMachine(  922): processMsg: ConnectedState
D/WifiStateMachine(  922): processMsg: L2ConnectedState
D/WifiStateMachine(  922): handleMessage: X
D/WifiWatchdogStateMachine(  922): Fetch RSSI succeed, rssi=-67 mrssi=-67 txbad=218 txgood=7136
D/WifiStateMachine(  922): handleMessage: E msg.what=131155
D/WifiStateMachine(  922): processMsg: ConnectedState
D/WifiStateMachine(  922): processMsg: L2ConnectedState
D/WifiStateMachine(  922): handleMessage: X
D/WifiStateMachine(  922): handleMessage: E msg.what=151572
D/WifiStateMachine(  922): processMsg: ConnectedState
D/WifiStateMachine(  922): processMsg: L2ConnectedState
D/WifiStateMachine(  922): handleMessage: X
D/WifiWatchdogStateMachine(  922): Fetch RSSI succeed, rssi=-67 mrssi=-67 txbad=218 txgood=7136
D/WifiStateMachine(  922): addressUpdated: 2605:e000:4ec5:d700:f6f1:e1ff:fe55:3a38/64 on wlan0 flags 0 scope 0
I/QCNEA   : |NIMS| (  922): getaddrinfo: hostname 2605:e000:4ec5:d700:f6f1:e1ff:fe55:3a38 servname NULL numeric 4 appname /system/bin/app_process
D/WifiStateMachine(  922): handleMessage: E msg.what=131215
D/WifiStateMachine(  922): processMsg: ConnectedState
D/WifiStateMachine(  922): processMsg: L2ConnectedState
D/WifiStateMachine(  922): processMsg: ConnectModeState
D/WifiStateMachine(  922): processMsg: DriverStartedState
D/WifiStateMachine(  922): processMsg: SupplicantStartedState
D/WifiStateMachine(  922): processMsg: DefaultState
D/WifiStateMachine(  922): handleMessage: X
D/WifiStateMachine(  922): addressUpdated: 2605:e000:4ec5:d700:e86f:efd2:ba8f:cadc/64 on wlan0 flags 1 scope 0
I/QCNEA   : |NIMS| (  922): getaddrinfo: hostname 2605:e000:4ec5:d700:e86f:efd2:ba8f:cadc servname NULL numeric 4 appname /system/bin/app_process
D/WifiStateMachine(  922): handleMessage: E msg.what=131215
D/WifiStateMachine(  922): processMsg: ConnectedState
D/WifiStateMachine(  922): processMsg: L2ConnectedState
D/WifiStateMachine(  922): processMsg: ConnectModeState
D/WifiStateMachine(  922): processMsg: DriverStartedState
D/WifiStateMachine(  922): processMsg: SupplicantStartedState
D/WifiStateMachine(  922): processMsg: DefaultState
D/WifiStateMachine(  922): handleMessage: X
I/SFPerfTracer(  290):      triggers: (rate: 0:103) (2245607 sw vsyncs) (0 skipped) (184:668345 vsyncs) (186:2975183)
D/WifiStateMachine(  922): handleMessage: E msg.what=151572
D/WifiStateMachine(  922): processMsg: ConnectedState
D/WifiStateMachine(  922): processMsg: L2ConnectedState
D/WifiStateMachine(  922): handleMessage: X
D/WifiWatchdogStateMachine(  922): Fetch RSSI succeed, rssi=-67 mrssi=-67 txbad=218 txgood=7136
D/WifiStateMachine(  922): handleMessage: E msg.what=151572
D/WifiStateMachine(  922): processMsg: ConnectedState
D/WifiStateMachine(  922): processMsg: L2ConnectedState
D/WifiStateMachine(  922): handleMessage: X
D/WifiWatchdogStateMachine(  922): Fetch RSSI succeed, rssi=-67 mrssi=-67 txbad=218 txgood=7136
D/WifiStateMachine(  922): handleMessage: E msg.what=131155
D/WifiStateMachine(  922): processMsg: ConnectedState
D/WifiStateMachine(  922): processMsg: L2ConnectedState
D/WifiStateMachine(  922): handleMessage: X
D/WifiStateMachine(  922): handleMessage: E msg.what=151572
D/WifiStateMachine(  922): processMsg: ConnectedState
D/WifiStateMachine(  922): processMsg: L2ConnectedState
D/WifiStateMachine(  922): handleMessage: X
D/WifiWatchdogStateMachine(  922): Fetch RSSI succeed, rssi=-67 mrssi=-67 txbad=218 txgood=7136
I/SFPerfTracer(  290):      triggers: (rate: 0:103) (2245607 sw vsyncs) (0 skipped) (41:668473 vsyncs) (43:2975317)
I/ActivityManager(  922): Waited long enough for: ServiceRecord{431a49b0 u0 com.android.mms/.transaction.TransactionService}
D/WifiStateMachine(  922): addressUpdated: 2605:e000:4ec5:d700:f6f1:e1ff:fe55:3a38/64 on wlan0 flags 0 scope 0
I/QCNEA   : |NIMS| (  922): getaddrinfo: hostname 2605:e000:4ec5:d700:f6f1:e1ff:fe55:3a38 servname NULL numeric 4 appname /system/bin/app_process
D/WifiStateMachine(  922): handleMessage: E msg.what=131215
D/WifiStateMachine(  922): processMsg: ConnectedState
D/WifiStateMachine(  922): processMsg: L2ConnectedState
D/WifiStateMachine(  922): processMsg: ConnectModeState
D/WifiStateMachine(  922): processMsg: DriverStartedState
D/WifiStateMachine(  922): processMsg: SupplicantStartedState
D/WifiStateMachine(  922): processMsg: DefaultState
D/WifiStateMachine(  922): handleMessage: X
D/WifiStateMachine(  922): addressUpdated: 2605:e000:4ec5:d700:e86f:efd2:ba8f:cadc/64 on wlan0 flags 1 scope 0
I/QCNEA   : |NIMS| (  922): getaddrinfo: hostname 2605:e000:4ec5:d700:e86f:efd2:ba8f:cadc servname NULL numeric 4 appname /system/bin/app_process
D/WifiStateMachine(  922): handleMessage: E msg.what=131215
D/WifiStateMachine(  922): processMsg: ConnectedState
D/WifiStateMachine(  922): processMsg: L2ConnectedState
D/WifiStateMachine(  922): processMsg: ConnectModeState
D/WifiStateMachine(  922): processMsg: DriverStartedState
D/WifiStateMachine(  922): processMsg: SupplicantStartedState
D/WifiStateMachine(  922): processMsg: DefaultState
D/WifiStateMachine(  922): handleMessage: X
D/WifiStateMachine(  922): handleMessage: E msg.what=151572
D/WifiStateMachine(  922): processMsg: ConnectedState
D/WifiStateMachine(  922): processMsg: L2ConnectedState
D/WifiStateMachine(  922): handleMessage: X
D/WifiWatchdogStateMachine(  922): Fetch RSSI succeed, rssi=-67 mrssi=-67 txbad=218 txgood=7136
D/WifiStateMachine(  922): handleMessage: E msg.what=151572
D/WifiStateMachine(  922): processMsg: ConnectedState
D/WifiStateMachine(  922): processMsg: L2ConnectedState
D/WifiStateMachine(  922): handleMessage: X
D/WifiWatchdogStateMachine(  922): Fetch RSSI succeed, rssi=-67 mrssi=-67 txbad=218 txgood=7136
D/WifiStateMachine(  922): handleMessage: E msg.what=131155
D/WifiStateMachine(  922): processMsg: ConnectedState
D/WifiStateMachine(  922): processMsg: L2ConnectedState
D/WifiStateMachine(  922): handleMessage: X
V/AlarmManager(  922): sending alarm Alarm{42c62940 type 3 android}
I/SFPerfTracer(  290):      triggers: (rate: 0:103) (2245607 sw vsyncs) (0 skipped) (94:668644 vsyncs) (96:2975492)
D/WifiStateMachine(  922): handleMessage: E msg.what=151572
D/WifiStateMachine(  922): processMsg: ConnectedState
D/WifiStateMachine(  922): processMsg: L2ConnectedState
D/WifiStateMachine(  922): handleMessage: X
D/WifiWatchdogStateMachine(  922): Fetch RSSI succeed, rssi=-67 mrssi=-67 txbad=218 txgood=7136
D/ImageView3DMsgHandler( 1482): start onHandleMessage : 4
D/ImageView3DMsgHandler( 1482): start  decodeStream 
D/ImageView3DMsgHandler( 1482): end  decodeStream 
D/ImageView3DMsgHandler( 1482): end onHandleMessage : 4
D/WifiStateMachine(  922): addressUpdated: 2605:e000:4ec5:d700:f6f1:e1ff:fe55:3a38/64 on wlan0 flags 0 scope 0
I/QCNEA   : |NIMS| (  922): getaddrinfo: hostname 2605:e000:4ec5:d700:f6f1:e1ff:fe55:3a38 servname NULL numeric 4 appname /system/bin/app_process
D/WifiStateMachine(  922): handleMessage: E msg.what=131215
D/WifiStateMachine(  922): processMsg: ConnectedState
D/WifiStateMachine(  922): processMsg: L2ConnectedState
D/WifiStateMachine(  922): processMsg: ConnectModeState
D/WifiStateMachine(  922): processMsg: DriverStartedState
D/WifiStateMachine(  922): processMsg: SupplicantStartedState
D/WifiStateMachine(  922): processMsg: DefaultState
D/WifiStateMachine(  922): handleMessage: X
D/WifiStateMachine(  922): addressUpdated: 2605:e000:4ec5:d700:e86f:efd2:ba8f:cadc/64 on wlan0 flags 1 scope 0
I/QCNEA   : |NIMS| (  922): getaddrinfo: hostname 2605:e000:4ec5:d700:e86f:efd2:ba8f:cadc servname NULL numeric 4 appname /system/bin/app_process
D/WifiStateMachine(  922): handleMessage: E msg.what=131215
D/WifiStateMachine(  922): processMsg: ConnectedState
D/WifiStateMachine(  922): processMsg: L2ConnectedState
D/WifiStateMachine(  922): processMsg: ConnectModeState
D/WifiStateMachine(  922): processMsg: DriverStartedState
D/WifiStateMachine(  922): processMsg: SupplicantStartedState
D/WifiStateMachine(  922): processMsg: DefaultState
D/WifiStateMachine(  922): handleMessage: X
D/WifiStateMachine(  922): handleMessage: E msg.what=151572
D/WifiStateMachine(  922): processMsg: ConnectedState
D/WifiStateMachine(  922): processMsg: L2ConnectedState
D/WifiStateMachine(  922): handleMessage: X
D/WifiWatchdogStateMachine(  922): Fetch RSSI succeed, rssi=-67 mrssi=-67 txbad=218 txgood=7136
D/WifiStateMachine(  922): handleMessage: E msg.what=151572
D/WifiStateMachine(  922): processMsg: ConnectedState
D/WifiStateMachine(  922): processMsg: L2ConnectedState
D/WifiStateMachine(  922): handleMessage: X
D/WifiWatchdogStateMachine(  922): Fetch RSSI succeed, rssi=-67 mrssi=-67 txbad=218 txgood=7136
D/WifiStateMachine(  922): handleMessage: E msg.what=131155
D/WifiStateMachine(  922): processMsg: ConnectedState
D/WifiStateMachine(  922): processMsg: L2ConnectedState
D/WifiStateMachine(  922): handleMessage: X
V/TransactionSettings( 2186): retrieveApn, num APNs found=32
V/TransactionSettings( 2186): entry=1, name=CdmaNai, mcc=311, mnc=480, mmsc=http://mms.vtext.com/servlets/mms, mmsproxy=null, mmsport=null, type=default,mms,hipri,dun,stdhipri,supl, class=null, bearer=6, protocol=IPV4V6
V/TransactionSettings( 2186): entry=2, name=VZW800, mcc=311, mnc=480, mmsc=null, mmsproxy=null, mmsport=null, type=vzw800, class=5, bearer=13, protocol=IPV4V6
V/TransactionSettings( 2186): entry=3, name=VZW800, mcc=311, mnc=480, mmsc=null, mmsproxy=null, mmsport=null, type=vzw800, class=5, bearer=14, protocol=IPV4V6
V/TransactionSettings( 2186): entry=4, name=VZWADMIN, mcc=311, mnc=480, mmsc=null, mmsproxy=null, mmsport=null, type=fota, class=2, bearer=1, protocol=IPV4V6
V/TransactionSettings( 2186): entry=5, name=VZWADMIN, mcc=311, mnc=480, mmsc=null, mmsproxy=null, mmsport=null, type=fota, class=2, bearer=2, protocol=IPV4V6
V/TransactionSettings( 2186): entry=6, name=VZWADMIN, mcc=311, mnc=480, mmsc=null, mmsproxy=null, mmsport=null, type=fota, class=2, bearer=3, protocol=IPV4V6
V/TransactionSettings( 2186): entry=7, name=VZWADMIN, mcc=311, mnc=480, mmsc=null, mmsproxy=null, mmsport=null, type=fota, class=2, bearer=9, protocol=IPV4V6
V/TransactionSettings( 2186): entry=8, name=VZWADMIN, mcc=311, mnc=480, mmsc=null, mmsproxy=null, mmsport=null, type=fota, class=2, bearer=10, protocol=IPV4V6
V/TransactionSettings( 2186): entry=9, name=VZWADMIN, mcc=311, mnc=480, mmsc=null, mmsproxy=null, mmsport=null, type=fota, class=2, bearer=11, protocol=IPV4V6
V/TransactionSettings( 2186): entry=10, name=VZWADMIN, mcc=311, mnc=480, mmsc=null, mmsproxy=null, mmsport=null, type=fota, class=2, bearer=13, protocol=IPV4V6
V/TransactionSettings( 2186): entry=11, name=VZWADMIN, mcc=311, mnc=480, mmsc=null, mmsproxy=null, mmsport=null, type=fota, class=2, bearer=14, protocol=IPV4V6
V/TransactionSettings( 2186): entry=12, name=VZWADMIN, mcc=311, mnc=480, mmsc=null, mmsproxy=null, mmsport=null, type=fota, class=2, bearer=15, protocol=IPV4V6
V/TransactionSettings( 2186): entry=13, name=VZWAPP, mcc=311, mnc=480, mmsc=http://mms.vtext.com/servlets/mms, mmsproxy=null, mmsport=null, type=cbs,hipri,mms, class=4, bearer=1, protocol=IPV4V6
V/TransactionSettings( 2186): entry=14, name=VZWAPP, mcc=311, mnc=480, mmsc=http://mms.vtext.com/servlets/mms, mmsproxy=null, mmsport=null, type=cbs,hipri,mms, class=4, bearer=2, protocol=IPV4V6
V/TransactionSettings( 2186): entry=15, name=VZWAPP, mcc=311, mnc=480, mmsc=http://mms.vtext.com/servlets/mms, mmsproxy=null, mmsport=null, type=cbs,hipri,mms, class=4, bearer=3, protocol=IPV4V6
V/TransactionSettings( 2186): entry=16, name=VZWAPP, mcc=311, mnc=480, mmsc=http://mms.vtext.com/servlets/mms, mmsproxy=null, mmsport=null, type=cbs,hipri,mms, class=4, bearer=9, protocol=IPV4V6
V/TransactionSettings( 2186): entry=17, name=VZWAPP, mcc=311, mnc=480, mmsc=http://mms.vtext.com/servlets/mms, mmsproxy=null, mmsport=null, type=cbs,hipri,mms, class=4, bearer=10, protocol=IPV4V6
V/TransactionSettings( 2186): entry=18, name=VZWAPP, mcc=311, mnc=480, mmsc=http://mms.vtext.com/servlets/mms, mmsproxy=null, mmsport=null, type=cbs,hipri,mms, class=4, bearer=11, protocol=IPV4V6
V/TransactionSettings( 2186): entry=19, name=VZWAPP, mcc=311, mnc=480, mmsc=http://mms.vtext.com/servlets/mms, mmsproxy=null, mmsport=null, type=cbs,hipri,mms, class=4, bearer=13, protocol=IPV4V6
V/TransactionSettings( 2186): entry=20, name=VZWAPP, mcc=311, mnc=480, mmsc=http://mms.vtext.com/servlets/mms, mmsproxy=null, mmsport=null, type=cbs,hipri,mms, class=4, bearer=14, protocol=IPV4V6
V/TransactionSettings( 2186): entry=21, name=VZWAPP, mcc=311, mnc=480, mmsc=http://mms.vtext.com/servlets/mms, mmsproxy=null, mmsport=null, type=cbs,hipri,mms, class=4, bearer=15, protocol=IPV4V6
V/TransactionSettings( 2186): entry=22, name=VZWIMS, mcc=311, mnc=480, mmsc=null, mmsproxy=null, mmsport=null, type=ims, class=1, bearer=13, protocol=IPV4V6
V/TransactionSettings( 2186): entry=23, name=VZWIMS, mcc=311, mnc=480, mmsc=null, mmsproxy=null, mmsport=null, type=ims, class=1, bearer=14, protocol=IPV4V6
V/TransactionSettings( 2186): entry=24, name=VZWINTERNET, mcc=311, mnc=480, mmsc=http://mms.vtext.com/servlets/mms, mmsproxy=null, mmsport=null, type=default,dun,stdhipri, class=3, bearer=1, protocol=IPV4V6
V/TransactionSettings( 2186): entry=25, name=VZWINTERNET, mcc=311, mnc=480, mmsc=http://mms.vtext.com/servlets/mms, mmsproxy=null, mmsport=null, type=default,dun,stdhipri, class=3, bearer=2, protocol=IPV4V6
V/TransactionSettings( 2186): entry=26, name=VZWINTERNET, mcc=311, mnc=480, mmsc=http://mms.vtext.com/servlets/mms, mmsproxy=null, mmsport=null, type=default,dun,stdhipri, class=3, bearer=3, protocol=IPV4V6
V/TransactionSettings( 2186): entry=27, name=VZWINTERNET, mcc=311, mnc=480, mmsc=http://mms.vtext.com/servlets/mms, mmsproxy=null, mmsport=null, type=default,dun,stdhipri, class=3, bearer=9, protocol=IPV4V6
V/TransactionSettings( 2186): entry=28, name=VZWINTERNET, mcc=311, mnc=480, mmsc=http://mms.vtext.com/servlets/mms, mmsproxy=null, mmsport=null, type=default,dun,stdhipri, class=3, bearer=10, protocol=IPV4V6
V/TransactionSettings( 2186): entry=29, name=VZWINTERNET, mcc=311, mnc=480, mmsc=http://mms.vtext.com/servlets/mms, mmsproxy=null, mmsport=null, type=default,dun,stdhipri, class=3, bearer=11, protocol=IPV4V6
V/TransactionSettings( 2186): entry=30, name=VZWINTERNET, mcc=311, mnc=480, mmsc=http://mms.vtext.com/servlets/mms, mmsproxy=null, mmsport=null, type=default,dun,stdhipri,supl, class=3, bearer=13, protocol=IPV4V6
V/TransactionSettings( 2186): entry=31, name=VZWINTERNET, mcc=311, mnc=480, mmsc=http://mms.vtext.com/servlets/mms, mmsproxy=null, mmsport=null, type=default,dun,stdhipri,supl, class=3, bearer=14, protocol=IPV4V6
V/TransactionSettings( 2186): entry=32, name=VZWINTERNET, mcc=311, mnc=480, mmsc=http://mms.vtext.com/servlets/mms, mmsproxy=null, mmsport=null, type=default,dun,stdhipri, class=3, bearer=15, protocol=IPV4V6
W/ApplicationInfoUtils(  922): CompareAnySignature, Signature Mismatch
I/SFPerfTracer(  290):      triggers: (rate: 0:103) (2245607 sw vsyncs) (0 skipped) (53:668781 vsyncs) (55:2975635)
I/TransactionService( 2186): MMS-STATUS - No more transactions, release MMS connection
W/ApplicationInfoUtils(  922): CompareAnySignature, Signature Mismatch
D/WifiStateMachine(  922): handleMessage: E msg.what=151572
D/WifiStateMachine(  922): processMsg: ConnectedState
D/WifiStateMachine(  922): processMsg: L2ConnectedState
D/WifiStateMachine(  922): handleMessage: X
D/WifiWatchdogStateMachine(  922): Fetch RSSI succeed, rssi=-67 mrssi=-67 txbad=218 txgood=7136
D/WifiStateMachine(  922): addressUpdated: 2605:e000:4ec5:d700:f6f1:e1ff:fe55:3a38/64 on wlan0 flags 0 scope 0
I/QCNEA   : |NIMS| (  922): getaddrinfo: hostname 2605:e000:4ec5:d700:f6f1:e1ff:fe55:3a38 servname NULL numeric 4 appname /system/bin/app_process
D/WifiStateMachine(  922): handleMessage: E msg.what=131215
D/WifiStateMachine(  922): processMsg: ConnectedState
D/WifiStateMachine(  922): processMsg: L2ConnectedState
D/WifiStateMachine(  922): processMsg: ConnectModeState
D/WifiStateMachine(  922): processMsg: DriverStartedState
D/WifiStateMachine(  922): processMsg: SupplicantStartedState
D/WifiStateMachine(  922): processMsg: DefaultState
D/WifiStateMachine(  922): handleMessage: X
D/WifiStateMachine(  922): addressUpdated: 2605:e000:4ec5:d700:e86f:efd2:ba8f:cadc/64 on wlan0 flags 1 scope 0
I/QCNEA   : |NIMS| (  922): getaddrinfo: hostname 2605:e000:4ec5:d700:e86f:efd2:ba8f:cadc servname NULL numeric 4 appname /system/bin/app_process
D/WifiStateMachine(  922): handleMessage: E msg.what=131215
D/WifiStateMachine(  922): processMsg: ConnectedState
D/WifiStateMachine(  922): processMsg: L2ConnectedState
D/WifiStateMachine(  922): processMsg: ConnectModeState
D/WifiStateMachine(  922): processMsg: DriverStartedState
D/WifiStateMachine(  922): processMsg: SupplicantStartedState
D/WifiStateMachine(  922): processMsg: DefaultState
D/WifiStateMachine(  922): handleMessage: X
D/WifiStateMachine(  922): handleMessage: E msg.what=151572
D/WifiStateMachine(  922): processMsg: ConnectedState
D/WifiStateMachine(  922): processMsg: L2ConnectedState
D/WifiStateMachine(  922): handleMessage: X
D/WifiWatchdogStateMachine(  922): Fetch RSSI succeed, rssi=-67 mrssi=-67 txbad=218 txgood=7136
I/PowerManagerService(  922): Going to sleep due to screen timeout...
I/qdlights(  922): BTN: color=0xff000000, value=0, mode=user, override=0
D/SurfaceFlinger(  290): Screen released, type=0 flinger=0xb76954e0
I/SFPerfTracer(  290):      triggers: (rate: 0:103) (2245607 sw vsyncs) (0 skipped) (150:668931 vsyncs) (152:2975787)
D/qdhwcomposer(  290): hwc_blank: Blanking display: 0
D/WifiStateMachine(  922): handleMessage: E msg.what=151572
D/WifiStateMachine(  922): processMsg: ConnectedState
D/WifiStateMachine(  922): processMsg: L2ConnectedState
D/WifiStateMachine(  922): handleMessage: X
D/WifiWatchdogStateMachine(  922): Fetch RSSI succeed, rssi=-67 mrssi=-67 txbad=218 txgood=7136
D/qdhwcomposer(  290): hwc_blank: Done blanking display: 0
D/SurfaceControl(  922): Excessive delay in blankDisplay() while turning screen off: 187ms
E/Mot8960 PowerHAL(  922): Error opening /sys/devices/system/cpu/cpufreq/interactive/target_load: Permission denied
I/SFPerfTracer(  290):      triggers: (rate: 2:36) (0 sw vsyncs) (0 skipped) (23:183568 vsyncs) (25:248614)
I/SFPerfTracer(  290):      triggers: (rate: 100:2308) (compose: 0:49) (post: 0:222) (render: 0:206) (23:88801 frames) (24:248532)
D/SFPerfTracer(  290):        layers: (3:11) (DimLayer: 0:279)* (DimLayer: 0:6)* (FocusedStackFrame: 0:2445)* (StatusBar: 1:34418) (NavigationBar: 0:2470)* (com.android.systemui.ImageWallpaper: 0:4595)* (DimLayer: 0:1787)* (DimLayer: 0:418)* (Application Error: org.gameplay3d.sample_browser: 0:69)* (com.motorola.motlauncher/com.android.launcher2.Launcher: 0:28) (ElectronBeam: 24:26) 
I/qdlights(  922): BTN: color=0x00000000, value=0, mode=user, override=0
W/Launcher( 1482): updateWallpaperVisibility() visible=true
W/ContextImpl( 1388): Calling a method in the system process without a qualified user: android.app.ContextImpl.sendBroadcast:1280 android.content.ContextWrapper.sendBroadcast:365 com.motorola.motocare.util.TriggerHelper$TriggerBuilder.send:76 com.motorola.motocare.internal.frameworkevents.PauseResumeTrigger.handleFrameworkEvent:53 com.motorola.motocare.internal.frameworkevents.FwEventMonitor$FrameworkListener.processFrameworkEvent:114 
I/LaunchCheckinHandler(  922): cleanup(): cleared. Last call was 61689 ms ago
D/ImageWallpaper( 1195): onOffsetsChanged: xOffset=0.0, yOffset=0.0, xOffsetStep=0.0, yOffsetStep=0.0, xPixels=0, yPixels=0
D/ImageWallpaper( 1195): Suppressed drawFrame since redraw is not needed and offsets have not changed.
D/ImageWallpaper( 1195): onVisibilityChanged: mVisible, visible=false, true
D/ImageWallpaper( 1195): Visibility changed to visible=true
D/ImageWallpaper( 1195): Suppressed drawFrame since redraw is not needed and offsets have not changed.
V/Aon_PartialDisplayLib( 1682): nativeReadStatusRegister()
D/AonServiceQuick( 1682): doUpdateBreathing: incoming[false]
V/Aon_PartialDisplayLib( 1682): ENTER nativeEnableBreathing()
V/Aon_PartialDisplayLib( 1682): nativeReadStatusRegister()
D/dalvikvm( 1682): GC_FOR_ALLOC freed 448K, 34% free 11425K/17192K, paused 14ms, total 15ms
V/Aon_QuickDrawLib( 1682): nativePassBuffer() buffer_id=0
V/Aon_QuickDrawLib( 1682): nativePassBuffer()  bitmap w:720 h:1280
V/Aon_QuickDrawLib( 1682): allocateIonBuffer() id=0 width=720 height=1280
V/Aon_QuickDrawLib( 1682): allocateIonBuffer() Success. Returning valid ionMemBuff 
V/Aon_QuickDrawLib( 1682): nativePassBuffer() MSMFB_QUICKDRAW_LOCK_BUFFER for 0
V/Aon_QuickDrawLib( 1682): nativePassBuffer() MSMFB_QUICKDRAW_UNLOCK_BUFFER for 0
D/Aon_ControlRegister( 1682): PanelControllerVersion[6] PanelControllerDriverVersion[146]
V/Aon_PartialDisplayLib( 1682): ENTER nativeSetPosixTime()
D/Aon_Register( 1682): write: ISensorhubService[com.motorola.slpc.ISensorhubService$Stub$Proxy@422963d0]
D/Aon_ControlRegister( 1682): control_regsiter_data[201]
D/WifiStateMachine(  922): handleMessage: E msg.what=131155
D/WifiStateMachine(  922): processMsg: ConnectedState
D/WifiStateMachine(  922): processMsg: L2ConnectedState
W/ContextImpl(  922): Calling a method in the system process without a qualified user: android.app.ContextImpl.sendBroadcast:1280 com.motorola.internal.widget.GestureSharingTouchManager.handleScreenOff:155 com.motorola.internal.widget.GestureSharingTouchManager.access$100:25 com.motorola.internal.widget.GestureSharingTouchManager$2.onReceive:68 android.app.LoadedApk$ReceiverDispatcher$Args.run:768 
D/WifiStateMachine(  922): handleMessage: X
D/WifiStateMachine(  922): handleScreenStateChanged: false
D/WifiStateMachine(  922): handleMessage: E msg.what=131154
D/WifiStateMachine(  922): processMsg: ConnectedState
D/WifiStateMachine(  922): processMsg: L2ConnectedState
D/WifiStateMachine(  922): handleMessage: X
D/WifiStateMachine(  922): handleMessage: E msg.what=131163
D/WifiStateMachine(  922): processMsg: ConnectedState
D/WifiStateMachine(  922): processMsg: L2ConnectedState
D/WifiStateMachine(  922): processMsg: ConnectModeState
D/WifiStateMachine(  922): processMsg: DriverStartedState
D/WifiStateMachine(  922): processMsg: SupplicantStartedState
D/WifiStateMachine(  922): processMsg: DefaultState
D/WifiStateMachine(  922): handleMessage: X
D/WifiStateMachine(  922): handleMessage: E msg.what=131158
D/WifiStateMachine(  922): processMsg: ConnectedState
D/WifiStateMachine(  922): processMsg: L2ConnectedState
D/WifiStateMachine(  922): processMsg: ConnectModeState
D/WifiStateMachine(  922): processMsg: DriverStartedState
D/WifiStateMachine(  922): setSuspendOptimizationsNative: 4 true
D/WirelessDisplayService( 1162): onReceive() action android.intent.action.SCREEN_OFF
D/ALSADevice(  293): Disabling headset polling mode
D/ALSADevice(  293): setMixerControl:: name TPA6165 POLL ACC DET value 0 index 0
E/audio_a2dp_hw(  293): adev_set_parameters: ERROR: set param called even when stream out is null
D/mot_vr_audio_hw(  293): adev_set_parameters: screen_state=off
D/Aon_ControlRegister( 1682): Control Regiter dump:69 26 B3 68 01 1F 01 F0 03 62 01 E0 03 7E 01 C4 03 9A 01 A8 03 AE 03 64 01 F0 03 80 01 E0 03 9C 01 C2 03 B0 01 A6 02 04 00 B4 0C 0C 0C 0C 0C 0C 0C 0C 12 12 12 12 12 12 18 18 18 18 18 18 18 18 18 1E 1E 28 28 32 32 32 32 32 32 32 32 28 28 1E 1E 18 18 18 18 18 18 18 18 18 12 12 12 12 12 12 0C 0C 0C 0C 0C 0C 0C 0C 01 F0 03 62 01 F0 03 7E 01 F0 03 9A 01 F0 03 AE 03 64 04 38 03 80 04 38 03 9C 04 38 03 B0 04 38 00 00 72 04 06 06 06 14 0A 0A 01 05 00 03 03 20 01 0C 02 94 01 1C 00 07 28 10 1C 4C 25 2C 8E 1C 39 28 01 0A 22 10 45 16 6D 1C 0F 27 E6 1C 33 2A 0A 00 A0 22 1D 6A 0A 39 A4 22 50 60 0C 05 06 92 01 
D/Aon_Register( 1682): write_register_cmd_data[4]
D/Aon_Register( 1682): write: Command data dump:00 0D 00 C9 
W/NfcService( 1443): applyRouting() cannot config! isNfcEnabled(): false
D/Aon_Register( 1682): control register written to SH
V/Aon_PartialDisplayLib( 1682): ENTER nativeEnableBreathing()
D/PhoneStatusBar( 1195): makeExpandedInvisible: mExpandedVisible=false
D/ImageWallpaper( 1195): onVisibilityChanged: mVisible, visible=true, false
D/ImageWallpaper( 1195): Visibility changed to visible=false
D/ImageWallpaper( 1195): Suppressed drawFrame since redraw is not needed and offsets have not changed.
D/WifiStateMachine(  922): handleMessage: X
D/dalvikvm( 1682): GC_CONCURRENT freed 1921K, 34% free 11425K/17192K, paused 2ms+2ms, total 19ms
W/Launcher( 1482): updateWallpaperVisibility() visible=true
D/WifiWatchdogStateMachine(  922): OnlineState
I/Metrics:BatchTransmitte(12796): QueuePusher.sendBatches - Drained batch queue.; Number of NORMAL queue batches sent: 0
W/ContextImpl( 1388): Calling a method in the system process without a qualified user: android.app.ContextImpl.startService:1636 android.content.ContextWrapper.startService:494 android.content.ContextWrapper.startService:494 com.motorola.motocare.internal.batterystats.BatteryStatsAction.onReceive:33 android.app.ActivityThread.handleReceiver:2434 
D/dalvikvm( 1388): GC_CONCURRENT freed 2010K, 44% free 9735K/17192K, paused 1ms+3ms, total 23ms
D/dalvikvm( 2810): GC_CONCURRENT freed 1952K, 45% free 9589K/17192K, paused 3ms+2ms, total 24ms
D/WifiStateMachine(  922): handleMessage: E msg.what=131155
D/WifiStateMachine(  922): processMsg: ConnectedState
D/WifiStateMachine(  922): processMsg: L2ConnectedState
D/WifiStateMachine(  922): handleMessage: X
V/AlarmManager(  922): sending alarm Alarm{4335a998 type 2 com.facebook.katana}
V/AlarmManager(  922): sending alarm Alarm{43370508 type 2 com.android.keyguard}
V/AlarmManager(  922): sending alarm Alarm{43370558 type 0 com.facebook.katana}
V/KeyguardHostView( 1195): Initial transport state: 0, pbstate=2
D/KeyguardHostView( 1195): showSecurityScreen(None)
D/KeyguardHostView( 1195): getSecurityView(Invalid)
D/KeyguardHostView( 1195): getSecurityView(None)
V/KeyguardHostView( 1195): hide transport, gen:531
V/KeyguardHostView( 1195): music state changed: 2
D/KeyguardHostView( 1195): showSecurityScreen(None)
V/KeyguardHostView( 1195): Initial transport state: 0, pbstate=2
D/KeyguardHostView( 1195): showSecurityScreen(None)
D/KeyguardHostView( 1195): getSecurityView(Invalid)
D/KeyguardHostView( 1195): getSecurityView(None)
V/KeyguardHostView( 1195): hide transport, gen:531
V/KeyguardHostView( 1195): music state changed: 2
D/PhoneStatusBar( 1195): animateCollapse(): mExpandedVisible=false flags=0
V/PanelView( 1195): com.android.systemui:id/notification_panel: setExpandedHeight(0.0)
V/PanelBar( 1195): collapseAllPanels: animate=true waiting=false
D/PhoneStatusBar( 1195): disable: < expand icons alerts ticker system_info BACK* HOME* RECENT* CLOCK* search >
D/PhoneStatusBar( 1195): TSB: disable state is 31457280
D/PhoneStatusBar( 1195): TSB: before put disable state to DB
W/View    ( 1195): requestLayout() improperly called by android.widget.TextClock{42307fd8 V.ED.... ......ID 148,0-440,213 #7f0a004a app:id/clock_view} during layout: running second layout pass
W/View    ( 1195): requestLayout() improperly called by android.widget.TextClock{422a80e0 V.ED.... ......ID 206,0-382,38 #7f0a004f app:id/date_view} during layout: running second layout pass
D/WindowManager(  922): TSB: updateSettings
D/WindowManager(  922): TSB: mTSBDisableFlags updated to 31457280
W/Launcher( 1482): updateWallpaperVisibility() visible=true
D/dalvikvm(25470): GC_CONCURRENT freed 2094K, 14% free 15804K/18244K, paused 6ms+5ms, total 71ms
D/dalvikvm(25470): WAIT_FOR_CONCURRENT_GC blocked 61ms
D/dalvikvm(25470): GC_FOR_ALLOC freed 142K, 14% free 15733K/18244K, paused 50ms, total 50ms
D/dalvikvm(25470): GC_FOR_ALLOC freed 105K, 14% free 15773K/18244K, paused 49ms, total 49ms
D/dalvikvm(25470): GC_FOR_ALLOC freed 70K, 14% free 15772K/18244K, paused 49ms, total 49ms
D/dalvikvm(25470): GC_FOR_ALLOC freed 70K, 14% free 15808K/18244K, paused 47ms, total 47ms
D/dalvikvm(25470): GC_FOR_ALLOC freed 105K, 14% free 15772K/18244K, paused 48ms, total 49ms
